Archive member included to satisfy reference by file (symbol)

/home/neu/Desktop/export-ta_arm64/lib/libutils.a(stack_check.o)
                              ./secure_storage_ta.o (__stack_chk_fail)
/home/neu/Desktop/export-ta_arm64/lib/libutils.a(trace.o)
                              ./secure_storage_ta.o (trace_printf)
/home/neu/Desktop/export-ta_arm64/lib/libutils.a(memcpy.o)
                              /home/neu/Desktop/export-ta_arm64/lib/libutils.a(trace.o) (memcpy)
/home/neu/Desktop/export-ta_arm64/lib/libutils.a(snprintk.o)
                              /home/neu/Desktop/export-ta_arm64/lib/libutils.a(trace.o) (vsnprintk)
/home/neu/Desktop/export-ta_arm64/lib/libutils.a(memchr.o)
                              /home/neu/Desktop/export-ta_arm64/lib/libutils.a(snprintk.o) (memchr)
/home/neu/Desktop/export-ta_arm64/lib/libutils.a(strlen.o)
                              /home/neu/Desktop/export-ta_arm64/lib/libutils.a(snprintk.o) (strlen)
/home/neu/Desktop/export-ta_arm64/lib/libutee.a(trace_ext.o)
                              /home/neu/Desktop/export-ta_arm64/lib/libutils.a(trace.o) (trace_ext_puts)
/home/neu/Desktop/export-ta_arm64/lib/libutee.a(tee_api.o)
                              ./secure_storage_ta.o (__GP11_TEE_MemMove)
/home/neu/Desktop/export-ta_arm64/lib/libutee.a(tee_api_objects.o)
                              ./secure_storage_ta.o (__GP11_TEE_GetObjectInfo1)
/home/neu/Desktop/export-ta_arm64/lib/libutee.a(tee_api_panic.o)
                              /home/neu/Desktop/export-ta_arm64/lib/libutee.a(tee_api.o) (TEE_Panic)
/home/neu/Desktop/export-ta_arm64/lib/libutee.a(tee_system_pta.o)
                              /home/neu/Desktop/export-ta_arm64/lib/libutee.a(tee_api.o) (tee_map_zi)
/home/neu/Desktop/export-ta_arm64/lib/libutee.a(user_ta_entry.o)
                              ./user_ta_header.o (__utee_entry)
/home/neu/Desktop/export-ta_arm64/lib/libutee.a(user_ta_entry_compat.o)
                              ./user_ta_header.o (__ta_open_sess)
/home/neu/Desktop/export-ta_arm64/lib/libutee.a(utee_syscalls_a64.o)
                              /home/neu/Desktop/export-ta_arm64/lib/libutils.a(stack_check.o) (_utee_panic)
/home/neu/Desktop/export-ta_arm64/lib/libutee.a(abort.o)
                              /home/neu/Desktop/export-ta_arm64/lib/libutee.a(user_ta_entry.o) (abort)
/home/neu/Desktop/export-ta_arm64/lib/libutee.a(tee_api_arith_mpi.o)
                              /home/neu/Desktop/export-ta_arm64/lib/libutee.a(user_ta_entry.o) (_TEE_MathAPI_Init)
/home/neu/Desktop/export-ta_arm64/lib/libutee.a(tee_api_property.o)
                              /home/neu/Desktop/export-ta_arm64/lib/libutee.a(user_ta_entry.o) (TEE_GetPropertyAsU32)
/home/neu/Desktop/export-ta_arm64/lib/libutee.a(tcb.o)
                              /home/neu/Desktop/export-ta_arm64/lib/libutee.a(user_ta_entry.o) (__utee_tcb_init)
/home/neu/Desktop/export-ta_arm64/lib/libutee.a(assert.o)
                              /home/neu/Desktop/export-ta_arm64/lib/libutee.a(tcb.o) (_assert_log)
/home/neu/Desktop/export-ta_arm64/lib/libutee.a(base64.o)
                              /home/neu/Desktop/export-ta_arm64/lib/libutee.a(tee_api_property.o) (_base64_enc_len)
/home/neu/Desktop/export-ta_arm64/lib/libmbedtls.a(bignum.o)
                              /home/neu/Desktop/export-ta_arm64/lib/libutee.a(tee_api_arith_mpi.o) (mbedtls_mpi_init_mempool)
/home/neu/Desktop/export-ta_arm64/lib/libmbedtls.a(constant_time.o)
                              /home/neu/Desktop/export-ta_arm64/lib/libmbedtls.a(bignum.o) (mbedtls_ct_size_bool_eq)
/home/neu/Desktop/export-ta_arm64/lib/libmbedtls.a(platform_util.o)
                              /home/neu/Desktop/export-ta_arm64/lib/libmbedtls.a(bignum.o) (mbedtls_platform_zeroize)
/home/neu/Desktop/export-ta_arm64/lib/libutils.a(bget_malloc.o)
                              /home/neu/Desktop/export-ta_arm64/lib/libutee.a(tee_api.o) (raw_malloc)
/home/neu/Desktop/export-ta_arm64/lib/libutils.a(snprintf.o)
                              /home/neu/Desktop/export-ta_arm64/lib/libutee.a(tee_api_property.o) (snprintf)
/home/neu/Desktop/export-ta_arm64/lib/libutils.a(memmove.o)
                              /home/neu/Desktop/export-ta_arm64/lib/libutee.a(tee_api.o) (memmove)
/home/neu/Desktop/export-ta_arm64/lib/libutils.a(memset.o)
                              /home/neu/Desktop/export-ta_arm64/lib/libutee.a(tee_api.o) (memset)
/home/neu/Desktop/export-ta_arm64/lib/libutils.a(strcmp.o)
                              /home/neu/Desktop/export-ta_arm64/lib/libutee.a(tee_api_property.o) (strcmp)
/home/neu/Desktop/export-ta_arm64/lib/libutils.a(strlcpy.o)
                              /home/neu/Desktop/export-ta_arm64/lib/libutee.a(tee_api_property.o) (strlcpy)
/home/neu/Desktop/export-ta_arm64/lib/libutils.a(mempool.o)
                              /home/neu/Desktop/export-ta_arm64/lib/libutee.a(tee_api_arith_mpi.o) (mempool_alloc_pool)
[...]
Memory Configuration

Name             Origin             Length             Attributes
*default*        0x0000000000000000 0xffffffffffffffff

Linker script and memory map


.ta_head        0x0000000000000000       0x20
 *(SORT_BY_ALIGNMENT(.ta_head))
 .ta_head       0x0000000000000000       0x20 ./user_ta_header.o
                0x0000000000000000                ta_head

.text           0x0000000000000020     0xe648
                0x0000000000000020                __text_start = .
 *(SORT_BY_ALIGNMENT(.text) SORT_BY_ALIGNMENT(.text.*))
 .text          0x0000000000000020       0xec /home/neu/Desktop/export-ta_arm64/lib/libutils.a(memcpy.o)
                0x0000000000000020                memcpy
 .text          0x000000000000010c      0x3f8 ./secure_storage_ta.o
                0x000000000000010c                TA_CreateEntryPoint
                0x0000000000000114                TA_DestroyEntryPoint
                0x0000000000000118                __GP11_TA_OpenSessionEntryPoint
                0x0000000000000120                TA_CloseSessionEntryPoint
                0x0000000000000124                __GP11_TA_InvokeCommandEntryPoint
 .text          0x0000000000000504       0x34 ./user_ta_header.o
                0x0000000000000504                __ta_entry
                0x0000000000000518                tahead_get_trace_level
                0x0000000000000520                TA_OpenSessionEntryPoint
                0x000000000000052c                TA_InvokeCommandEntryPoint
 .text          0x0000000000000538       0x30 /home/neu/Desktop/export-ta_arm64/lib/libutils.a(stack_check.o)
                0x0000000000000538                __stack_chk_fail
 .text          0x0000000000000568      0x32c /home/neu/Desktop/export-ta_arm64/lib/libutils.a(trace.o)
                0x0000000000000568                trace_set_level
                0x0000000000000584                trace_get_level
                0x0000000000000594                trace_vprintf
                0x00000000000007b0                trace_printf
                0x0000000000000890                dhex_dump
 .text          0x0000000000000894      0xe10 /home/neu/Desktop/export-ta_arm64/lib/libutils.a(snprintk.o)
                0x0000000000000894                __vsnprintf
                0x0000000000000954                vsnprintk
                0x00000000000009ac                snprintk
                0x0000000000001658                __vsprintf
 .text          0x00000000000016a4       0x2c /home/neu/Desktop/export-ta_arm64/lib/libutils.a(memchr.o)
                0x00000000000016a4                memchr
 .text          0x00000000000016d0       0x1c /home/neu/Desktop/export-ta_arm64/lib/libutils.a(strlen.o)
                0x00000000000016d0                strlen
 .text          0x00000000000016ec      0x1e0 /home/neu/Desktop/export-ta_arm64/lib/libutee.a(trace_ext.o)
                0x00000000000016ec                trace_ext_puts
                0x0000000000001714                trace_ext_get_thread_id
                0x000000000000171c                printf
                0x000000000000181c                puts
                0x000000000000185c                putchar
 .text          0x00000000000018cc     0x10c0 /home/neu/Desktop/export-ta_arm64/lib/libutee.a(tee_api.o)
                0x0000000000001c7c                TEE_CloseTASession
                0x0000000000001ca4                TEE_GetCancellationFlag
                0x0000000000001d04                TEE_UnmaskCancellation
                0x0000000000001d64                TEE_MaskCancellation
                0x0000000000001dc4                TEE_CheckMemoryAccessRights
                0x0000000000001fe8                TEE_OpenTASession
                0x000000000000213c                __GP11_TEE_OpenTASession
                0x0000000000002284                TEE_InvokeTACommand
                0x0000000000002408                __GP11_TEE_InvokeTACommand
                0x0000000000002580                __GP11_TEE_CheckMemoryAccessRights
                0x0000000000002588                TEE_SetInstanceData
                0x0000000000002594                TEE_GetInstanceData
                0x00000000000025a0                TEE_MemMove
                0x00000000000025a4                __GP11_TEE_MemMove
                0x00000000000025ac                TEE_MemCompare
                0x00000000000025b0                __GP11_TEE_MemCompare
                0x00000000000025b8                TEE_MemFill
                0x00000000000025bc                __GP11_TEE_MemFill
                0x00000000000025c4                TEE_GetSystemTime
                0x00000000000025ec                TEE_Wait
                0x0000000000002628                TEE_GetTAPersistentTime
                0x000000000000269c                TEE_SetTAPersistentTime
                0x00000000000026e0                TEE_GetREETime
                0x0000000000002708                TEE_Malloc
                0x000000000000282c                __GP11_TEE_Malloc
                0x0000000000002834                TEE_Free
                0x0000000000002894                TEE_Realloc
                0x000000000000296c                __GP11_TEE_Realloc
                0x0000000000002974                TEE_CacheClean
                0x000000000000297c                TEE_CacheFlush
                0x0000000000002984                TEE_CacheInvalidate
 .text          0x000000000000298c     0x1a38 /home/neu/Desktop/export-ta_arm64/lib/libutee.a(tee_api_objects.o)
                0x000000000000298c                __utee_from_attr
                0x00000000000029dc                __utee_from_gp11_attr
                0x0000000000002a2c                TEE_GetObjectInfo
                0x0000000000002ae8                __GP11_TEE_GetObjectInfo
                0x0000000000002bac                TEE_GetObjectInfo1
                0x0000000000002c5c                __GP11_TEE_GetObjectInfo1
                0x0000000000002d1c                TEE_RestrictObjectUsage1
                0x0000000000002d60                TEE_RestrictObjectUsage
                0x0000000000002df0                TEE_GetObjectBufferAttribute
                0x0000000000002ef4                __GP11_TEE_GetObjectBufferAttribute
                0x0000000000002f8c                TEE_GetObjectValueAttribute
                0x00000000000030c4                TEE_CloseObject
                0x00000000000030ec                __GP11_TEE_AllocateTransientObject
                0x00000000000031a0                TEE_AllocateTransientObject
                0x00000000000031bc                TEE_FreeTransientObject
                0x000000000000324c                TEE_ResetTransientObject
                0x00000000000032dc                TEE_PopulateTransientObject
                0x00000000000033ec                __GP11_TEE_PopulateTransientObject
                0x00000000000034fc                TEE_InitRefAttribute
                0x0000000000003548                __GP11_TEE_InitRefAttribute
                0x0000000000003598                TEE_InitValueAttribute
                0x00000000000035e4                __GP11_TEE_InitValueAttribute
                0x0000000000003630                TEE_CopyObjectAttributes1
                0x0000000000003728                TEE_CopyObjectAttributes
                0x00000000000037bc                TEE_GenerateKey
                0x0000000000003890                __GP11_TEE_GenerateKey
                0x0000000000003964                TEE_OpenPersistentObject
                0x0000000000003a48                __GP11_TEE_OpenPersistentObject
                0x0000000000003a50                TEE_CreatePersistentObject
                0x0000000000003b94                __GP11_TEE_CreatePersistentObject
                0x0000000000003c10                TEE_CloseAndDeletePersistentObject1
                0x0000000000003c58                TEE_CloseAndDeletePersistentObject
                0x0000000000003c84                TEE_RenamePersistentObject
                0x0000000000003ce0                __GP11_TEE_RenamePersistentObject
                0x0000000000003ce8                TEE_AllocatePersistentObjectEnumerator
                0x0000000000003d78                TEE_FreePersistentObjectEnumerator
                0x0000000000003da0                TEE_ResetPersistentObjectEnumerator
                0x0000000000003dc8                TEE_StartPersistentObjectEnumerator
                0x0000000000003e18                TEE_GetNextPersistentObject
                0x0000000000003f34                __GP11_TEE_GetNextPersistentObject
                0x0000000000004060                TEE_ReadObjectData
                0x0000000000004128                __GP11_TEE_ReadObjectData
                0x00000000000041c0                TEE_WriteObjectData
                0x0000000000004238                __GP11_TEE_WriteObjectData
                0x0000000000004240                TEE_TruncateObjectData
                0x000000000000429c                __GP11_TEE_TruncateObjectData
                0x00000000000042a4                TEE_SeekObjectData
                0x00000000000043bc                __GP11_TEE_SeekObjectData
 .text          0x00000000000043c4      0x21c /home/neu/Desktop/export-ta_arm64/lib/libutee.a(tee_api_panic.o)
                0x00000000000043e0                TEE_Panic
                0x00000000000043f8                __utee_check_outbuf_annotation
                0x0000000000004444                __utee_check_gp11_outbuf_annotation
                0x0000000000004490                __utee_check_instring_annotation
                0x00000000000044c0                __utee_check_outstring_annotation
                0x000000000000450c                __utee_check_gp11_outstring_annotation
                0x0000000000004558                __utee_check_out_annotation
                0x0000000000004578                __utee_check_attr_in_annotation
                0x000000000000459c                __utee_check_gp11_attr_in_annotation
                0x00000000000045c0                __utee_check_inout_annotation
 .text          0x00000000000045e0      0x310 /home/neu/Desktop/export-ta_arm64/lib/libutee.a(tee_system_pta.o)
                0x0000000000004668                tee_map_zi
                0x0000000000004718                tee_unmap
                0x00000000000047e0                tee_invoke_supp_plugin
 .text          0x00000000000048f0      0x74c /home/neu/Desktop/export-ta_arm64/lib/libutee.a(user_ta_entry.o)
                0x0000000000004bb4                __utee_call_elf_init_fn
                0x0000000000004d0c                __utee_call_elf_fini_fn
                0x0000000000004db4                __utee_entry
 .text          0x000000000000503c      0x234 /home/neu/Desktop/export-ta_arm64/lib/libutee.a(user_ta_entry_compat.o)
                0x0000000000005104                __ta_open_sess
                0x00000000000051b0                __ta_invoke_cmd
 .text._utee_panic
                0x0000000000005270        0xc /home/neu/Desktop/export-ta_arm64/lib/libutee.a(utee_syscalls_a64.o)
                0x0000000000005270                _utee_panic
 .text._utee_return
                0x000000000000527c        0xc /home/neu/Desktop/export-ta_arm64/lib/libutee.a(utee_syscalls_a64.o)
                0x000000000000527c                _utee_return
 .text._utee_log
                0x0000000000005288        0xc /home/neu/Desktop/export-ta_arm64/lib/libutee.a(utee_syscalls_a64.o)
                0x0000000000005288                _utee_log
 .text.__utee_panic
                0x0000000000005294        0xc /home/neu/Desktop/export-ta_arm64/lib/libutee.a(utee_syscalls_a64.o)
                0x0000000000005294                __utee_panic
 .text._utee_get_property
                0x00000000000052a0        0xc /home/neu/Desktop/export-ta_arm64/lib/libutee.a(utee_syscalls_a64.o)
                0x00000000000052a0                _utee_get_property
 .text._utee_get_property_name_to_index
                0x00000000000052ac        0xc /home/neu/Desktop/export-ta_arm64/lib/libutee.a(utee_syscalls_a64.o)
                0x00000000000052ac                _utee_get_property_name_to_index
 .text._utee_open_ta_session
                0x00000000000052b8        0xc /home/neu/Desktop/export-ta_arm64/lib/libutee.a(utee_syscalls_a64.o)
                0x00000000000052b8                _utee_open_ta_session
 .text._utee_close_ta_session
                0x00000000000052c4        0xc /home/neu/Desktop/export-ta_arm64/lib/libutee.a(utee_syscalls_a64.o)
                0x00000000000052c4                _utee_close_ta_session
 .text._utee_invoke_ta_command
                0x00000000000052d0        0xc /home/neu/Desktop/export-ta_arm64/lib/libutee.a(utee_syscalls_a64.o)
                0x00000000000052d0                _utee_invoke_ta_command
 .text._utee_get_cancellation_flag
                0x00000000000052dc        0xc /home/neu/Desktop/export-ta_arm64/lib/libutee.a(utee_syscalls_a64.o)
                0x00000000000052dc                _utee_get_cancellation_flag
 .text._utee_check_access_rights
                0x00000000000052e8        0xc /home/neu/Desktop/export-ta_arm64/lib/libutee.a(utee_syscalls_a64.o)
                0x00000000000052e8                _utee_check_access_rights
 .text._utee_unmask_cancellation
                0x00000000000052f4        0xc /home/neu/Desktop/export-ta_arm64/lib/libutee.a(utee_syscalls_a64.o)
                0x00000000000052f4                _utee_unmask_cancellation
 .text._utee_mask_cancellation
                0x0000000000005300        0xc /home/neu/Desktop/export-ta_arm64/lib/libutee.a(utee_syscalls_a64.o)
                0x0000000000005300                _utee_mask_cancellation
 .text._utee_wait
                0x000000000000530c        0xc /home/neu/Desktop/export-ta_arm64/lib/libutee.a(utee_syscalls_a64.o)
                0x000000000000530c                _utee_wait
 .text._utee_get_time
                0x0000000000005318        0xc /home/neu/Desktop/export-ta_arm64/lib/libutee.a(utee_syscalls_a64.o)
                0x0000000000005318                _utee_get_time
 .text._utee_set_ta_time
                0x0000000000005324        0xc /home/neu/Desktop/export-ta_arm64/lib/libutee.a(utee_syscalls_a64.o)
                0x0000000000005324                _utee_set_ta_time
 .text._utee_cryp_state_alloc
                0x0000000000005330        0xc /home/neu/Desktop/export-ta_arm64/lib/libutee.a(utee_syscalls_a64.o)
                0x0000000000005330                _utee_cryp_state_alloc
 .text._utee_cryp_state_copy
                0x000000000000533c        0xc /home/neu/Desktop/export-ta_arm64/lib/libutee.a(utee_syscalls_a64.o)
                0x000000000000533c                _utee_cryp_state_copy
 .text._utee_cryp_state_free
                0x0000000000005348        0xc /home/neu/Desktop/export-ta_arm64/lib/libutee.a(utee_syscalls_a64.o)
                0x0000000000005348                _utee_cryp_state_free
 .text._utee_hash_init
                0x0000000000005354        0xc /home/neu/Desktop/export-ta_arm64/lib/libutee.a(utee_syscalls_a64.o)
                0x0000000000005354                _utee_hash_init
 .text._utee_hash_update
                0x0000000000005360        0xc /home/neu/Desktop/export-ta_arm64/lib/libutee.a(utee_syscalls_a64.o)
                0x0000000000005360                _utee_hash_update
 .text._utee_hash_final
                0x000000000000536c        0xc /home/neu/Desktop/export-ta_arm64/lib/libutee.a(utee_syscalls_a64.o)
                0x000000000000536c                _utee_hash_final
 .text._utee_cipher_init
                0x0000000000005378        0xc /home/neu/Desktop/export-ta_arm64/lib/libutee.a(utee_syscalls_a64.o)
                0x0000000000005378                _utee_cipher_init
 .text._utee_cipher_update
                0x0000000000005384        0xc /home/neu/Desktop/export-ta_arm64/lib/libutee.a(utee_syscalls_a64.o)
                0x0000000000005384                _utee_cipher_update
 .text._utee_cipher_final
                0x0000000000005390        0xc /home/neu/Desktop/export-ta_arm64/lib/libutee.a(utee_syscalls_a64.o)
                0x0000000000005390                _utee_cipher_final
 .text._utee_cryp_obj_get_info
                0x000000000000539c        0xc /home/neu/Desktop/export-ta_arm64/lib/libutee.a(utee_syscalls_a64.o)
                0x000000000000539c                _utee_cryp_obj_get_info
 .text._utee_cryp_obj_restrict_usage
                0x00000000000053a8        0xc /home/neu/Desktop/export-ta_arm64/lib/libutee.a(utee_syscalls_a64.o)
                0x00000000000053a8                _utee_cryp_obj_restrict_usage
 .text._utee_cryp_obj_get_attr
                0x00000000000053b4        0xc /home/neu/Desktop/export-ta_arm64/lib/libutee.a(utee_syscalls_a64.o)
                0x00000000000053b4                _utee_cryp_obj_get_attr
 .text._utee_cryp_obj_alloc
                0x00000000000053c0        0xc /home/neu/Desktop/export-ta_arm64/lib/libutee.a(utee_syscalls_a64.o)
                0x00000000000053c0                _utee_cryp_obj_alloc
 .text._utee_cryp_obj_close
                0x00000000000053cc        0xc /home/neu/Desktop/export-ta_arm64/lib/libutee.a(utee_syscalls_a64.o)
                0x00000000000053cc                _utee_cryp_obj_close
 .text._utee_cryp_obj_reset
                0x00000000000053d8        0xc /home/neu/Desktop/export-ta_arm64/lib/libutee.a(utee_syscalls_a64.o)
                0x00000000000053d8                _utee_cryp_obj_reset
 .text._utee_cryp_obj_populate
                0x00000000000053e4        0xc /home/neu/Desktop/export-ta_arm64/lib/libutee.a(utee_syscalls_a64.o)
                0x00000000000053e4                _utee_cryp_obj_populate
 .text._utee_cryp_obj_copy
                0x00000000000053f0        0xc /home/neu/Desktop/export-ta_arm64/lib/libutee.a(utee_syscalls_a64.o)
                0x00000000000053f0                _utee_cryp_obj_copy
 .text._utee_cryp_derive_key
                0x00000000000053fc        0xc /home/neu/Desktop/export-ta_arm64/lib/libutee.a(utee_syscalls_a64.o)
                0x00000000000053fc                _utee_cryp_derive_key
 .text._utee_cryp_random_number_generate
                0x0000000000005408        0xc /home/neu/Desktop/export-ta_arm64/lib/libutee.a(utee_syscalls_a64.o)
                0x0000000000005408                _utee_cryp_random_number_generate
 .text._utee_authenc_init
                0x0000000000005414        0xc /home/neu/Desktop/export-ta_arm64/lib/libutee.a(utee_syscalls_a64.o)
                0x0000000000005414                _utee_authenc_init
 .text._utee_authenc_update_aad
                0x0000000000005420        0xc /home/neu/Desktop/export-ta_arm64/lib/libutee.a(utee_syscalls_a64.o)
                0x0000000000005420                _utee_authenc_update_aad
 .text._utee_authenc_update_payload
                0x000000000000542c        0xc /home/neu/Desktop/export-ta_arm64/lib/libutee.a(utee_syscalls_a64.o)
                0x000000000000542c                _utee_authenc_update_payload
 .text._utee_authenc_enc_final
                0x0000000000005438        0xc /home/neu/Desktop/export-ta_arm64/lib/libutee.a(utee_syscalls_a64.o)
                0x0000000000005438                _utee_authenc_enc_final
 .text._utee_authenc_dec_final
                0x0000000000005444        0xc /home/neu/Desktop/export-ta_arm64/lib/libutee.a(utee_syscalls_a64.o)
                0x0000000000005444                _utee_authenc_dec_final
 .text._utee_asymm_operate
                0x0000000000005450        0xc /home/neu/Desktop/export-ta_arm64/lib/libutee.a(utee_syscalls_a64.o)
                0x0000000000005450                _utee_asymm_operate
 .text._utee_asymm_verify
                0x000000000000545c        0xc /home/neu/Desktop/export-ta_arm64/lib/libutee.a(utee_syscalls_a64.o)
                0x000000000000545c                _utee_asymm_verify
 .text._utee_storage_obj_open
                0x0000000000005468        0xc /home/neu/Desktop/export-ta_arm64/lib/libutee.a(utee_syscalls_a64.o)
                0x0000000000005468                _utee_storage_obj_open
 .text._utee_storage_obj_create
                0x0000000000005474        0xc /home/neu/Desktop/export-ta_arm64/lib/libutee.a(utee_syscalls_a64.o)
                0x0000000000005474                _utee_storage_obj_create
 .text._utee_storage_obj_del
                0x0000000000005480        0xc /home/neu/Desktop/export-ta_arm64/lib/libutee.a(utee_syscalls_a64.o)
                0x0000000000005480                _utee_storage_obj_del
 .text._utee_storage_obj_rename
                0x000000000000548c        0xc /home/neu/Desktop/export-ta_arm64/lib/libutee.a(utee_syscalls_a64.o)
                0x000000000000548c                _utee_storage_obj_rename
 .text._utee_storage_alloc_enum
                0x0000000000005498        0xc /home/neu/Desktop/export-ta_arm64/lib/libutee.a(utee_syscalls_a64.o)
                0x0000000000005498                _utee_storage_alloc_enum
 .text._utee_storage_free_enum
                0x00000000000054a4        0xc /home/neu/Desktop/export-ta_arm64/lib/libutee.a(utee_syscalls_a64.o)
                0x00000000000054a4                _utee_storage_free_enum
 .text._utee_storage_reset_enum
                0x00000000000054b0        0xc /home/neu/Desktop/export-ta_arm64/lib/libutee.a(utee_syscalls_a64.o)
                0x00000000000054b0                _utee_storage_reset_enum
 .text._utee_storage_start_enum
                0x00000000000054bc        0xc /home/neu/Desktop/export-ta_arm64/lib/libutee.a(utee_syscalls_a64.o)
                0x00000000000054bc                _utee_storage_start_enum
 .text._utee_storage_next_enum
                0x00000000000054c8        0xc /home/neu/Desktop/export-ta_arm64/lib/libutee.a(utee_syscalls_a64.o)
                0x00000000000054c8                _utee_storage_next_enum
 .text._utee_storage_obj_read
                0x00000000000054d4        0xc /home/neu/Desktop/export-ta_arm64/lib/libutee.a(utee_syscalls_a64.o)
                0x00000000000054d4                _utee_storage_obj_read
 .text._utee_storage_obj_write
                0x00000000000054e0        0xc /home/neu/Desktop/export-ta_arm64/lib/libutee.a(utee_syscalls_a64.o)
                0x00000000000054e0                _utee_storage_obj_write
 .text._utee_storage_obj_trunc
                0x00000000000054ec        0xc /home/neu/Desktop/export-ta_arm64/lib/libutee.a(utee_syscalls_a64.o)
                0x00000000000054ec                _utee_storage_obj_trunc
 .text._utee_storage_obj_seek
                0x00000000000054f8        0xc /home/neu/Desktop/export-ta_arm64/lib/libutee.a(utee_syscalls_a64.o)
                0x00000000000054f8                _utee_storage_obj_seek
 .text._utee_cryp_obj_generate_key
                0x0000000000005504        0xc /home/neu/Desktop/export-ta_arm64/lib/libutee.a(utee_syscalls_a64.o)
                0x0000000000005504                _utee_cryp_obj_generate_key
 .text._utee_cache_operation
                0x0000000000005510        0xc /home/neu/Desktop/export-ta_arm64/lib/libutee.a(utee_syscalls_a64.o)
                0x0000000000005510                _utee_cache_operation
 .text.unlikely
                0x000000000000551c       0x20 /home/neu/Desktop/export-ta_arm64/lib/libutee.a(abort.o)
                0x000000000000551c                abort
 .text          0x000000000000553c     0x212c /home/neu/Desktop/export-ta_arm64/lib/libutee.a(tee_api_arith_mpi.o)
                0x0000000000005da0                _TEE_MathAPI_Init
                0x0000000000005df0                TEE_BigIntInit
                0x0000000000005e50                __GP11_TEE_BigIntInit
                0x0000000000005e58                TEE_BigIntConvertFromOctetString
                0x0000000000005f20                __GP11_TEE_BigIntConvertFromOctetString
                0x0000000000005f28                TEE_BigIntConvertToOctetString
                0x0000000000005ff0                __GP11_TEE_BigIntConvertToOctetString
                0x0000000000006050                TEE_BigIntConvertFromS32
                0x0000000000006100                TEE_BigIntConvertToS32
                0x00000000000061bc                TEE_BigIntCmp
                0x0000000000006250                TEE_BigIntCmpS32
                0x000000000000649c                TEE_BigIntShiftRight
                0x000000000000663c                __GP11_TEE_BigIntShiftRight
                0x0000000000006644                TEE_BigIntGetBit
                0x00000000000066c4                TEE_BigIntGetBitCount
                0x0000000000006738                TEE_BigIntSetBit
                0x00000000000067e8                TEE_BigIntAssign
                0x0000000000006838                TEE_BigIntAbs
                0x0000000000006864                TEE_BigIntAdd
                0x0000000000006870                TEE_BigIntSub
                0x000000000000687c                TEE_BigIntNeg
                0x0000000000006960                TEE_BigIntMul
                0x0000000000006a74                TEE_BigIntSquare
                0x0000000000006a7c                TEE_BigIntDiv
                0x0000000000006c30                TEE_BigIntMod
                0x0000000000006c9c                TEE_BigIntAddMod
                0x0000000000006ca8                TEE_BigIntSubMod
                0x0000000000006cb4                TEE_BigIntMulMod
                0x0000000000006cc0                TEE_BigIntSquareMod
                0x0000000000006ccc                TEE_BigIntInvMod
                0x0000000000006e1c                TEE_BigIntRelativePrime
                0x0000000000006f24                TEE_BigIntExpMod
                0x00000000000070f8                TEE_BigIntComputeExtendedGcd
                0x0000000000007360                TEE_BigIntIsProbablePrime
                0x00000000000073e4                TEE_BigIntInitFMM
                0x00000000000073e8                __GP11_TEE_BigIntInitFMM
                0x00000000000073f0                TEE_BigIntInitFMMContext
                0x00000000000073f4                __GP11_TEE_BigIntInitFMMContext
                0x00000000000073fc                TEE_BigIntInitFMMContext1
                0x0000000000007404                TEE_BigIntFMMSizeInU32
                0x0000000000007414                __GP11_TEE_BigIntFMMSizeInU32
                0x000000000000742c                TEE_BigIntFMMContextSizeInU32
                0x0000000000007434                __GP11_TEE_BigIntFMMContextSizeInU32
                0x000000000000744c                TEE_BigIntConvertToFMM
                0x0000000000007450                TEE_BigIntConvertFromFMM
                0x0000000000007520                TEE_BigIntComputeFMM
 .text          0x0000000000007668      0xf78 /home/neu/Desktop/export-ta_arm64/lib/libutee.a(tee_api_property.o)
                0x00000000000079f8                TEE_GetPropertyAsString
                0x0000000000007c54                __GP11_TEE_GetPropertyAsString
                0x0000000000007cec                TEE_GetPropertyAsBool
                0x0000000000007dc4                TEE_GetPropertyAsU32
                0x0000000000007eac                TEE_GetPropertyAsU64
                0x0000000000007f94                __GP11_TEE_GetPropertyAsBinaryBlock
                0x0000000000008080                TEE_GetPropertyAsBinaryBlock
                0x0000000000008118                TEE_GetPropertyAsUUID
                0x0000000000008200                TEE_GetPropertyAsIdentity
                0x00000000000082e8                TEE_ResetPropertyEnumerator
                0x00000000000082f4                TEE_AllocatePropertyEnumerator
                0x000000000000833c                TEE_FreePropertyEnumerator
                0x0000000000008340                TEE_StartPropertyEnumerator
                0x0000000000008350                __GP11_TEE_GetPropertyName
                0x0000000000008478                TEE_GetPropertyName
                0x0000000000008500                TEE_GetNextProperty
 .text          0x00000000000085e0      0x34c /home/neu/Desktop/export-ta_arm64/lib/libutee.a(tcb.o)
                0x00000000000085e0                __utee_tcb_init
                0x0000000000008820                __tls_get_addr
                0x000000000000883c                dl_iterate_phdr
 .text          0x000000000000892c       0x58 /home/neu/Desktop/export-ta_arm64/lib/libutee.a(assert.o)
                0x000000000000892c                _assert_log
                0x0000000000008970                _assert_break
 .text          0x0000000000008984      0x258 /home/neu/Desktop/export-ta_arm64/lib/libutee.a(base64.o)
                0x0000000000008984                _base64_enc_len
                0x000000000000899c                _base64_enc
                0x0000000000008ab8                _base64_dec
 .text          0x0000000000008bdc     0x4190 /home/neu/Desktop/export-ta_arm64/lib/libmbedtls.a(bignum.o)
                0x00000000000093b0                mbedtls_mpi_init
                0x00000000000093c0                mbedtls_mpi_init_mempool
                0x00000000000093e8                mbedtls_mpi_free
                0x0000000000009454                mbedtls_mpi_grow
                0x00000000000095a8                mbedtls_mpi_shrink
                0x00000000000096c8                mbedtls_mpi_copy
                0x0000000000009794                mbedtls_mpi_swap
                0x000000000000981c                mbedtls_mpi_lset
                0x0000000000009884                mbedtls_mpi_get_bit
                0x00000000000098b0                mbedtls_mpi_set_bit
                0x000000000000993c                mbedtls_mpi_lsb
                0x0000000000009990                mbedtls_mpi_bitlen
                0x00000000000099ec                mbedtls_mpi_size
                0x0000000000009a08                mbedtls_mpi_read_binary_le
                0x0000000000009a80                mbedtls_mpi_read_binary
                0x0000000000009b04                mbedtls_mpi_write_binary_le
                0x0000000000009bbc                mbedtls_mpi_write_binary
                0x0000000000009c80                mbedtls_mpi_shift_l
                0x0000000000009d90                mbedtls_mpi_shift_r
                0x0000000000009e50                mbedtls_mpi_cmp_abs
                0x0000000000009eec                mbedtls_mpi_cmp_mpi
                0x0000000000009fc0                mbedtls_mpi_cmp_int
                0x000000000000a034                mbedtls_mpi_add_abs
                0x000000000000a154                mbedtls_mpi_sub_abs
                0x000000000000a2b0                mbedtls_mpi_add_mpi
                0x000000000000a338                mbedtls_mpi_sub_mpi
                0x000000000000a3c4                mbedtls_mpi_add_int
                0x000000000000a438                mbedtls_mpi_sub_int
                0x000000000000a4ac                mbedtls_mpi_mul_mpi
                0x000000000000a658                mbedtls_mpi_mul_int
                0x000000000000a700                mbedtls_mpi_read_string
                0x000000000000a90c                mbedtls_mpi_div_mpi
                0x000000000000ae40                mbedtls_mpi_div_int
                0x000000000000aeb4                mbedtls_mpi_mod_mpi
                0x000000000000af68                mbedtls_mpi_mod_int
                0x000000000000b004                mbedtls_mpi_write_string
                0x000000000000b338                mbedtls_mpi_montg_init
                0x000000000000b340                mbedtls_mpi_montmul
                0x000000000000b348                mbedtls_mpi_montred
                0x000000000000b34c                mbedtls_mpi_exp_mod
                0x000000000000ba18                mbedtls_mpi_gcd
                0x000000000000bbf0                mbedtls_mpi_fill_random
                0x000000000000befc                mbedtls_mpi_random
                0x000000000000c0b4                mbedtls_mpi_inv_mod
                0x000000000000c50c                mbedtls_mpi_is_prime_ext
                0x000000000000c5e8                mbedtls_mpi_is_prime
                0x000000000000c5f8                mbedtls_mpi_gen_prime
                0x000000000000c944                mbedtls_mpi_self_test
 .text          0x000000000000cd6c      0x7c0 /home/neu/Desktop/export-ta_arm64/lib/libmbedtls.a(constant_time.o)
                0x000000000000cd8c                mbedtls_ct_memcmp
                0x000000000000cdd4                mbedtls_ct_uint_mask
                0x000000000000cde4                mbedtls_ct_mpi_uint_mask
                0x000000000000cdf4                mbedtls_ct_size_bool_eq
                0x000000000000ce0c                mbedtls_ct_mpi_uint_lt
                0x000000000000ce28                mbedtls_ct_uint_if
                0x000000000000ce58                mbedtls_ct_mpi_uint_cond_assign
                0x000000000000ce94                mbedtls_ct_base64_enc_char
                0x000000000000cf44                mbedtls_ct_base64_dec_value
                0x000000000000d000                mbedtls_mpi_safe_cond_assign
                0x000000000000d0bc                mbedtls_mpi_safe_cond_swap
                0x000000000000d1b8                mbedtls_mpi_lt_mpi_ct
                0x000000000000d2b0                mbedtls_ct_rsaes_pkcs1_v15_unpadding
 .text          0x000000000000d52c       0x20 /home/neu/Desktop/export-ta_arm64/lib/libmbedtls.a(platform_util.o)
                0x000000000000d52c                mbedtls_platform_zeroize
 .text          0x000000000000d54c      0xd00 /home/neu/Desktop/export-ta_arm64/lib/libutils.a(bget_malloc.o)
                0x000000000000d584                bget
                0x000000000000d84c                bgetz
                0x000000000000d8d4                brel
                0x000000000000db58                bgetr
                0x000000000000dc28                bpool
                0x000000000000dcf8                raw_memalign
                0x000000000000dd4c                raw_malloc
                0x000000000000dd5c                raw_free
                0x000000000000dd6c                raw_calloc
                0x000000000000ddbc                raw_realloc
                0x000000000000dea4                malloc
                0x000000000000debc                calloc
                0x000000000000ded8                realloc
                0x000000000000def0                memalign
                0x000000000000df0c                aligned_alloc
                0x000000000000df24                free
                0x000000000000df34                free_wipe
                0x000000000000df44                raw_malloc_get_ctx_size
                0x000000000000df4c                raw_malloc_init_ctx
                0x000000000000df78                raw_malloc_add_pool
                0x000000000000e040                raw_malloc_buffer_overlaps_heap
                0x000000000000e0c0                raw_malloc_buffer_is_within_alloced
                0x000000000000e210                malloc_add_pool
                0x000000000000e224                malloc_buffer_is_within_alloced
                0x000000000000e238                malloc_buffer_overlaps_heap
 .text          0x000000000000e24c      0x128 /home/neu/Desktop/export-ta_arm64/lib/libutils.a(snprintf.o)
                0x000000000000e24c                snprintf
                0x000000000000e31c                vsnprintf
 .text          0x000000000000e374       0x5c /home/neu/Desktop/export-ta_arm64/lib/libutils.a(memmove.o)
                0x000000000000e374                memmove
 .text          0x000000000000e3d0       0x1c /home/neu/Desktop/export-ta_arm64/lib/libutils.a(memset.o)
                0x000000000000e3d0                memset
 .text          0x000000000000e3ec       0x24 /home/neu/Desktop/export-ta_arm64/lib/libutils.a(strcmp.o)
                0x000000000000e3ec                strcmp
 .text          0x000000000000e410       0x58 /home/neu/Desktop/export-ta_arm64/lib/libutils.a(strlcpy.o)
                0x000000000000e410                strlcpy
 .text          0x000000000000e468      0x190 /home/neu/Desktop/export-ta_arm64/lib/libutils.a(mempool.o)
                0x000000000000e468                mempool_alloc_pool
                0x000000000000e530                mempool_alloc
                0x000000000000e594                mempool_calloc
                0x000000000000e5e4                mempool_free
 .text          0x000000000000e5f8       0x70 /home/neu/Desktop/export-ta_arm64/lib/libutils.a(consttime_memcmp.o)
                0x000000000000e5f8                consttime_memcmp
 .text          0x000000000000e668        0x0 /home/neu/Desktop/export-ta_arm64/lib/libutee.a(utee_syscalls_a64.o)
 .text          0x000000000000e668        0x0 /home/neu/Desktop/export-ta_arm64/lib/libutee.a(abort.o)
 *(SORT_BY_ALIGNMENT(.stub))
 *(SORT_BY_ALIGNMENT(.glue_7))
 *(SORT_BY_ALIGNMENT(.glue_7t))
 *(SORT_BY_ALIGNMENT(.gnu.linkonce.t.*))
 *(SORT_BY_ALIGNMENT(.vfp11_veneer))
                0x000000000000e668                __text_end = .

.note.gnu.property
 *(SORT_BY_ALIGNMENT(.note.gnu.property))

.plt            0x000000000000e668        0x0
 *(SORT_BY_ALIGNMENT(.plt))
 .plt           0x000000000000e668        0x0 ./secure_storage_ta.o

.eh_frame_hdr
 *(SORT_BY_ALIGNMENT(.eh_frame_hdr))
 *(SORT_BY_ALIGNMENT(.eh_frame_entry) SORT_BY_ALIGNMENT(.eh_frame_entry.*))

.eh_frame       0x000000000000e668     0x305c
 *(SORT_BY_ALIGNMENT(.eh_frame))
 .eh_frame      0x000000000000e668       0xa0 ./secure_storage_ta.o
 .eh_frame      0x000000000000e708       0x58 ./user_ta_header.o
                                         0x68 (size before relaxing)
 .eh_frame      0x000000000000e760       0x18 /home/neu/Desktop/export-ta_arm64/lib/libutils.a(stack_check.o)
                                         0x30 (size before relaxing)
 .eh_frame      0x000000000000e778       0xb8 /home/neu/Desktop/export-ta_arm64/lib/libutils.a(trace.o)
                                         0xc8 (size before relaxing)
 .eh_frame      0x000000000000e830       0x18 /home/neu/Desktop/export-ta_arm64/lib/libutils.a(memcpy.o)
                                         0x28 (size before relaxing)
 .eh_frame      0x000000000000e848       0xf0 /home/neu/Desktop/export-ta_arm64/lib/libutils.a(snprintk.o)
                                        0x100 (size before relaxing)
 .eh_frame      0x000000000000e938       0x18 /home/neu/Desktop/export-ta_arm64/lib/libutils.a(memchr.o)
                                         0x28 (size before relaxing)
 .eh_frame      0x000000000000e950       0x18 /home/neu/Desktop/export-ta_arm64/lib/libutils.a(strlen.o)
                                         0x28 (size before relaxing)
 .eh_frame      0x000000000000e968       0xa8 /home/neu/Desktop/export-ta_arm64/lib/libutee.a(trace_ext.o)
                                         0xc0 (size before relaxing)
 .eh_frame      0x000000000000ea10      0x588 /home/neu/Desktop/export-ta_arm64/lib/libutee.a(tee_api.o)
                                        0x5a0 (size before relaxing)
 .eh_frame      0x000000000000ef98      0x750 /home/neu/Desktop/export-ta_arm64/lib/libutee.a(tee_api_objects.o)
                                        0x768 (size before relaxing)
 .eh_frame      0x000000000000f6e8      0x180 /home/neu/Desktop/export-ta_arm64/lib/libutee.a(tee_api_panic.o)
                                        0x198 (size before relaxing)
 .eh_frame      0x000000000000f868       0xc0 /home/neu/Desktop/export-ta_arm64/lib/libutee.a(tee_system_pta.o)
                                         0xd0 (size before relaxing)
 .eh_frame      0x000000000000f928      0x150 /home/neu/Desktop/export-ta_arm64/lib/libutee.a(user_ta_entry.o)
                                        0x168 (size before relaxing)
 .eh_frame      0x000000000000fa78       0x98 /home/neu/Desktop/export-ta_arm64/lib/libutee.a(user_ta_entry_compat.o)
                                         0xa8 (size before relaxing)
 .eh_frame      0x000000000000fb10       0x18 /home/neu/Desktop/export-ta_arm64/lib/libutee.a(abort.o)
                                         0x30 (size before relaxing)
 .eh_frame      0x000000000000fb28      0x7d0 /home/neu/Desktop/export-ta_arm64/lib/libutee.a(tee_api_arith_mpi.o)
                                        0x7e0 (size before relaxing)
 .eh_frame      0x00000000000102f8      0x2f8 /home/neu/Desktop/export-ta_arm64/lib/libutee.a(tee_api_property.o)
                                        0x308 (size before relaxing)
 .eh_frame      0x00000000000105f0       0x90 /home/neu/Desktop/export-ta_arm64/lib/libutee.a(tcb.o)
                                         0xa8 (size before relaxing)
 .eh_frame      0x0000000000010680       0x38 /home/neu/Desktop/export-ta_arm64/lib/libutee.a(assert.o)
                                         0x50 (size before relaxing)
 .eh_frame      0x00000000000106b8       0x58 /home/neu/Desktop/export-ta_arm64/lib/libutee.a(base64.o)
                                         0x70 (size before relaxing)
 .eh_frame      0x0000000000010710      0x988 /home/neu/Desktop/export-ta_arm64/lib/libmbedtls.a(bignum.o)
                                        0x9a0 (size before relaxing)
 .eh_frame      0x0000000000011098      0x1e0 /home/neu/Desktop/export-ta_arm64/lib/libmbedtls.a(constant_time.o)
                                        0x1f8 (size before relaxing)
 .eh_frame      0x0000000000011278       0x18 /home/neu/Desktop/export-ta_arm64/lib/libmbedtls.a(platform_util.o)
                                         0x28 (size before relaxing)
 .eh_frame      0x0000000000011290      0x2d8 /home/neu/Desktop/export-ta_arm64/lib/libutils.a(bget_malloc.o)
                                        0x2e8 (size before relaxing)
 .eh_frame      0x0000000000011568       0x58 /home/neu/Desktop/export-ta_arm64/lib/libutils.a(snprintf.o)
                                         0x68 (size before relaxing)
 .eh_frame      0x00000000000115c0       0x18 /home/neu/Desktop/export-ta_arm64/lib/libutils.a(memmove.o)
                                         0x28 (size before relaxing)
 .eh_frame      0x00000000000115d8       0x18 /home/neu/Desktop/export-ta_arm64/lib/libutils.a(memset.o)
                                         0x28 (size before relaxing)
 .eh_frame      0x00000000000115f0       0x18 /home/neu/Desktop/export-ta_arm64/lib/libutils.a(strcmp.o)
                                         0x28 (size before relaxing)
 .eh_frame      0x0000000000011608       0x18 /home/neu/Desktop/export-ta_arm64/lib/libutils.a(strlcpy.o)
                                         0x28 (size before relaxing)
 .eh_frame      0x0000000000011620       0x88 /home/neu/Desktop/export-ta_arm64/lib/libutils.a(mempool.o)
                                         0xa0 (size before relaxing)
 .eh_frame      0x00000000000116a8       0x1c /home/neu/Desktop/export-ta_arm64/lib/libutils.a(consttime_memcmp.o)
                                         0x30 (size before relaxing)
 *(SORT_BY_ALIGNMENT(.eh_frame.*))

.gcc_except_table
 *(SORT_BY_ALIGNMENT(.gcc_except_table) SORT_BY_ALIGNMENT(.gcc_except_table.*))

.rodata         0x00000000000116c8     0x13a6
 *(SORT_BY_ALIGNMENT(.gnu.linkonce.r.*))
 *(SORT_BY_ALIGNMENT(.rodata) SORT_BY_ALIGNMENT(.rodata.*))
 .rodata.user_ta_header.c
                0x00000000000116c8       0x33 ./user_ta_header.o
                0x00000000000116c8                ta_num_props
                0x00000000000116e8                __ta_no_share_heap_size
                0x00000000000116f0                ta_heap_size
                0x00000000000116f8                trace_ext_prefix
 *fill*         0x00000000000116fb        0x5 
 .rodata.lib/libutee/tee_api.c
                0x0000000000011700       0x20 /home/neu/Desktop/export-ta_arm64/lib/libutee.a(tee_api.o)
 .rodata.lib/libutils/ext/snprintk.c
                0x0000000000011720       0xac /home/neu/Desktop/export-ta_arm64/lib/libutils.a(snprintk.o)
 .rodata.lib/libutee/tee_system_pta.c
                0x00000000000117cc       0x31 /home/neu/Desktop/export-ta_arm64/lib/libutee.a(tee_system_pta.o)
 *fill*         0x00000000000117fd        0x3 
 .rodata.lib/libutee/tee_api_property.c
                0x0000000000011800       0x20 /home/neu/Desktop/export-ta_arm64/lib/libutee.a(tee_api_property.o)
 .rodata.lib/libutee/base64.c
                0x0000000000011820       0x45 /home/neu/Desktop/export-ta_arm64/lib/libutee.a(base64.o)
 *fill*         0x0000000000011865        0x3 
 .rodata.lib/libmbedtls/mbedtls/library/bignum.c
                0x0000000000011868      0x2c4 /home/neu/Desktop/export-ta_arm64/lib/libmbedtls.a(bignum.o)
 .rodata.str1.1.secure_storage_ta.c
                0x0000000000011b2c      0x116 ./secure_storage_ta.o
 .rodata.secure_storage_ta.c
                0x0000000000011c42       0x52 ./secure_storage_ta.o
 .rodata.str1.1.user_ta_header.c
                0x0000000000011c94      0x140 ./user_ta_header.o
 .rodata.str1.1.lib/libutils/isoc/stack_check.c
                0x0000000000011dd4       0x18 /home/neu/Desktop/export-ta_arm64/lib/libutils.a(stack_check.o)
 .rodata.str1.1.lib/libutils/ext/trace.c
                0x0000000000011dec       0x1a /home/neu/Desktop/export-ta_arm64/lib/libutils.a(trace.o)
                                         0x1b (size before relaxing)
 .rodata.lib/libutils/ext/trace.c
                0x0000000000011e06        0x5 /home/neu/Desktop/export-ta_arm64/lib/libutils.a(trace.o)
 .rodata.str1.1.lib/libutils/ext/snprintk.c
                0x0000000000011e0b       0x38 /home/neu/Desktop/export-ta_arm64/lib/libutils.a(snprintk.o)
 .rodata.str1.1.lib/libutee/trace_ext.c
                0x0000000000011e43       0x38 /home/neu/Desktop/export-ta_arm64/lib/libutee.a(trace_ext.o)
                                          0x2 (size before relaxing)
 .rodata.str1.1.lib/libutee/tee_api.c
                0x0000000000011e43       0x11 /home/neu/Desktop/export-ta_arm64/lib/libutee.a(tee_api.o)
 .rodata.str1.1.lib/libutee/tee_system_pta.c
                0x0000000000011e54       0x55 /home/neu/Desktop/export-ta_arm64/lib/libutee.a(tee_system_pta.o)
 .rodata.str1.1.lib/libutee/user_ta_entry.c
                0x0000000000011ea9       0x4f /home/neu/Desktop/export-ta_arm64/lib/libutee.a(user_ta_entry.o)
 .rodata.lib/libutee/user_ta_entry.c
                0x0000000000011ef8       0x16 /home/neu/Desktop/export-ta_arm64/lib/libutee.a(user_ta_entry.o)
 .rodata.str1.1.lib/libutee/abort.c
                0x0000000000011f0e        0x7 /home/neu/Desktop/export-ta_arm64/lib/libutee.a(abort.o)
 .rodata.str1.1.lib/libutee/tee_api_arith_mpi.c
                0x0000000000011f15       0xc9 /home/neu/Desktop/export-ta_arm64/lib/libutee.a(tee_api_arith_mpi.o)
 .rodata.lib/libutee/tee_api_arith_mpi.c
                0x0000000000011fde      0x14e /home/neu/Desktop/export-ta_arm64/lib/libutee.a(tee_api_arith_mpi.o)
 .rodata.str1.1.lib/libutee/tee_api_property.c
                0x000000000001212c       0x80 /home/neu/Desktop/export-ta_arm64/lib/libutee.a(tee_api_property.o)
                                         0x88 (size before relaxing)
 .rodata.str1.1.lib/libutee/tcb.c
                0x00000000000121ac       0x8d /home/neu/Desktop/export-ta_arm64/lib/libutee.a(tcb.o)
 .rodata.lib/libutee/tcb.c
                0x0000000000012239       0x20 /home/neu/Desktop/export-ta_arm64/lib/libutee.a(tcb.o)
 .rodata.str1.1.lib/libutee/assert.c
                0x0000000000012259       0x27 /home/neu/Desktop/export-ta_arm64/lib/libutee.a(assert.o)
 .rodata.str1.1.lib/libmbedtls/mbedtls/library/bignum.c
                0x0000000000012280      0x456 /home/neu/Desktop/export-ta_arm64/lib/libmbedtls.a(bignum.o)
                                        0x45d (size before relaxing)
 .rodata.str1.1.lib/libutils/isoc/bget_malloc.c
                0x00000000000126d6      0x292 /home/neu/Desktop/export-ta_arm64/lib/libutils.a(bget_malloc.o)
                                        0x29b (size before relaxing)
 .rodata.lib/libutils/isoc/bget_malloc.c
                0x0000000000012968       0x51 /home/neu/Desktop/export-ta_arm64/lib/libutils.a(bget_malloc.o)
 .rodata.str1.1.lib/libutils/ext/mempool.c
                0x00000000000129b9       0x89 /home/neu/Desktop/export-ta_arm64/lib/libutils.a(mempool.o)
 .rodata.lib/libutils/ext/mempool.c
                0x0000000000012a42       0x2c /home/neu/Desktop/export-ta_arm64/lib/libutils.a(mempool.o)

.gnu.version_d  0x0000000000012a70        0x0
 .gnu.version_d
                0x0000000000012a70        0x0 ./secure_storage_ta.o

.gnu.version    0x0000000000012a6e        0x0
 .gnu.version   0x0000000000012a6e        0x0 ./secure_storage_ta.o

.gnu.version_r  0x0000000000012a70        0x0
 .gnu.version_r
                0x0000000000012a70        0x0 ./secure_storage_ta.o

.gnu.hash       0x0000000000012a70       0x30
 .gnu.hash      0x0000000000012a70       0x30 ./secure_storage_ta.o

.ARM.extab
 *(SORT_BY_ALIGNMENT(.ARM.extab*) SORT_BY_ALIGNMENT(.gnu.linkonce.armextab.*))
                [!provide]                        PROVIDE (__exidx_start = .)

.ARM.exidx
 *(SORT_BY_ALIGNMENT(.ARM.exidx*) SORT_BY_ALIGNMENT(.gnu.linkonce.armexidx.*))
                [!provide]                        PROVIDE (__exidx_end = .)

.ctors
 *(SORT_BY_ALIGNMENT(.ctors))

.dtors
 *(SORT_BY_ALIGNMENT(.dtors))

.dynsym         0x0000000000012aa0       0x90
 *(SORT_BY_ALIGNMENT(.dynsym))
 .dynsym        0x0000000000012aa0       0x90 ./secure_storage_ta.o

.dynstr         0x0000000000012b30       0x2e
 *(SORT_BY_ALIGNMENT(.dynstr))
 .dynstr        0x0000000000012b30       0x2e ./secure_storage_ta.o

.hash           0x0000000000012b60       0x2c
 *(SORT_BY_ALIGNMENT(.hash))
 .hash          0x0000000000012b60       0x2c ./secure_storage_ta.o

.rela.dyn       0x0000000000012b90      0x348
 .rela.data.rel.ro
                0x0000000000012b90        0x0 ./secure_storage_ta.o
 .rela.ifunc    0x0000000000012b90        0x0 ./secure_storage_ta.o
 .rela.data.rel.ro.local
                0x0000000000012b90      0x2d0 ./secure_storage_ta.o
 .rela.data.rel.local
                0x0000000000012e60       0x60 ./secure_storage_ta.o
 .rela.data.rel
                0x0000000000012ec0       0x18 ./secure_storage_ta.o
                0x0000000000013000                . = ALIGN (0x1000)

.dynamic        0x0000000000013000      0x110
 *(SORT_BY_ALIGNMENT(.dynamic))
 .dynamic       0x0000000000013000      0x110 ./secure_storage_ta.o
                0x0000000000013000                _DYNAMIC

.tdata
 *(SORT_BY_ALIGNMENT(.tdata) SORT_BY_ALIGNMENT(.tdata.*) SORT_BY_ALIGNMENT(.gnu.linkonce.td.*))

.tbss
 *(SORT_BY_ALIGNMENT(.tbss) SORT_BY_ALIGNMENT(.tbss.*) SORT_BY_ALIGNMENT(.gnu.linkonce.tb.*))
 *(SORT_BY_ALIGNMENT(.tcommon))

.got            0x0000000000013110       0xd0
 *(SORT_BY_ALIGNMENT(.got.plt))
 .got.plt       0x0000000000013110       0x18 ./secure_storage_ta.o
 *(SORT_BY_ALIGNMENT(.got))
 .got           0x0000000000013128       0xb8 ./secure_storage_ta.o
                0x0000000000013128                _GLOBAL_OFFSET_TABLE_

.rel.text
 *(SORT_BY_ALIGNMENT(.rel.text))
 *(SORT_BY_ALIGNMENT(.rel.gnu.linkonce.t*))

.rela.text
 *(SORT_BY_ALIGNMENT(.rela.text))
 *(SORT_BY_ALIGNMENT(.rela.gnu.linkonce.t*))

.rel.data
 *(SORT_BY_ALIGNMENT(.rel.data))
 *(SORT_BY_ALIGNMENT(.rel.gnu.linkonce.d*))

.rela.data
 *(SORT_BY_ALIGNMENT(.rela.data))
 *(SORT_BY_ALIGNMENT(.rela.gnu.linkonce.d*))

.rel.tdata
 *(SORT_BY_ALIGNMENT(.rel.tdata) SORT_BY_ALIGNMENT(.rel.tdata.*) SORT_BY_ALIGNMENT(.rel.gnu.linkonce.td.*))

.rela.tdata
 *(SORT_BY_ALIGNMENT(.rela.tdata) SORT_BY_ALIGNMENT(.rela.tdata.*) SORT_BY_ALIGNMENT(.rela.gnu.linkonce.td.*))

.rel.tbss
 *(SORT_BY_ALIGNMENT(.rel.tbss) SORT_BY_ALIGNMENT(.rel.tbss.*) SORT_BY_ALIGNMENT(.rel.gnu.linkonce.tb.*))

.rela.tbss
 *(SORT_BY_ALIGNMENT(.rela.tbss) SORT_BY_ALIGNMENT(.rela.tbss.*) SORT_BY_ALIGNMENT(.rela.gnu.linkonce.tb.*))

.rel.rodata
 *(SORT_BY_ALIGNMENT(.rel.rodata))
 *(SORT_BY_ALIGNMENT(.rel.gnu.linkonce.r*))

.rela.rodata
 *(SORT_BY_ALIGNMENT(.rela.rodata))
 *(SORT_BY_ALIGNMENT(.rela.gnu.linkonce.r*))

.rel.dyn
 *(SORT_BY_ALIGNMENT(.rel.dyn))

.rel.got
 *(SORT_BY_ALIGNMENT(.rel.got))

.rela.got       0x00000000000131e0      0x210
 *(SORT_BY_ALIGNMENT(.rela.got))
 .rela.got      0x00000000000131e0      0x210 ./secure_storage_ta.o

.rel.ctors
 *(SORT_BY_ALIGNMENT(.rel.ctors))

.rela.ctors
 *(SORT_BY_ALIGNMENT(.rela.ctors))

.rel.dtors
 *(SORT_BY_ALIGNMENT(.rel.dtors))

.rela.dtors
 *(SORT_BY_ALIGNMENT(.rela.dtors))

.rel.init
 *(SORT_BY_ALIGNMENT(.rel.init))

.rela.init
 *(SORT_BY_ALIGNMENT(.rela.init))

.rel.fini
 *(SORT_BY_ALIGNMENT(.rel.fini))

.rela.fini
 *(SORT_BY_ALIGNMENT(.rela.fini))

.rel.bss
 *(SORT_BY_ALIGNMENT(.rel.bss))

.rela.bss       0x00000000000133f0        0x0
 *(SORT_BY_ALIGNMENT(.rela.bss))
 .rela.bss      0x00000000000133f0        0x0 ./secure_storage_ta.o

.rel.plt
 *(SORT_BY_ALIGNMENT(.rel.plt))

.rela.plt       0x00000000000133f0        0x0
 *(SORT_BY_ALIGNMENT(.rela.plt))
 .rela.plt      0x00000000000133f0        0x0 ./secure_storage_ta.o

.data           0x00000000000133f0      0x1cc
 *(SORT_BY_ALIGNMENT(.data) SORT_BY_ALIGNMENT(.data.*) SORT_BY_ALIGNMENT(.gnu.linkonce.d.*))
 .data.rel.ro.local
                0x00000000000133f0      0x108 ./user_ta_header.o
                0x00000000000133f0                ta_props
 .data          0x00000000000134f8        0x8 /home/neu/Desktop/export-ta_arm64/lib/libutils.a(stack_check.o)
                0x00000000000134f8                __stack_chk_guard
 .data.rel.local
                0x0000000000013500       0x20 /home/neu/Desktop/export-ta_arm64/lib/libutee.a(user_ta_entry.o)
 .data.rel.ro.local
                0x0000000000013520       0x60 /home/neu/Desktop/export-ta_arm64/lib/libutee.a(tee_api_property.o)
                0x0000000000013520                tee_props
 .data.rel      0x0000000000013580        0x8 /home/neu/Desktop/export-ta_arm64/lib/libmbedtls.a(platform_util.o)
 .data.rel.local
                0x0000000000013588       0x30 /home/neu/Desktop/export-ta_arm64/lib/libutils.a(bget_malloc.o)
 .data          0x00000000000135b8        0x4 ./user_ta_header.o
                0x00000000000135b8                trace_level
 .data          0x00000000000135bc        0x0 ./secure_storage_ta.o
 .data.rel.ro   0x00000000000135bc        0x0 ./secure_storage_ta.o
 .data          0x00000000000135bc        0x0 /home/neu/Desktop/export-ta_arm64/lib/libutils.a(trace.o)
 .data          0x00000000000135bc        0x0 /home/neu/Desktop/export-ta_arm64/lib/libutils.a(memcpy.o)
 .data          0x00000000000135bc        0x0 /home/neu/Desktop/export-ta_arm64/lib/libutils.a(snprintk.o)
 .data          0x00000000000135bc        0x0 /home/neu/Desktop/export-ta_arm64/lib/libutils.a(memchr.o)
 .data          0x00000000000135bc        0x0 /home/neu/Desktop/export-ta_arm64/lib/libutils.a(strlen.o)
 .data          0x00000000000135bc        0x0 /home/neu/Desktop/export-ta_arm64/lib/libutee.a(trace_ext.o)
 .data          0x00000000000135bc        0x0 /home/neu/Desktop/export-ta_arm64/lib/libutee.a(tee_api.o)
 .data          0x00000000000135bc        0x0 /home/neu/Desktop/export-ta_arm64/lib/libutee.a(tee_api_objects.o)
 .data          0x00000000000135bc        0x0 /home/neu/Desktop/export-ta_arm64/lib/libutee.a(tee_api_panic.o)
 .data          0x00000000000135bc        0x0 /home/neu/Desktop/export-ta_arm64/lib/libutee.a(tee_system_pta.o)
 .data          0x00000000000135bc        0x0 /home/neu/Desktop/export-ta_arm64/lib/libutee.a(user_ta_entry.o)
 .data          0x00000000000135bc        0x0 /home/neu/Desktop/export-ta_arm64/lib/libutee.a(user_ta_entry_compat.o)
 .data          0x00000000000135bc        0x0 /home/neu/Desktop/export-ta_arm64/lib/libutee.a(utee_syscalls_a64.o)
 .data          0x00000000000135bc        0x0 /home/neu/Desktop/export-ta_arm64/lib/libutee.a(abort.o)
 .data          0x00000000000135bc        0x0 /home/neu/Desktop/export-ta_arm64/lib/libutee.a(tee_api_arith_mpi.o)
 .data          0x00000000000135bc        0x0 /home/neu/Desktop/export-ta_arm64/lib/libutee.a(tee_api_property.o)
 .data          0x00000000000135bc        0x0 /home/neu/Desktop/export-ta_arm64/lib/libutee.a(tcb.o)
 .data          0x00000000000135bc        0x0 /home/neu/Desktop/export-ta_arm64/lib/libutee.a(assert.o)
 .data          0x00000000000135bc        0x0 /home/neu/Desktop/export-ta_arm64/lib/libutee.a(base64.o)
 .data          0x00000000000135bc        0x0 /home/neu/Desktop/export-ta_arm64/lib/libmbedtls.a(bignum.o)
 .data          0x00000000000135bc        0x0 /home/neu/Desktop/export-ta_arm64/lib/libmbedtls.a(constant_time.o)
 .data          0x00000000000135bc        0x0 /home/neu/Desktop/export-ta_arm64/lib/libmbedtls.a(platform_util.o)
 .data          0x00000000000135bc        0x0 /home/neu/Desktop/export-ta_arm64/lib/libutils.a(bget_malloc.o)
 .data          0x00000000000135bc        0x0 /home/neu/Desktop/export-ta_arm64/lib/libutils.a(snprintf.o)
 .data          0x00000000000135bc        0x0 /home/neu/Desktop/export-ta_arm64/lib/libutils.a(memmove.o)
 .data          0x00000000000135bc        0x0 /home/neu/Desktop/export-ta_arm64/lib/libutils.a(memset.o)
 .data          0x00000000000135bc        0x0 /home/neu/Desktop/export-ta_arm64/lib/libutils.a(strcmp.o)
 .data          0x00000000000135bc        0x0 /home/neu/Desktop/export-ta_arm64/lib/libutils.a(strlcpy.o)
 .data          0x00000000000135bc        0x0 /home/neu/Desktop/export-ta_arm64/lib/libutils.a(mempool.o)
 .data          0x00000000000135bc        0x0 /home/neu/Desktop/export-ta_arm64/lib/libutils.a(consttime_memcmp.o)

.bss            0x00000000000135c0     0xc0a0
 *(SORT_BY_ALIGNMENT(.bss) SORT_BY_ALIGNMENT(.bss.*) SORT_BY_ALIGNMENT(.gnu.linkonce.b.*) SORT_BY_ALIGNMENT(COMMON))
 .bss           0x00000000000135c0       0x10 /home/neu/Desktop/export-ta_arm64/lib/libutee.a(tee_api.o)
 .bss           0x00000000000135d0        0x8 /home/neu/Desktop/export-ta_arm64/lib/libutee.a(tee_system_pta.o)
 .bss           0x00000000000135d8        0x9 /home/neu/Desktop/export-ta_arm64/lib/libutee.a(user_ta_entry.o)
 *fill*         0x00000000000135e1        0x7 
 COMMON         0x00000000000135e8       0x60 /home/neu/Desktop/export-ta_arm64/lib/libutee.a(user_ta_entry.o)
                0x00000000000135e8                ta_param_types
                0x00000000000135f0                __ta_no_share_malloc_ctx
                0x00000000000135f8                ta_params
                0x0000000000013638                __elf_phdr_info
 .bss           0x0000000000013648     0x4000 /home/neu/Desktop/export-ta_arm64/lib/libutee.a(tee_api_arith_mpi.o)
 .bss           0x0000000000017648       0x10 /home/neu/Desktop/export-ta_arm64/lib/libutee.a(tcb.o)
 COMMON         0x0000000000017658        0x8 /home/neu/Desktop/export-ta_arm64/lib/libmbedtls.a(bignum.o)
                0x0000000000017658                mbedtls_mpi_mempool
 .bss           0x0000000000017660        0x0 ./secure_storage_ta.o
 .bss           0x0000000000017660        0x0 ./user_ta_header.o
 COMMON         0x0000000000017660     0x8000 ./user_ta_header.o
                0x0000000000017660                ta_heap
                0x000000000001f660                __ta_no_share_heap
 .bss           0x000000000001f660        0x0 /home/neu/Desktop/export-ta_arm64/lib/libutils.a(stack_check.o)
 .bss           0x000000000001f660        0x0 /home/neu/Desktop/export-ta_arm64/lib/libutils.a(trace.o)
 .bss           0x000000000001f660        0x0 /home/neu/Desktop/export-ta_arm64/lib/libutils.a(memcpy.o)
 .bss           0x000000000001f660        0x0 /home/neu/Desktop/export-ta_arm64/lib/libutils.a(snprintk.o)
 .bss           0x000000000001f660        0x0 /home/neu/Desktop/export-ta_arm64/lib/libutils.a(memchr.o)
 .bss           0x000000000001f660        0x0 /home/neu/Desktop/export-ta_arm64/lib/libutils.a(strlen.o)
 .bss           0x000000000001f660        0x0 /home/neu/Desktop/export-ta_arm64/lib/libutee.a(trace_ext.o)
 .bss           0x000000000001f660        0x0 /home/neu/Desktop/export-ta_arm64/lib/libutee.a(tee_api_objects.o)
 .bss           0x000000000001f660        0x0 /home/neu/Desktop/export-ta_arm64/lib/libutee.a(tee_api_panic.o)
 .bss           0x000000000001f660        0x0 /home/neu/Desktop/export-ta_arm64/lib/libutee.a(user_ta_entry_compat.o)
 .bss           0x000000000001f660        0x0 /home/neu/Desktop/export-ta_arm64/lib/libutee.a(utee_syscalls_a64.o)
 .bss           0x000000000001f660        0x0 /home/neu/Desktop/export-ta_arm64/lib/libutee.a(abort.o)
 .bss           0x000000000001f660        0x0 /home/neu/Desktop/export-ta_arm64/lib/libutee.a(tee_api_property.o)
 .bss           0x000000000001f660        0x0 /home/neu/Desktop/export-ta_arm64/lib/libutee.a(assert.o)
 .bss           0x000000000001f660        0x0 /home/neu/Desktop/export-ta_arm64/lib/libutee.a(base64.o)
 .bss           0x000000000001f660        0x0 /home/neu/Desktop/export-ta_arm64/lib/libmbedtls.a(bignum.o)
 .bss           0x000000000001f660        0x0 /home/neu/Desktop/export-ta_arm64/lib/libmbedtls.a(constant_time.o)
 .bss           0x000000000001f660        0x0 /home/neu/Desktop/export-ta_arm64/lib/libmbedtls.a(platform_util.o)
 .bss           0x000000000001f660        0x0 /home/neu/Desktop/export-ta_arm64/lib/libutils.a(bget_malloc.o)
 .bss           0x000000000001f660        0x0 /home/neu/Desktop/export-ta_arm64/lib/libutils.a(snprintf.o)
 .bss           0x000000000001f660        0x0 /home/neu/Desktop/export-ta_arm64/lib/libutils.a(memmove.o)
 .bss           0x000000000001f660        0x0 /home/neu/Desktop/export-ta_arm64/lib/libutils.a(memset.o)
 .bss           0x000000000001f660        0x0 /home/neu/Desktop/export-ta_arm64/lib/libutils.a(strcmp.o)
 .bss           0x000000000001f660        0x0 /home/neu/Desktop/export-ta_arm64/lib/libutils.a(strlcpy.o)
 .bss           0x000000000001f660        0x0 /home/neu/Desktop/export-ta_arm64/lib/libutils.a(mempool.o)
 .bss           0x000000000001f660        0x0 /home/neu/Desktop/export-ta_arm64/lib/libutils.a(consttime_memcmp.o)
                0x000000000001f660                . = ALIGN (0x8)
                0x000000000001f660                __ftrace_buf_start = .
                0x000000000001f660                . = (. + DEFINED (_mcount)?0x800:0x0)
                0x000000000001f660                __ftrace_buf_end = .

.dynbss         0x000000000001f660        0x0
 .dynbss        0x000000000001f660        0x0 ./secure_storage_ta.o

/DISCARD/
 *(SORT_BY_ALIGNMENT(.interp))
LOAD ./secure_storage_ta.o
LOAD ./user_ta_header.o
START GROUP
LOAD /home/neu/Desktop/export-ta_arm64/lib/libutils.a
LOAD /home/neu/Desktop/export-ta_arm64/lib/libutee.a
LOAD /home/neu/Desktop/export-ta_arm64/lib/libmbedtls.a
LOAD /home/neu/Desktop/export-ta_arm64/lib/libdl.a
END GROUP
LOAD /usr/lib/gcc/aarch64-linux-gnu/9/libgcc.a
LOAD /home/neu/Desktop/export-ta_arm64/lib/libutils.a
OUTPUT(f4e750bb-1437-4fbf-8785-8d3580c34994.elf elf64-littleaarch64)
LOAD linker stubs

.debug_info     0x0000000000000000    0x1d81c
 .debug_info    0x0000000000000000      0xc9e ./secure_storage_ta.o
 .debug_info    0x0000000000000c9e      0x78d ./user_ta_header.o
 .debug_info    0x000000000000142b      0x14c /home/neu/Desktop/export-ta_arm64/lib/libutils.a(stack_check.o)
 .debug_info    0x0000000000001577      0x6f0 /home/neu/Desktop/export-ta_arm64/lib/libutils.a(trace.o)
 .debug_info    0x0000000000001c67      0x13c /home/neu/Desktop/export-ta_arm64/lib/libutils.a(memcpy.o)
 .debug_info    0x0000000000001da3      0x97c /home/neu/Desktop/export-ta_arm64/lib/libutils.a(snprintk.o)
 .debug_info    0x000000000000271f      0x106 /home/neu/Desktop/export-ta_arm64/lib/libutils.a(memchr.o)
 .debug_info    0x0000000000002825       0xbe /home/neu/Desktop/export-ta_arm64/lib/libutils.a(strlen.o)
 .debug_info    0x00000000000028e3      0x3f6 /home/neu/Desktop/export-ta_arm64/lib/libutee.a(trace_ext.o)
 .debug_info    0x0000000000002cd9     0x27f8 /home/neu/Desktop/export-ta_arm64/lib/libutee.a(tee_api.o)
 .debug_info    0x00000000000054d1     0x2e97 /home/neu/Desktop/export-ta_arm64/lib/libutee.a(tee_api_objects.o)
 .debug_info    0x0000000000008368      0xb05 /home/neu/Desktop/export-ta_arm64/lib/libutee.a(tee_api_panic.o)
 .debug_info    0x0000000000008e6d      0x814 /home/neu/Desktop/export-ta_arm64/lib/libutee.a(tee_system_pta.o)
 .debug_info    0x0000000000009681     0x1825 /home/neu/Desktop/export-ta_arm64/lib/libutee.a(user_ta_entry.o)
 .debug_info    0x000000000000aea6      0x58c /home/neu/Desktop/export-ta_arm64/lib/libutee.a(user_ta_entry_compat.o)
 .debug_info    0x000000000000b432       0x22 /home/neu/Desktop/export-ta_arm64/lib/libutee.a(utee_syscalls_a64.o)
 .debug_info    0x000000000000b454      0x146 /home/neu/Desktop/export-ta_arm64/lib/libutee.a(abort.o)
 .debug_info    0x000000000000b59a     0x516a /home/neu/Desktop/export-ta_arm64/lib/libutee.a(tee_api_arith_mpi.o)
 .debug_info    0x0000000000010704     0x1a1c /home/neu/Desktop/export-ta_arm64/lib/libutee.a(tee_api_property.o)
 .debug_info    0x0000000000012120      0x9f4 /home/neu/Desktop/export-ta_arm64/lib/libutee.a(tcb.o)
 .debug_info    0x0000000000012b14      0x1f6 /home/neu/Desktop/export-ta_arm64/lib/libutee.a(assert.o)
 .debug_info    0x0000000000012d0a      0x358 /home/neu/Desktop/export-ta_arm64/lib/libutee.a(base64.o)
 .debug_info    0x0000000000013062     0x601f /home/neu/Desktop/export-ta_arm64/lib/libmbedtls.a(bignum.o)
 .debug_info    0x0000000000019081     0x106a /home/neu/Desktop/export-ta_arm64/lib/libmbedtls.a(constant_time.o)
 .debug_info    0x000000000001a0eb      0x15b /home/neu/Desktop/export-ta_arm64/lib/libmbedtls.a(platform_util.o)
 .debug_info    0x000000000001a246     0x274f /home/neu/Desktop/export-ta_arm64/lib/libutils.a(bget_malloc.o)
 .debug_info    0x000000000001c995      0x2b5 /home/neu/Desktop/export-ta_arm64/lib/libutils.a(snprintf.o)
 .debug_info    0x000000000001cc4a      0x103 /home/neu/Desktop/export-ta_arm64/lib/libutils.a(memmove.o)
 .debug_info    0x000000000001cd4d       0xd6 /home/neu/Desktop/export-ta_arm64/lib/libutils.a(memset.o)
 .debug_info    0x000000000001ce23       0xb7 /home/neu/Desktop/export-ta_arm64/lib/libutils.a(strcmp.o)
 .debug_info    0x000000000001ceda      0x12b /home/neu/Desktop/export-ta_arm64/lib/libutils.a(strlcpy.o)
 .debug_info    0x000000000001d005      0x6dc /home/neu/Desktop/export-ta_arm64/lib/libutils.a(mempool.o)
 .debug_info    0x000000000001d6e1      0x13b /home/neu/Desktop/export-ta_arm64/lib/libutils.a(consttime_memcmp.o)

.debug_abbrev   0x0000000000000000     0x467c
 .debug_abbrev  0x0000000000000000      0x278 ./secure_storage_ta.o
 .debug_abbrev  0x0000000000000278      0x224 ./user_ta_header.o
 .debug_abbrev  0x000000000000049c       0xc5 /home/neu/Desktop/export-ta_arm64/lib/libutils.a(stack_check.o)
 .debug_abbrev  0x0000000000000561      0x282 /home/neu/Desktop/export-ta_arm64/lib/libutils.a(trace.o)
 .debug_abbrev  0x00000000000007e3       0xb8 /home/neu/Desktop/export-ta_arm64/lib/libutils.a(memcpy.o)
 .debug_abbrev  0x000000000000089b      0x2db /home/neu/Desktop/export-ta_arm64/lib/libutils.a(snprintk.o)
 .debug_abbrev  0x0000000000000b76       0xb2 /home/neu/Desktop/export-ta_arm64/lib/libutils.a(memchr.o)
 .debug_abbrev  0x0000000000000c28       0x87 /home/neu/Desktop/export-ta_arm64/lib/libutils.a(strlen.o)
 .debug_abbrev  0x0000000000000caf      0x1b5 /home/neu/Desktop/export-ta_arm64/lib/libutee.a(trace_ext.o)
 .debug_abbrev  0x0000000000000e64      0x4e6 /home/neu/Desktop/export-ta_arm64/lib/libutee.a(tee_api.o)
 .debug_abbrev  0x000000000000134a      0x38a /home/neu/Desktop/export-ta_arm64/lib/libutee.a(tee_api_objects.o)
 .debug_abbrev  0x00000000000016d4      0x1f9 /home/neu/Desktop/export-ta_arm64/lib/libutee.a(tee_api_panic.o)
 .debug_abbrev  0x00000000000018cd      0x284 /home/neu/Desktop/export-ta_arm64/lib/libutee.a(tee_system_pta.o)
 .debug_abbrev  0x0000000000001b51      0x51d /home/neu/Desktop/export-ta_arm64/lib/libutee.a(user_ta_entry.o)
 .debug_abbrev  0x000000000000206e      0x1c4 /home/neu/Desktop/export-ta_arm64/lib/libutee.a(user_ta_entry_compat.o)
 .debug_abbrev  0x0000000000002232       0x12 /home/neu/Desktop/export-ta_arm64/lib/libutee.a(utee_syscalls_a64.o)
 .debug_abbrev  0x0000000000002244       0xdd /home/neu/Desktop/export-ta_arm64/lib/libutee.a(abort.o)
 .debug_abbrev  0x0000000000002321      0x4f2 /home/neu/Desktop/export-ta_arm64/lib/libutee.a(tee_api_arith_mpi.o)
 .debug_abbrev  0x0000000000002813      0x328 /home/neu/Desktop/export-ta_arm64/lib/libutee.a(tee_api_property.o)
 .debug_abbrev  0x0000000000002b3b      0x2d5 /home/neu/Desktop/export-ta_arm64/lib/libutee.a(tcb.o)
 .debug_abbrev  0x0000000000002e10       0xef /home/neu/Desktop/export-ta_arm64/lib/libutee.a(assert.o)
 .debug_abbrev  0x0000000000002eff      0x1a3 /home/neu/Desktop/export-ta_arm64/lib/libutee.a(base64.o)
 .debug_abbrev  0x00000000000030a2      0x5ab /home/neu/Desktop/export-ta_arm64/lib/libmbedtls.a(bignum.o)
 .debug_abbrev  0x000000000000364d      0x38f /home/neu/Desktop/export-ta_arm64/lib/libmbedtls.a(constant_time.o)
 .debug_abbrev  0x00000000000039dc       0xdf /home/neu/Desktop/export-ta_arm64/lib/libmbedtls.a(platform_util.o)
 .debug_abbrev  0x0000000000003abb      0x4c1 /home/neu/Desktop/export-ta_arm64/lib/libutils.a(bget_malloc.o)
 .debug_abbrev  0x0000000000003f7c      0x16c /home/neu/Desktop/export-ta_arm64/lib/libutils.a(snprintf.o)
 .debug_abbrev  0x00000000000040e8       0xa4 /home/neu/Desktop/export-ta_arm64/lib/libutils.a(memmove.o)
 .debug_abbrev  0x000000000000418c       0xa3 /home/neu/Desktop/export-ta_arm64/lib/libutils.a(memset.o)
 .debug_abbrev  0x000000000000422f       0x6f /home/neu/Desktop/export-ta_arm64/lib/libutils.a(strcmp.o)
 .debug_abbrev  0x000000000000429e       0xa3 /home/neu/Desktop/export-ta_arm64/lib/libutils.a(strlcpy.o)
 .debug_abbrev  0x0000000000004341      0x27b /home/neu/Desktop/export-ta_arm64/lib/libutils.a(mempool.o)
 .debug_abbrev  0x00000000000045bc       0xc0 /home/neu/Desktop/export-ta_arm64/lib/libutils.a(consttime_memcmp.o)

.debug_loc      0x0000000000000000    0x28e1f
 .debug_loc     0x0000000000000000      0xb2d ./secure_storage_ta.o
 .debug_loc     0x0000000000000b2d      0x2dd ./user_ta_header.o
 .debug_loc     0x0000000000000e0a      0x71a /home/neu/Desktop/export-ta_arm64/lib/libutils.a(trace.o)
 .debug_loc     0x0000000000001524      0x679 /home/neu/Desktop/export-ta_arm64/lib/libutils.a(memcpy.o)
 .debug_loc     0x0000000000001b9d     0x2ba0 /home/neu/Desktop/export-ta_arm64/lib/libutils.a(snprintk.o)
 .debug_loc     0x000000000000473d      0x130 /home/neu/Desktop/export-ta_arm64/lib/libutils.a(memchr.o)
 .debug_loc     0x000000000000486d       0x8c /home/neu/Desktop/export-ta_arm64/lib/libutils.a(strlen.o)
 .debug_loc     0x00000000000048f9      0x1c4 /home/neu/Desktop/export-ta_arm64/lib/libutee.a(trace_ext.o)
 .debug_loc     0x0000000000004abd     0x2fb7 /home/neu/Desktop/export-ta_arm64/lib/libutee.a(tee_api.o)
 .debug_loc     0x0000000000007a74     0x3fc2 /home/neu/Desktop/export-ta_arm64/lib/libutee.a(tee_api_objects.o)
 .debug_loc     0x000000000000ba36      0xec2 /home/neu/Desktop/export-ta_arm64/lib/libutee.a(tee_api_panic.o)
 .debug_loc     0x000000000000c8f8      0x75c /home/neu/Desktop/export-ta_arm64/lib/libutee.a(tee_system_pta.o)
 .debug_loc     0x000000000000d054     0x1007 /home/neu/Desktop/export-ta_arm64/lib/libutee.a(user_ta_entry.o)
 .debug_loc     0x000000000000e05b      0x4ec /home/neu/Desktop/export-ta_arm64/lib/libutee.a(user_ta_entry_compat.o)
 .debug_loc     0x000000000000e547     0x54b4 /home/neu/Desktop/export-ta_arm64/lib/libutee.a(tee_api_arith_mpi.o)
 .debug_loc     0x00000000000139fb     0x1c6d /home/neu/Desktop/export-ta_arm64/lib/libutee.a(tee_api_property.o)
 .debug_loc     0x0000000000015668      0x72e /home/neu/Desktop/export-ta_arm64/lib/libutee.a(tcb.o)
 .debug_loc     0x0000000000015d96      0x149 /home/neu/Desktop/export-ta_arm64/lib/libutee.a(assert.o)
 .debug_loc     0x0000000000015edf      0x78d /home/neu/Desktop/export-ta_arm64/lib/libutee.a(base64.o)
 .debug_loc     0x000000000001666c     0xab8e /home/neu/Desktop/export-ta_arm64/lib/libmbedtls.a(bignum.o)
 .debug_loc     0x00000000000211fa     0x206d /home/neu/Desktop/export-ta_arm64/lib/libmbedtls.a(constant_time.o)
 .debug_loc     0x0000000000023267       0xb9 /home/neu/Desktop/export-ta_arm64/lib/libmbedtls.a(platform_util.o)
 .debug_loc     0x0000000000023320     0x477f /home/neu/Desktop/export-ta_arm64/lib/libutils.a(bget_malloc.o)
 .debug_loc     0x0000000000027a9f      0x226 /home/neu/Desktop/export-ta_arm64/lib/libutils.a(snprintf.o)
 .debug_loc     0x0000000000027cc5      0x377 /home/neu/Desktop/export-ta_arm64/lib/libutils.a(memmove.o)
 .debug_loc     0x000000000002803c       0xe9 /home/neu/Desktop/export-ta_arm64/lib/libutils.a(memset.o)
 .debug_loc     0x0000000000028125       0xb6 /home/neu/Desktop/export-ta_arm64/lib/libutils.a(strcmp.o)
 .debug_loc     0x00000000000281db      0x30f /home/neu/Desktop/export-ta_arm64/lib/libutils.a(strlcpy.o)
 .debug_loc     0x00000000000284ea      0x712 /home/neu/Desktop/export-ta_arm64/lib/libutils.a(mempool.o)
 .debug_loc     0x0000000000028bfc      0x223 /home/neu/Desktop/export-ta_arm64/lib/libutils.a(consttime_memcmp.o)

.debug_aranges  0x0000000000000000      0x9b0
 .debug_aranges
                0x0000000000000000       0x30 ./secure_storage_ta.o
 .debug_aranges
                0x0000000000000030       0x30 ./user_ta_header.o
 .debug_aranges
                0x0000000000000060       0x30 /home/neu/Desktop/export-ta_arm64/lib/libutils.a(stack_check.o)
 .debug_aranges
                0x0000000000000090       0x30 /home/neu/Desktop/export-ta_arm64/lib/libutils.a(trace.o)
 .debug_aranges
                0x00000000000000c0       0x30 /home/neu/Desktop/export-ta_arm64/lib/libutils.a(memcpy.o)
 .debug_aranges
                0x00000000000000f0       0x30 /home/neu/Desktop/export-ta_arm64/lib/libutils.a(snprintk.o)
 .debug_aranges
                0x0000000000000120       0x30 /home/neu/Desktop/export-ta_arm64/lib/libutils.a(memchr.o)
 .debug_aranges
                0x0000000000000150       0x30 /home/neu/Desktop/export-ta_arm64/lib/libutils.a(strlen.o)
 .debug_aranges
                0x0000000000000180       0x30 /home/neu/Desktop/export-ta_arm64/lib/libutee.a(trace_ext.o)
 .debug_aranges
                0x00000000000001b0       0x30 /home/neu/Desktop/export-ta_arm64/lib/libutee.a(tee_api.o)
 .debug_aranges
                0x00000000000001e0       0x30 /home/neu/Desktop/export-ta_arm64/lib/libutee.a(tee_api_objects.o)
 .debug_aranges
                0x0000000000000210       0x30 /home/neu/Desktop/export-ta_arm64/lib/libutee.a(tee_api_panic.o)
 .debug_aranges
                0x0000000000000240       0x30 /home/neu/Desktop/export-ta_arm64/lib/libutee.a(tee_system_pta.o)
 .debug_aranges
                0x0000000000000270       0x30 /home/neu/Desktop/export-ta_arm64/lib/libutee.a(user_ta_entry.o)
 .debug_aranges
                0x00000000000002a0       0x30 /home/neu/Desktop/export-ta_arm64/lib/libutee.a(user_ta_entry_compat.o)
 .debug_aranges
                0x00000000000002d0      0x3b0 /home/neu/Desktop/export-ta_arm64/lib/libutee.a(utee_syscalls_a64.o)
 .debug_aranges
                0x0000000000000680       0x30 /home/neu/Desktop/export-ta_arm64/lib/libutee.a(abort.o)
 .debug_aranges
                0x00000000000006b0       0x30 /home/neu/Desktop/export-ta_arm64/lib/libutee.a(tee_api_arith_mpi.o)
 .debug_aranges
                0x00000000000006e0       0x30 /home/neu/Desktop/export-ta_arm64/lib/libutee.a(tee_api_property.o)
 .debug_aranges
                0x0000000000000710       0x30 /home/neu/Desktop/export-ta_arm64/lib/libutee.a(tcb.o)
 .debug_aranges
                0x0000000000000740       0x30 /home/neu/Desktop/export-ta_arm64/lib/libutee.a(assert.o)
 .debug_aranges
                0x0000000000000770       0x30 /home/neu/Desktop/export-ta_arm64/lib/libutee.a(base64.o)
 .debug_aranges
                0x00000000000007a0       0x30 /home/neu/Desktop/export-ta_arm64/lib/libmbedtls.a(bignum.o)
 .debug_aranges
                0x00000000000007d0       0x30 /home/neu/Desktop/export-ta_arm64/lib/libmbedtls.a(constant_time.o)
 .debug_aranges
                0x0000000000000800       0x30 /home/neu/Desktop/export-ta_arm64/lib/libmbedtls.a(platform_util.o)
 .debug_aranges
                0x0000000000000830       0x30 /home/neu/Desktop/export-ta_arm64/lib/libutils.a(bget_malloc.o)
 .debug_aranges
                0x0000000000000860       0x30 /home/neu/Desktop/export-ta_arm64/lib/libutils.a(snprintf.o)
 .debug_aranges
                0x0000000000000890       0x30 /home/neu/Desktop/export-ta_arm64/lib/libutils.a(memmove.o)
 .debug_aranges
                0x00000000000008c0       0x30 /home/neu/Desktop/export-ta_arm64/lib/libutils.a(memset.o)
 .debug_aranges
                0x00000000000008f0       0x30 /home/neu/Desktop/export-ta_arm64/lib/libutils.a(strcmp.o)
 .debug_aranges
                0x0000000000000920       0x30 /home/neu/Desktop/export-ta_arm64/lib/libutils.a(strlcpy.o)
 .debug_aranges
                0x0000000000000950       0x30 /home/neu/Desktop/export-ta_arm64/lib/libutils.a(mempool.o)
 .debug_aranges
                0x0000000000000980       0x30 /home/neu/Desktop/export-ta_arm64/lib/libutils.a(consttime_memcmp.o)

.debug_ranges   0x0000000000000000     0x1df0
 .debug_ranges  0x0000000000000000       0xc0 ./secure_storage_ta.o
 .debug_ranges  0x00000000000000c0       0x20 ./user_ta_header.o
 .debug_ranges  0x00000000000000e0       0x70 /home/neu/Desktop/export-ta_arm64/lib/libutils.a(trace.o)
 .debug_ranges  0x0000000000000150       0x30 /home/neu/Desktop/export-ta_arm64/lib/libutils.a(snprintk.o)
 .debug_ranges  0x0000000000000180      0x200 /home/neu/Desktop/export-ta_arm64/lib/libutee.a(tee_api.o)
 .debug_ranges  0x0000000000000380      0x130 /home/neu/Desktop/export-ta_arm64/lib/libutee.a(tee_api_panic.o)
 .debug_ranges  0x00000000000004b0       0x30 /home/neu/Desktop/export-ta_arm64/lib/libutee.a(tee_system_pta.o)
 .debug_ranges  0x00000000000004e0      0x1b0 /home/neu/Desktop/export-ta_arm64/lib/libutee.a(user_ta_entry.o)
 .debug_ranges  0x0000000000000690      0x3b0 /home/neu/Desktop/export-ta_arm64/lib/libutee.a(utee_syscalls_a64.o)
 .debug_ranges  0x0000000000000a40       0x20 /home/neu/Desktop/export-ta_arm64/lib/libutee.a(abort.o)
 .debug_ranges  0x0000000000000a60      0x5d0 /home/neu/Desktop/export-ta_arm64/lib/libutee.a(tee_api_arith_mpi.o)
 .debug_ranges  0x0000000000001030       0x70 /home/neu/Desktop/export-ta_arm64/lib/libutee.a(tee_api_property.o)
 .debug_ranges  0x00000000000010a0       0xb0 /home/neu/Desktop/export-ta_arm64/lib/libutee.a(base64.o)
 .debug_ranges  0x0000000000001150      0x410 /home/neu/Desktop/export-ta_arm64/lib/libmbedtls.a(bignum.o)
 .debug_ranges  0x0000000000001560      0x220 /home/neu/Desktop/export-ta_arm64/lib/libmbedtls.a(constant_time.o)
 .debug_ranges  0x0000000000001780      0x5e0 /home/neu/Desktop/export-ta_arm64/lib/libutils.a(bget_malloc.o)
 .debug_ranges  0x0000000000001d60       0x90 /home/neu/Desktop/export-ta_arm64/lib/libutils.a(mempool.o)

.debug_macro    0x0000000000000000    0x19b08
 .debug_macro   0x0000000000000000       0xd9 ./secure_storage_ta.o
 .debug_macro   0x00000000000000d9      0x9b2 ./secure_storage_ta.o
 .debug_macro   0x0000000000000a8b       0x7c ./secure_storage_ta.o
 .debug_macro   0x0000000000000b07      0x1a0 ./secure_storage_ta.o
 .debug_macro   0x0000000000000ca7       0xc4 ./secure_storage_ta.o
 .debug_macro   0x0000000000000d6b       0x22 ./secure_storage_ta.o
 .debug_macro   0x0000000000000d8d      0x112 ./secure_storage_ta.o
 .debug_macro   0x0000000000000e9f      0x174 ./secure_storage_ta.o
 .debug_macro   0x0000000000001013      0xceb ./secure_storage_ta.o
 .debug_macro   0x0000000000001cfe       0x22 ./secure_storage_ta.o
 .debug_macro   0x0000000000001d20       0x35 ./secure_storage_ta.o
 .debug_macro   0x0000000000001d55       0x58 ./secure_storage_ta.o
 .debug_macro   0x0000000000001dad       0x34 ./secure_storage_ta.o
 .debug_macro   0x0000000000001de1       0x79 ./secure_storage_ta.o
 .debug_macro   0x0000000000001e5a      0x184 ./secure_storage_ta.o
 .debug_macro   0x0000000000001fde       0xfd ./secure_storage_ta.o
 .debug_macro   0x00000000000020db      0x1a0 ./user_ta_header.o
 .debug_macro   0x000000000000227b      0x9b2 ./user_ta_header.o
 .debug_macro   0x0000000000002c2d       0x2e ./user_ta_header.o
 .debug_macro   0x0000000000002c5b       0x2e ./user_ta_header.o
 .debug_macro   0x0000000000002c89       0x33 ./user_ta_header.o
 .debug_macro   0x0000000000002cbc       0xf0 ./user_ta_header.o
 .debug_macro   0x0000000000002dac       0x88 ./user_ta_header.o
 .debug_macro   0x0000000000002e34       0x22 ./user_ta_header.o
 .debug_macro   0x0000000000002e56       0xb5 /home/neu/Desktop/export-ta_arm64/lib/libutils.a(stack_check.o)
 .debug_macro   0x0000000000002f0b      0x95e /home/neu/Desktop/export-ta_arm64/lib/libutils.a(stack_check.o)
 .debug_macro   0x0000000000003869      0x5ad /home/neu/Desktop/export-ta_arm64/lib/libutils.a(stack_check.o)
 .debug_macro   0x0000000000003e16       0x79 /home/neu/Desktop/export-ta_arm64/lib/libutils.a(stack_check.o)
 .debug_macro   0x0000000000003e8f      0xcf1 /home/neu/Desktop/export-ta_arm64/lib/libutils.a(stack_check.o)
 .debug_macro   0x0000000000004b80       0xd6 /home/neu/Desktop/export-ta_arm64/lib/libutils.a(trace.o)
 .debug_macro   0x0000000000004c56      0x95e /home/neu/Desktop/export-ta_arm64/lib/libutils.a(trace.o)
 .debug_macro   0x00000000000055b4       0x16 /home/neu/Desktop/export-ta_arm64/lib/libutils.a(trace.o)
 .debug_macro   0x00000000000055ca       0xea /home/neu/Desktop/export-ta_arm64/lib/libutils.a(trace.o)
 .debug_macro   0x00000000000056b4       0x57 /home/neu/Desktop/export-ta_arm64/lib/libutils.a(memcpy.o)
 .debug_macro   0x000000000000570b      0x958 /home/neu/Desktop/export-ta_arm64/lib/libutils.a(memcpy.o)
 .debug_macro   0x0000000000006063       0x7c /home/neu/Desktop/export-ta_arm64/lib/libutils.a(memcpy.o)
 .debug_macro   0x00000000000060df      0x13d /home/neu/Desktop/export-ta_arm64/lib/libutils.a(snprintk.o)
 .debug_macro   0x000000000000621c      0x95e /home/neu/Desktop/export-ta_arm64/lib/libutils.a(snprintk.o)
 .debug_macro   0x0000000000006b7a       0x66 /home/neu/Desktop/export-ta_arm64/lib/libutils.a(memchr.o)
 .debug_macro   0x0000000000006be0      0x95e /home/neu/Desktop/export-ta_arm64/lib/libutils.a(memchr.o)
 .debug_macro   0x000000000000753e       0x5a /home/neu/Desktop/export-ta_arm64/lib/libutils.a(strlen.o)
 .debug_macro   0x0000000000007598      0x95e /home/neu/Desktop/export-ta_arm64/lib/libutils.a(strlen.o)
 .debug_macro   0x0000000000007ef6       0xf1 /home/neu/Desktop/export-ta_arm64/lib/libutee.a(trace_ext.o)
 .debug_macro   0x0000000000007fe7      0x95e /home/neu/Desktop/export-ta_arm64/lib/libutee.a(trace_ext.o)
 .debug_macro   0x0000000000008945      0x1a5 /home/neu/Desktop/export-ta_arm64/lib/libutee.a(tee_api.o)
 .debug_macro   0x0000000000008aea      0x95e /home/neu/Desktop/export-ta_arm64/lib/libutee.a(tee_api.o)
 .debug_macro   0x0000000000009448      0x152 /home/neu/Desktop/export-ta_arm64/lib/libutee.a(tee_api_objects.o)
 .debug_macro   0x000000000000959a      0x95e /home/neu/Desktop/export-ta_arm64/lib/libutee.a(tee_api_objects.o)
 .debug_macro   0x0000000000009ef8      0x124 /home/neu/Desktop/export-ta_arm64/lib/libutee.a(tee_api_panic.o)
 .debug_macro   0x000000000000a01c      0x95e /home/neu/Desktop/export-ta_arm64/lib/libutee.a(tee_api_panic.o)
 .debug_macro   0x000000000000a97a      0x13a /home/neu/Desktop/export-ta_arm64/lib/libutee.a(tee_system_pta.o)
 .debug_macro   0x000000000000aab4      0x95e /home/neu/Desktop/export-ta_arm64/lib/libutee.a(tee_system_pta.o)
 .debug_macro   0x000000000000b412       0x89 /home/neu/Desktop/export-ta_arm64/lib/libutee.a(tee_system_pta.o)
 .debug_macro   0x000000000000b49b      0x20b /home/neu/Desktop/export-ta_arm64/lib/libutee.a(user_ta_entry.o)
 .debug_macro   0x000000000000b6a6      0x95e /home/neu/Desktop/export-ta_arm64/lib/libutee.a(user_ta_entry.o)
 .debug_macro   0x000000000000c004     0x1609 /home/neu/Desktop/export-ta_arm64/lib/libutee.a(user_ta_entry.o)
 .debug_macro   0x000000000000d60d       0x5f /home/neu/Desktop/export-ta_arm64/lib/libutee.a(user_ta_entry.o)
 .debug_macro   0x000000000000d66c       0x16 /home/neu/Desktop/export-ta_arm64/lib/libutee.a(user_ta_entry.o)
 .debug_macro   0x000000000000d682       0x1c /home/neu/Desktop/export-ta_arm64/lib/libutee.a(user_ta_entry.o)
 .debug_macro   0x000000000000d69e      0x2e9 /home/neu/Desktop/export-ta_arm64/lib/libutee.a(user_ta_entry.o)
 .debug_macro   0x000000000000d987       0x34 /home/neu/Desktop/export-ta_arm64/lib/libutee.a(user_ta_entry.o)
 .debug_macro   0x000000000000d9bb       0x8e /home/neu/Desktop/export-ta_arm64/lib/libutee.a(user_ta_entry.o)
 .debug_macro   0x000000000000da49       0xb3 /home/neu/Desktop/export-ta_arm64/lib/libutee.a(user_ta_entry_compat.o)
 .debug_macro   0x000000000000dafc      0x95e /home/neu/Desktop/export-ta_arm64/lib/libutee.a(user_ta_entry_compat.o)
 .debug_macro   0x000000000000e45a      0x139 /home/neu/Desktop/export-ta_arm64/lib/libutee.a(abort.o)
 .debug_macro   0x000000000000e593      0x95e /home/neu/Desktop/export-ta_arm64/lib/libutee.a(abort.o)
 .debug_macro   0x000000000000eef1      0x1cb /home/neu/Desktop/export-ta_arm64/lib/libutee.a(tee_api_arith_mpi.o)
 .debug_macro   0x000000000000f0bc      0x95e /home/neu/Desktop/export-ta_arm64/lib/libutee.a(tee_api_arith_mpi.o)
 .debug_macro   0x000000000000fa1a      0x142 /home/neu/Desktop/export-ta_arm64/lib/libutee.a(tee_api_arith_mpi.o)
 .debug_macro   0x000000000000fb5c       0x12 /home/neu/Desktop/export-ta_arm64/lib/libutee.a(tee_api_arith_mpi.o)
 .debug_macro   0x000000000000fb6e       0x79 /home/neu/Desktop/export-ta_arm64/lib/libutee.a(tee_api_arith_mpi.o)
 .debug_macro   0x000000000000fbe7      0x21c /home/neu/Desktop/export-ta_arm64/lib/libutee.a(tee_api_arith_mpi.o)
 .debug_macro   0x000000000000fe03      0x1f3 /home/neu/Desktop/export-ta_arm64/lib/libutee.a(tee_api_property.o)
 .debug_macro   0x000000000000fff6      0x95e /home/neu/Desktop/export-ta_arm64/lib/libutee.a(tee_api_property.o)
 .debug_macro   0x0000000000010954       0x3a /home/neu/Desktop/export-ta_arm64/lib/libutee.a(tee_api_property.o)
 .debug_macro   0x000000000001098e      0x189 /home/neu/Desktop/export-ta_arm64/lib/libutee.a(tcb.o)
 .debug_macro   0x0000000000010b17      0x95e /home/neu/Desktop/export-ta_arm64/lib/libutee.a(tcb.o)
 .debug_macro   0x0000000000011475       0x10 /home/neu/Desktop/export-ta_arm64/lib/libutee.a(tcb.o)
 .debug_macro   0x0000000000011485      0x105 /home/neu/Desktop/export-ta_arm64/lib/libutee.a(assert.o)
 .debug_macro   0x000000000001158a      0x95e /home/neu/Desktop/export-ta_arm64/lib/libutee.a(assert.o)
 .debug_macro   0x0000000000011ee8       0x48 /home/neu/Desktop/export-ta_arm64/lib/libutee.a(base64.o)
 .debug_macro   0x0000000000011f30      0x95e /home/neu/Desktop/export-ta_arm64/lib/libutee.a(base64.o)
 .debug_macro   0x000000000001288e      0x1d4 /home/neu/Desktop/export-ta_arm64/lib/libmbedtls.a(bignum.o)
 .debug_macro   0x0000000000012a62      0x95e /home/neu/Desktop/export-ta_arm64/lib/libmbedtls.a(bignum.o)
 .debug_macro   0x00000000000133c0       0x8b /home/neu/Desktop/export-ta_arm64/lib/libmbedtls.a(bignum.o)
 .debug_macro   0x000000000001344b       0x2b /home/neu/Desktop/export-ta_arm64/lib/libmbedtls.a(bignum.o)
 .debug_macro   0x0000000000013476       0x41 /home/neu/Desktop/export-ta_arm64/lib/libmbedtls.a(bignum.o)
 .debug_macro   0x00000000000134b7       0x17 /home/neu/Desktop/export-ta_arm64/lib/libmbedtls.a(bignum.o)
 .debug_macro   0x00000000000134ce       0x10 /home/neu/Desktop/export-ta_arm64/lib/libmbedtls.a(bignum.o)
 .debug_macro   0x00000000000134de      0x113 /home/neu/Desktop/export-ta_arm64/lib/libmbedtls.a(constant_time.o)
 .debug_macro   0x00000000000135f1      0x95e /home/neu/Desktop/export-ta_arm64/lib/libmbedtls.a(constant_time.o)
 .debug_macro   0x0000000000013f4f       0x3c /home/neu/Desktop/export-ta_arm64/lib/libmbedtls.a(constant_time.o)
 .debug_macro   0x0000000000013f8b       0x70 /home/neu/Desktop/export-ta_arm64/lib/libmbedtls.a(constant_time.o)
 .debug_macro   0x0000000000013ffb      0x14d /home/neu/Desktop/export-ta_arm64/lib/libmbedtls.a(platform_util.o)
 .debug_macro   0x0000000000014148      0x95e /home/neu/Desktop/export-ta_arm64/lib/libmbedtls.a(platform_util.o)
 .debug_macro   0x0000000000014aa6       0x10 /home/neu/Desktop/export-ta_arm64/lib/libmbedtls.a(platform_util.o)
 .debug_macro   0x0000000000014ab6       0x7f /home/neu/Desktop/export-ta_arm64/lib/libmbedtls.a(platform_util.o)
 .debug_macro   0x0000000000014b35       0x16 /home/neu/Desktop/export-ta_arm64/lib/libmbedtls.a(platform_util.o)
 .debug_macro   0x0000000000014b4b      0x174 /home/neu/Desktop/export-ta_arm64/lib/libutils.a(bget_malloc.o)
 .debug_macro   0x0000000000014cbf      0x95e /home/neu/Desktop/export-ta_arm64/lib/libutils.a(bget_malloc.o)
 .debug_macro   0x000000000001561d       0x10 /home/neu/Desktop/export-ta_arm64/lib/libutils.a(bget_malloc.o)
 .debug_macro   0x000000000001562d       0x3c /home/neu/Desktop/export-ta_arm64/lib/libutils.a(bget_malloc.o)
 .debug_macro   0x0000000000015669       0x4d /home/neu/Desktop/export-ta_arm64/lib/libutils.a(snprintf.o)
 .debug_macro   0x00000000000156b6      0x95e /home/neu/Desktop/export-ta_arm64/lib/libutils.a(snprintf.o)
 .debug_macro   0x0000000000016014       0x64 /home/neu/Desktop/export-ta_arm64/lib/libutils.a(memmove.o)
 .debug_macro   0x0000000000016078      0x95e /home/neu/Desktop/export-ta_arm64/lib/libutils.a(memmove.o)
 .debug_macro   0x00000000000169d6       0x51 /home/neu/Desktop/export-ta_arm64/lib/libutils.a(memset.o)
 .debug_macro   0x0000000000016a27      0x95e /home/neu/Desktop/export-ta_arm64/lib/libutils.a(memset.o)
 .debug_macro   0x0000000000017385       0x54 /home/neu/Desktop/export-ta_arm64/lib/libutils.a(strcmp.o)
 .debug_macro   0x00000000000173d9      0x95e /home/neu/Desktop/export-ta_arm64/lib/libutils.a(strcmp.o)
 .debug_macro   0x0000000000017d37       0x8b /home/neu/Desktop/export-ta_arm64/lib/libutils.a(strlcpy.o)
 .debug_macro   0x0000000000017dc2      0x95e /home/neu/Desktop/export-ta_arm64/lib/libutils.a(strlcpy.o)
 .debug_macro   0x0000000000018720       0xed /home/neu/Desktop/export-ta_arm64/lib/libutils.a(mempool.o)
 .debug_macro   0x000000000001880d      0x95e /home/neu/Desktop/export-ta_arm64/lib/libutils.a(mempool.o)
 .debug_macro   0x000000000001916b       0x3f /home/neu/Desktop/export-ta_arm64/lib/libutils.a(consttime_memcmp.o)
 .debug_macro   0x00000000000191aa      0x95e /home/neu/Desktop/export-ta_arm64/lib/libutils.a(consttime_memcmp.o)

.debug_line     0x0000000000000000    0x1033b
 .debug_line    0x0000000000000000      0x3fc ./secure_storage_ta.o
 .debug_line    0x00000000000003fc      0x2ec ./user_ta_header.o
 .debug_line    0x00000000000006e8      0x23b /home/neu/Desktop/export-ta_arm64/lib/libutils.a(stack_check.o)
 .debug_line    0x0000000000000923      0x3f8 /home/neu/Desktop/export-ta_arm64/lib/libutils.a(trace.o)
 .debug_line    0x0000000000000d1b      0x23b /home/neu/Desktop/export-ta_arm64/lib/libutils.a(memcpy.o)
 .debug_line    0x0000000000000f56      0x960 /home/neu/Desktop/export-ta_arm64/lib/libutils.a(snprintk.o)
 .debug_line    0x00000000000018b6      0x1aa /home/neu/Desktop/export-ta_arm64/lib/libutils.a(memchr.o)
 .debug_line    0x0000000000001a60      0x19b /home/neu/Desktop/export-ta_arm64/lib/libutils.a(strlen.o)
 .debug_line    0x0000000000001bfb      0x336 /home/neu/Desktop/export-ta_arm64/lib/libutee.a(trace_ext.o)
 .debug_line    0x0000000000001f31      0xfd5 /home/neu/Desktop/export-ta_arm64/lib/libutee.a(tee_api.o)
 .debug_line    0x0000000000002f06     0x1208 /home/neu/Desktop/export-ta_arm64/lib/libutee.a(tee_api_objects.o)
 .debug_line    0x000000000000410e      0x4a1 /home/neu/Desktop/export-ta_arm64/lib/libutee.a(tee_api_panic.o)
 .debug_line    0x00000000000045af      0x49f /home/neu/Desktop/export-ta_arm64/lib/libutee.a(tee_system_pta.o)
 .debug_line    0x0000000000004a4e      0xa6e /home/neu/Desktop/export-ta_arm64/lib/libutee.a(user_ta_entry.o)
 .debug_line    0x00000000000054bc      0x365 /home/neu/Desktop/export-ta_arm64/lib/libutee.a(user_ta_entry_compat.o)
 .debug_line    0x0000000000005821      0x53c /home/neu/Desktop/export-ta_arm64/lib/libutee.a(utee_syscalls_a64.o)
 .debug_line    0x0000000000005d5d      0x2ad /home/neu/Desktop/export-ta_arm64/lib/libutee.a(abort.o)
 .debug_line    0x000000000000600a     0x1c0e /home/neu/Desktop/export-ta_arm64/lib/libutee.a(tee_api_arith_mpi.o)
 .debug_line    0x0000000000007c18      0xc0f /home/neu/Desktop/export-ta_arm64/lib/libutee.a(tee_api_property.o)
 .debug_line    0x0000000000008827      0x5a6 /home/neu/Desktop/export-ta_arm64/lib/libutee.a(tcb.o)
 .debug_line    0x0000000000008dcd      0x2c9 /home/neu/Desktop/export-ta_arm64/lib/libutee.a(assert.o)
 .debug_line    0x0000000000009096      0x432 /home/neu/Desktop/export-ta_arm64/lib/libutee.a(base64.o)
 .debug_line    0x00000000000094c8     0x4214 /home/neu/Desktop/export-ta_arm64/lib/libmbedtls.a(bignum.o)
 .debug_line    0x000000000000d6dc      0xc50 /home/neu/Desktop/export-ta_arm64/lib/libmbedtls.a(constant_time.o)
 .debug_line    0x000000000000e32c      0x2de /home/neu/Desktop/export-ta_arm64/lib/libmbedtls.a(platform_util.o)
 .debug_line    0x000000000000e60a      0xe8d /home/neu/Desktop/export-ta_arm64/lib/libutils.a(bget_malloc.o)
 .debug_line    0x000000000000f497      0x1cf /home/neu/Desktop/export-ta_arm64/lib/libutils.a(snprintf.o)
 .debug_line    0x000000000000f666      0x1d0 /home/neu/Desktop/export-ta_arm64/lib/libutils.a(memmove.o)
 .debug_line    0x000000000000f836      0x18c /home/neu/Desktop/export-ta_arm64/lib/libutils.a(memset.o)
 .debug_line    0x000000000000f9c2      0x1a0 /home/neu/Desktop/export-ta_arm64/lib/libutils.a(strcmp.o)
 .debug_line    0x000000000000fb62      0x238 /home/neu/Desktop/export-ta_arm64/lib/libutils.a(strlcpy.o)
 .debug_line    0x000000000000fd9a      0x35c /home/neu/Desktop/export-ta_arm64/lib/libutils.a(mempool.o)
 .debug_line    0x00000000000100f6      0x245 /home/neu/Desktop/export-ta_arm64/lib/libutils.a(consttime_memcmp.o)

.debug_str      0x0000000000000000    0x1ba2e
 .debug_str     0x0000000000000000     0xa2fc ./secure_storage_ta.o