Archive member included to satisfy reference by file (symbol)

/home/neu/Desktop/export-ta_arm64/lib/libutils.a(trace.o)
                              ./hello_world_ta.o (trace_printf)
/home/neu/Desktop/export-ta_arm64/lib/libutils.a(stack_check.o)
                              /home/neu/Desktop/export-ta_arm64/lib/libutils.a(trace.o) (__stack_chk_fail)
/home/neu/Desktop/export-ta_arm64/lib/libutils.a(memcpy.o)
                              /home/neu/Desktop/export-ta_arm64/lib/libutils.a(trace.o) (memcpy)
/home/neu/Desktop/export-ta_arm64/lib/libutils.a(snprintk.o)
                              /home/neu/Desktop/export-ta_arm64/lib/libutils.a(trace.o) (vsnprintk)
/home/neu/Desktop/export-ta_arm64/lib/libutils.a(memchr.o)
                              /home/neu/Desktop/export-ta_arm64/lib/libutils.a(snprintk.o) (memchr)
/home/neu/Desktop/export-ta_arm64/lib/libutils.a(strlen.o)
                              /home/neu/Desktop/export-ta_arm64/lib/libutils.a(snprintk.o) (strlen)
/home/neu/Desktop/export-ta_arm64/lib/libutee.a(trace_ext.o)
                              /home/neu/Desktop/export-ta_arm64/lib/libutils.a(trace.o) (trace_ext_puts)
/home/neu/Desktop/export-ta_arm64/lib/libutee.a(user_ta_entry.o)
                              ./user_ta_header.o (__utee_entry)
/home/neu/Desktop/export-ta_arm64/lib/libutee.a(user_ta_entry_compat.o)
                              ./user_ta_header.o (__ta_open_sess)
/home/neu/Desktop/export-ta_arm64/lib/libutee.a(utee_syscalls_a64.o)
                              /home/neu/Desktop/export-ta_arm64/lib/libutils.a(stack_check.o) (_utee_panic)
/home/neu/Desktop/export-ta_arm64/lib/libutee.a(abort.o)
                              /home/neu/Desktop/export-ta_arm64/lib/libutee.a(user_ta_entry.o) (abort)
/home/neu/Desktop/export-ta_arm64/lib/libutee.a(tee_api.o)
                              /home/neu/Desktop/export-ta_arm64/lib/libutee.a(user_ta_entry.o) (TEE_Malloc)
/home/neu/Desktop/export-ta_arm64/lib/libutee.a(tee_api_arith_mpi.o)
                              /home/neu/Desktop/export-ta_arm64/lib/libutee.a(user_ta_entry.o) (_TEE_MathAPI_Init)
/home/neu/Desktop/export-ta_arm64/lib/libutee.a(tee_api_panic.o)
                              /home/neu/Desktop/export-ta_arm64/lib/libutee.a(tee_api.o) (TEE_Panic)
/home/neu/Desktop/export-ta_arm64/lib/libutee.a(tee_api_property.o)
                              /home/neu/Desktop/export-ta_arm64/lib/libutee.a(user_ta_entry.o) (TEE_GetPropertyAsU32)
/home/neu/Desktop/export-ta_arm64/lib/libutee.a(tee_system_pta.o)
                              /home/neu/Desktop/export-ta_arm64/lib/libutee.a(tee_api.o) (tee_map_zi)
/home/neu/Desktop/export-ta_arm64/lib/libutee.a(tcb.o)
                              /home/neu/Desktop/export-ta_arm64/lib/libutee.a(user_ta_entry.o) (__utee_tcb_init)
/home/neu/Desktop/export-ta_arm64/lib/libutee.a(assert.o)
                              /home/neu/Desktop/export-ta_arm64/lib/libutee.a(tcb.o) (_assert_log)
/home/neu/Desktop/export-ta_arm64/lib/libutee.a(base64.o)
                              /home/neu/Desktop/export-ta_arm64/lib/libutee.a(tee_api_property.o) (_base64_enc_len)
/home/neu/Desktop/export-ta_arm64/lib/libmbedtls.a(bignum.o)
                              /home/neu/Desktop/export-ta_arm64/lib/libutee.a(tee_api_arith_mpi.o) (mbedtls_mpi_init_mempool)
/home/neu/Desktop/export-ta_arm64/lib/libmbedtls.a(constant_time.o)
                              /home/neu/Desktop/export-ta_arm64/lib/libmbedtls.a(bignum.o) (mbedtls_ct_size_bool_eq)
/home/neu/Desktop/export-ta_arm64/lib/libmbedtls.a(platform_util.o)
                              /home/neu/Desktop/export-ta_arm64/lib/libmbedtls.a(bignum.o) (mbedtls_platform_zeroize)
/home/neu/Desktop/export-ta_arm64/lib/libutils.a(bget_malloc.o)
                              /home/neu/Desktop/export-ta_arm64/lib/libutee.a(tee_api.o) (raw_malloc)
/home/neu/Desktop/export-ta_arm64/lib/libutils.a(snprintf.o)
                              /home/neu/Desktop/export-ta_arm64/lib/libutee.a(tee_api_property.o) (snprintf)
/home/neu/Desktop/export-ta_arm64/lib/libutils.a(memmove.o)
                              /home/neu/Desktop/export-ta_arm64/lib/libutee.a(tee_api.o) (memmove)
/home/neu/Desktop/export-ta_arm64/lib/libutils.a(memset.o)
                              /home/neu/Desktop/export-ta_arm64/lib/libutee.a(user_ta_entry.o) (memset)
/home/neu/Desktop/export-ta_arm64/lib/libutils.a(strcmp.o)
                              /home/neu/Desktop/export-ta_arm64/lib/libutee.a(tee_api_property.o) (strcmp)
/home/neu/Desktop/export-ta_arm64/lib/libutils.a(strlcpy.o)
                              /home/neu/Desktop/export-ta_arm64/lib/libutee.a(tee_api_property.o) (strlcpy)
/home/neu/Desktop/export-ta_arm64/lib/libutils.a(mempool.o)
                              /home/neu/Desktop/export-ta_arm64/lib/libutee.a(tee_api_arith_mpi.o) (mempool_alloc_pool)
/home/neu/Desktop/export-ta_arm64/lib/libutils.a(consttime_memcmp.o)
[...]
Memory Configuration

Name             Origin             Length             Attributes
*default*        0x0000000000000000 0xffffffffffffffff

Linker script and memory map


.ta_head        0x0000000000000000       0x20
 *(SORT_BY_ALIGNMENT(.ta_head))
 .ta_head       0x0000000000000000       0x20 ./user_ta_header.o
                0x0000000000000000                ta_head

.text           0x0000000000000020     0xca40
                0x0000000000000020                __text_start = .
 *(SORT_BY_ALIGNMENT(.text) SORT_BY_ALIGNMENT(.text.*))
 .text          0x0000000000000020       0xec /home/neu/Desktop/export-ta_arm64/lib/libutils.a(memcpy.o)
                0x0000000000000020                memcpy
 .text          0x000000000000010c      0x228 ./hello_world_ta.o
                0x000000000000010c                TA_CreateEntryPoint
                0x0000000000000140                TA_DestroyEntryPoint
                0x0000000000000164                __GP11_TA_OpenSessionEntryPoint
                0x00000000000001d4                TA_CloseSessionEntryPoint
                0x00000000000001f8                __GP11_TA_InvokeCommandEntryPoint
 .text          0x0000000000000334       0x34 ./user_ta_header.o
                0x0000000000000334                __ta_entry
                0x0000000000000348                tahead_get_trace_level
                0x0000000000000350                TA_OpenSessionEntryPoint
                0x000000000000035c                TA_InvokeCommandEntryPoint
 .text          0x0000000000000368      0x32c /home/neu/Desktop/export-ta_arm64/lib/libutils.a(trace.o)
                0x0000000000000368                trace_set_level
                0x0000000000000384                trace_get_level
                0x0000000000000394                trace_vprintf
                0x00000000000005b0                trace_printf
                0x0000000000000690                dhex_dump
 .text          0x0000000000000694       0x30 /home/neu/Desktop/export-ta_arm64/lib/libutils.a(stack_check.o)
                0x0000000000000694                __stack_chk_fail
 .text          0x00000000000006c4      0xe10 /home/neu/Desktop/export-ta_arm64/lib/libutils.a(snprintk.o)
                0x00000000000006c4                __vsnprintf
                0x0000000000000784                vsnprintk
                0x00000000000007dc                snprintk
                0x0000000000001488                __vsprintf
 .text          0x00000000000014d4       0x2c /home/neu/Desktop/export-ta_arm64/lib/libutils.a(memchr.o)
                0x00000000000014d4                memchr
 .text          0x0000000000001500       0x1c /home/neu/Desktop/export-ta_arm64/lib/libutils.a(strlen.o)
                0x0000000000001500                strlen
 .text          0x000000000000151c      0x1e0 /home/neu/Desktop/export-ta_arm64/lib/libutee.a(trace_ext.o)
                0x000000000000151c                trace_ext_puts
                0x0000000000001544                trace_ext_get_thread_id
                0x000000000000154c                printf
                0x000000000000164c                puts
                0x000000000000168c                putchar
 .text          0x00000000000016fc      0x74c /home/neu/Desktop/export-ta_arm64/lib/libutee.a(user_ta_entry.o)
                0x00000000000019c0                __utee_call_elf_init_fn
                0x0000000000001b18                __utee_call_elf_fini_fn
                0x0000000000001bc0                __utee_entry
 .text          0x0000000000001e48      0x234 /home/neu/Desktop/export-ta_arm64/lib/libutee.a(user_ta_entry_compat.o)
                0x0000000000001f10                __ta_open_sess
                0x0000000000001fbc                __ta_invoke_cmd
 .text._utee_panic
                0x000000000000207c        0xc /home/neu/Desktop/export-ta_arm64/lib/libutee.a(utee_syscalls_a64.o)
                0x000000000000207c                _utee_panic
 .text._utee_return
                0x0000000000002088        0xc /home/neu/Desktop/export-ta_arm64/lib/libutee.a(utee_syscalls_a64.o)
                0x0000000000002088                _utee_return
 .text._utee_log
                0x0000000000002094        0xc /home/neu/Desktop/export-ta_arm64/lib/libutee.a(utee_syscalls_a64.o)
                0x0000000000002094                _utee_log
 .text.__utee_panic
                0x00000000000020a0        0xc /home/neu/Desktop/export-ta_arm64/lib/libutee.a(utee_syscalls_a64.o)
                0x00000000000020a0                __utee_panic
 .text._utee_get_property
                0x00000000000020ac        0xc /home/neu/Desktop/export-ta_arm64/lib/libutee.a(utee_syscalls_a64.o)
                0x00000000000020ac                _utee_get_property
 .text._utee_get_property_name_to_index
                0x00000000000020b8        0xc /home/neu/Desktop/export-ta_arm64/lib/libutee.a(utee_syscalls_a64.o)
                0x00000000000020b8                _utee_get_property_name_to_index
 .text._utee_open_ta_session
                0x00000000000020c4        0xc /home/neu/Desktop/export-ta_arm64/lib/libutee.a(utee_syscalls_a64.o)
                0x00000000000020c4                _utee_open_ta_session
 .text._utee_close_ta_session
                0x00000000000020d0        0xc /home/neu/Desktop/export-ta_arm64/lib/libutee.a(utee_syscalls_a64.o)
                0x00000000000020d0                _utee_close_ta_session
 .text._utee_invoke_ta_command
                0x00000000000020dc        0xc /home/neu/Desktop/export-ta_arm64/lib/libutee.a(utee_syscalls_a64.o)
                0x00000000000020dc                _utee_invoke_ta_command
 .text._utee_get_cancellation_flag
                0x00000000000020e8        0xc /home/neu/Desktop/export-ta_arm64/lib/libutee.a(utee_syscalls_a64.o)
                0x00000000000020e8                _utee_get_cancellation_flag
 .text._utee_check_access_rights
                0x00000000000020f4        0xc /home/neu/Desktop/export-ta_arm64/lib/libutee.a(utee_syscalls_a64.o)
                0x00000000000020f4                _utee_check_access_rights
 .text._utee_unmask_cancellation
                0x0000000000002100        0xc /home/neu/Desktop/export-ta_arm64/lib/libutee.a(utee_syscalls_a64.o)
                0x0000000000002100                _utee_unmask_cancellation
 .text._utee_mask_cancellation
                0x000000000000210c        0xc /home/neu/Desktop/export-ta_arm64/lib/libutee.a(utee_syscalls_a64.o)
                0x000000000000210c                _utee_mask_cancellation
 .text._utee_wait
                0x0000000000002118        0xc /home/neu/Desktop/export-ta_arm64/lib/libutee.a(utee_syscalls_a64.o)
                0x0000000000002118                _utee_wait
 .text._utee_get_time
                0x0000000000002124        0xc /home/neu/Desktop/export-ta_arm64/lib/libutee.a(utee_syscalls_a64.o)
                0x0000000000002124                _utee_get_time
 .text._utee_set_ta_time
                0x0000000000002130        0xc /home/neu/Desktop/export-ta_arm64/lib/libutee.a(utee_syscalls_a64.o)
                0x0000000000002130                _utee_set_ta_time
 .text._utee_cryp_state_alloc
                0x000000000000213c        0xc /home/neu/Desktop/export-ta_arm64/lib/libutee.a(utee_syscalls_a64.o)
                0x000000000000213c                _utee_cryp_state_alloc
 .text._utee_cryp_state_copy
                0x0000000000002148        0xc /home/neu/Desktop/export-ta_arm64/lib/libutee.a(utee_syscalls_a64.o)
                0x0000000000002148                _utee_cryp_state_copy
 .text._utee_cryp_state_free
                0x0000000000002154        0xc /home/neu/Desktop/export-ta_arm64/lib/libutee.a(utee_syscalls_a64.o)
                0x0000000000002154                _utee_cryp_state_free
 .text._utee_hash_init
                0x0000000000002160        0xc /home/neu/Desktop/export-ta_arm64/lib/libutee.a(utee_syscalls_a64.o)
                0x0000000000002160                _utee_hash_init
 .text._utee_hash_update
                0x000000000000216c        0xc /home/neu/Desktop/export-ta_arm64/lib/libutee.a(utee_syscalls_a64.o)
                0x000000000000216c                _utee_hash_update
 .text._utee_hash_final
                0x0000000000002178        0xc /home/neu/Desktop/export-ta_arm64/lib/libutee.a(utee_syscalls_a64.o)
                0x0000000000002178                _utee_hash_final
 .text._utee_cipher_init
                0x0000000000002184        0xc /home/neu/Desktop/export-ta_arm64/lib/libutee.a(utee_syscalls_a64.o)
                0x0000000000002184                _utee_cipher_init
 .text._utee_cipher_update
                0x0000000000002190        0xc /home/neu/Desktop/export-ta_arm64/lib/libutee.a(utee_syscalls_a64.o)
                0x0000000000002190                _utee_cipher_update
 .text._utee_cipher_final
                0x000000000000219c        0xc /home/neu/Desktop/export-ta_arm64/lib/libutee.a(utee_syscalls_a64.o)
                0x000000000000219c                _utee_cipher_final
 .text._utee_cryp_obj_get_info
                0x00000000000021a8        0xc /home/neu/Desktop/export-ta_arm64/lib/libutee.a(utee_syscalls_a64.o)
                0x00000000000021a8                _utee_cryp_obj_get_info
 .text._utee_cryp_obj_restrict_usage
                0x00000000000021b4        0xc /home/neu/Desktop/export-ta_arm64/lib/libutee.a(utee_syscalls_a64.o)
                0x00000000000021b4                _utee_cryp_obj_restrict_usage
 .text._utee_cryp_obj_get_attr
                0x00000000000021c0        0xc /home/neu/Desktop/export-ta_arm64/lib/libutee.a(utee_syscalls_a64.o)
                0x00000000000021c0                _utee_cryp_obj_get_attr
 .text._utee_cryp_obj_alloc
                0x00000000000021cc        0xc /home/neu/Desktop/export-ta_arm64/lib/libutee.a(utee_syscalls_a64.o)
                0x00000000000021cc                _utee_cryp_obj_alloc
 .text._utee_cryp_obj_close
                0x00000000000021d8        0xc /home/neu/Desktop/export-ta_arm64/lib/libutee.a(utee_syscalls_a64.o)
                0x00000000000021d8                _utee_cryp_obj_close
 .text._utee_cryp_obj_reset
                0x00000000000021e4        0xc /home/neu/Desktop/export-ta_arm64/lib/libutee.a(utee_syscalls_a64.o)
                0x00000000000021e4                _utee_cryp_obj_reset
 .text._utee_cryp_obj_populate
                0x00000000000021f0        0xc /home/neu/Desktop/export-ta_arm64/lib/libutee.a(utee_syscalls_a64.o)
                0x00000000000021f0                _utee_cryp_obj_populate
 .text._utee_cryp_obj_copy
                0x00000000000021fc        0xc /home/neu/Desktop/export-ta_arm64/lib/libutee.a(utee_syscalls_a64.o)
                0x00000000000021fc                _utee_cryp_obj_copy
 .text._utee_cryp_derive_key
                0x0000000000002208        0xc /home/neu/Desktop/export-ta_arm64/lib/libutee.a(utee_syscalls_a64.o)
                0x0000000000002208                _utee_cryp_derive_key
 .text._utee_cryp_random_number_generate
                0x0000000000002214        0xc /home/neu/Desktop/export-ta_arm64/lib/libutee.a(utee_syscalls_a64.o)
                0x0000000000002214                _utee_cryp_random_number_generate
 .text._utee_authenc_init
                0x0000000000002220        0xc /home/neu/Desktop/export-ta_arm64/lib/libutee.a(utee_syscalls_a64.o)
                0x0000000000002220                _utee_authenc_init
 .text._utee_authenc_update_aad
                0x000000000000222c        0xc /home/neu/Desktop/export-ta_arm64/lib/libutee.a(utee_syscalls_a64.o)
                0x000000000000222c                _utee_authenc_update_aad
 .text._utee_authenc_update_payload
                0x0000000000002238        0xc /home/neu/Desktop/export-ta_arm64/lib/libutee.a(utee_syscalls_a64.o)
                0x0000000000002238                _utee_authenc_update_payload
 .text._utee_authenc_enc_final
                0x0000000000002244        0xc /home/neu/Desktop/export-ta_arm64/lib/libutee.a(utee_syscalls_a64.o)
                0x0000000000002244                _utee_authenc_enc_final
 .text._utee_authenc_dec_final
                0x0000000000002250        0xc /home/neu/Desktop/export-ta_arm64/lib/libutee.a(utee_syscalls_a64.o)
                0x0000000000002250                _utee_authenc_dec_final
 .text._utee_asymm_operate
                0x000000000000225c        0xc /home/neu/Desktop/export-ta_arm64/lib/libutee.a(utee_syscalls_a64.o)
                0x000000000000225c                _utee_asymm_operate
 .text._utee_asymm_verify
                0x0000000000002268        0xc /home/neu/Desktop/export-ta_arm64/lib/libutee.a(utee_syscalls_a64.o)
                0x0000000000002268                _utee_asymm_verify
 .text._utee_storage_obj_open
                0x0000000000002274        0xc /home/neu/Desktop/export-ta_arm64/lib/libutee.a(utee_syscalls_a64.o)
                0x0000000000002274                _utee_storage_obj_open
 .text._utee_storage_obj_create
                0x0000000000002280        0xc /home/neu/Desktop/export-ta_arm64/lib/libutee.a(utee_syscalls_a64.o)
                0x0000000000002280                _utee_storage_obj_create
 .text._utee_storage_obj_del
                0x000000000000228c        0xc /home/neu/Desktop/export-ta_arm64/lib/libutee.a(utee_syscalls_a64.o)
                0x000000000000228c                _utee_storage_obj_del
 .text._utee_storage_obj_rename
                0x0000000000002298        0xc /home/neu/Desktop/export-ta_arm64/lib/libutee.a(utee_syscalls_a64.o)
                0x0000000000002298                _utee_storage_obj_rename
 .text._utee_storage_alloc_enum
                0x00000000000022a4        0xc /home/neu/Desktop/export-ta_arm64/lib/libutee.a(utee_syscalls_a64.o)
                0x00000000000022a4                _utee_storage_alloc_enum
 .text._utee_storage_free_enum
                0x00000000000022b0        0xc /home/neu/Desktop/export-ta_arm64/lib/libutee.a(utee_syscalls_a64.o)
                0x00000000000022b0                _utee_storage_free_enum
 .text._utee_storage_reset_enum
                0x00000000000022bc        0xc /home/neu/Desktop/export-ta_arm64/lib/libutee.a(utee_syscalls_a64.o)
                0x00000000000022bc                _utee_storage_reset_enum
 .text._utee_storage_start_enum
                0x00000000000022c8        0xc /home/neu/Desktop/export-ta_arm64/lib/libutee.a(utee_syscalls_a64.o)
                0x00000000000022c8                _utee_storage_start_enum
 .text._utee_storage_next_enum
                0x00000000000022d4        0xc /home/neu/Desktop/export-ta_arm64/lib/libutee.a(utee_syscalls_a64.o)
                0x00000000000022d4                _utee_storage_next_enum
 .text._utee_storage_obj_read
                0x00000000000022e0        0xc /home/neu/Desktop/export-ta_arm64/lib/libutee.a(utee_syscalls_a64.o)
                0x00000000000022e0                _utee_storage_obj_read
 .text._utee_storage_obj_write
                0x00000000000022ec        0xc /home/neu/Desktop/export-ta_arm64/lib/libutee.a(utee_syscalls_a64.o)
                0x00000000000022ec                _utee_storage_obj_write
 .text._utee_storage_obj_trunc
                0x00000000000022f8        0xc /home/neu/Desktop/export-ta_arm64/lib/libutee.a(utee_syscalls_a64.o)
                0x00000000000022f8                _utee_storage_obj_trunc
 .text._utee_storage_obj_seek
                0x0000000000002304        0xc /home/neu/Desktop/export-ta_arm64/lib/libutee.a(utee_syscalls_a64.o)
                0x0000000000002304                _utee_storage_obj_seek
 .text._utee_cryp_obj_generate_key
                0x0000000000002310        0xc /home/neu/Desktop/export-ta_arm64/lib/libutee.a(utee_syscalls_a64.o)
                0x0000000000002310                _utee_cryp_obj_generate_key
 .text._utee_cache_operation
                0x000000000000231c        0xc /home/neu/Desktop/export-ta_arm64/lib/libutee.a(utee_syscalls_a64.o)
                0x000000000000231c                _utee_cache_operation
 .text.unlikely
                0x0000000000002328       0x20 /home/neu/Desktop/export-ta_arm64/lib/libutee.a(abort.o)
                0x0000000000002328                abort
 .text          0x0000000000002348     0x10c0 /home/neu/Desktop/export-ta_arm64/lib/libutee.a(tee_api.o)
                0x00000000000026f8                TEE_CloseTASession
                0x0000000000002720                TEE_GetCancellationFlag
                0x0000000000002780                TEE_UnmaskCancellation
                0x00000000000027e0                TEE_MaskCancellation
                0x0000000000002840                TEE_CheckMemoryAccessRights
                0x0000000000002a64                TEE_OpenTASession
                0x0000000000002bb8                __GP11_TEE_OpenTASession
                0x0000000000002d00                TEE_InvokeTACommand
                0x0000000000002e84                __GP11_TEE_InvokeTACommand
                0x0000000000002ffc                __GP11_TEE_CheckMemoryAccessRights
                0x0000000000003004                TEE_SetInstanceData
                0x0000000000003010                TEE_GetInstanceData
                0x000000000000301c                TEE_MemMove
                0x0000000000003020                __GP11_TEE_MemMove
                0x0000000000003028                TEE_MemCompare
                0x000000000000302c                __GP11_TEE_MemCompare
                0x0000000000003034                TEE_MemFill
                0x0000000000003038                __GP11_TEE_MemFill
                0x0000000000003040                TEE_GetSystemTime
                0x0000000000003068                TEE_Wait
                0x00000000000030a4                TEE_GetTAPersistentTime
                0x0000000000003118                TEE_SetTAPersistentTime
                0x000000000000315c                TEE_GetREETime
                0x0000000000003184                TEE_Malloc
                0x00000000000032a8                __GP11_TEE_Malloc
                0x00000000000032b0                TEE_Free
                0x0000000000003310                TEE_Realloc
                0x00000000000033e8                __GP11_TEE_Realloc
                0x00000000000033f0                TEE_CacheClean
                0x00000000000033f8                TEE_CacheFlush
                0x0000000000003400                TEE_CacheInvalidate
 .text          0x0000000000003408     0x212c /home/neu/Desktop/export-ta_arm64/lib/libutee.a(tee_api_arith_mpi.o)
                0x0000000000003c6c                _TEE_MathAPI_Init
                0x0000000000003cbc                TEE_BigIntInit
                0x0000000000003d1c                __GP11_TEE_BigIntInit
                0x0000000000003d24                TEE_BigIntConvertFromOctetString
                0x0000000000003dec                __GP11_TEE_BigIntConvertFromOctetString
                0x0000000000003df4                TEE_BigIntConvertToOctetString
                0x0000000000003ebc                __GP11_TEE_BigIntConvertToOctetString
                0x0000000000003f1c                TEE_BigIntConvertFromS32
                0x0000000000003fcc                TEE_BigIntConvertToS32
                0x0000000000004088                TEE_BigIntCmp
                0x000000000000411c                TEE_BigIntCmpS32
                0x0000000000004368                TEE_BigIntShiftRight
                0x0000000000004508                __GP11_TEE_BigIntShiftRight
                0x0000000000004510                TEE_BigIntGetBit
                0x0000000000004590                TEE_BigIntGetBitCount
                0x0000000000004604                TEE_BigIntSetBit
                0x00000000000046b4                TEE_BigIntAssign
                0x0000000000004704                TEE_BigIntAbs
                0x0000000000004730                TEE_BigIntAdd
                0x000000000000473c                TEE_BigIntSub
                0x0000000000004748                TEE_BigIntNeg
                0x000000000000482c                TEE_BigIntMul
                0x0000000000004940                TEE_BigIntSquare
                0x0000000000004948                TEE_BigIntDiv
                0x0000000000004afc                TEE_BigIntMod
                0x0000000000004b68                TEE_BigIntAddMod
                0x0000000000004b74                TEE_BigIntSubMod
                0x0000000000004b80                TEE_BigIntMulMod
                0x0000000000004b8c                TEE_BigIntSquareMod
                0x0000000000004b98                TEE_BigIntInvMod
                0x0000000000004ce8                TEE_BigIntRelativePrime
                0x0000000000004df0                TEE_BigIntExpMod
                0x0000000000004fc4                TEE_BigIntComputeExtendedGcd
                0x000000000000522c                TEE_BigIntIsProbablePrime
                0x00000000000052b0                TEE_BigIntInitFMM
                0x00000000000052b4                __GP11_TEE_BigIntInitFMM
                0x00000000000052bc                TEE_BigIntInitFMMContext
                0x00000000000052c0                __GP11_TEE_BigIntInitFMMContext
                0x00000000000052c8                TEE_BigIntInitFMMContext1
                0x00000000000052d0                TEE_BigIntFMMSizeInU32
                0x00000000000052e0                __GP11_TEE_BigIntFMMSizeInU32
                0x00000000000052f8                TEE_BigIntFMMContextSizeInU32
                0x0000000000005300                __GP11_TEE_BigIntFMMContextSizeInU32
                0x0000000000005318                TEE_BigIntConvertToFMM
                0x000000000000531c                TEE_BigIntConvertFromFMM
                0x00000000000053ec                TEE_BigIntComputeFMM
 .text          0x0000000000005534      0x21c /home/neu/Desktop/export-ta_arm64/lib/libutee.a(tee_api_panic.o)
                0x0000000000005550                TEE_Panic
                0x0000000000005568                __utee_check_outbuf_annotation
                0x00000000000055b4                __utee_check_gp11_outbuf_annotation
                0x0000000000005600                __utee_check_instring_annotation
                0x0000000000005630                __utee_check_outstring_annotation
                0x000000000000567c                __utee_check_gp11_outstring_annotation
                0x00000000000056c8                __utee_check_out_annotation
                0x00000000000056e8                __utee_check_attr_in_annotation
                0x000000000000570c                __utee_check_gp11_attr_in_annotation
                0x0000000000005730                __utee_check_inout_annotation
 .text          0x0000000000005750      0xf78 /home/neu/Desktop/export-ta_arm64/lib/libutee.a(tee_api_property.o)
                0x0000000000005ae0                TEE_GetPropertyAsString
                0x0000000000005d3c                __GP11_TEE_GetPropertyAsString
                0x0000000000005dd4                TEE_GetPropertyAsBool
                0x0000000000005eac                TEE_GetPropertyAsU32
                0x0000000000005f94                TEE_GetPropertyAsU64
                0x000000000000607c                __GP11_TEE_GetPropertyAsBinaryBlock
                0x0000000000006168                TEE_GetPropertyAsBinaryBlock
                0x0000000000006200                TEE_GetPropertyAsUUID
                0x00000000000062e8                TEE_GetPropertyAsIdentity
                0x00000000000063d0                TEE_ResetPropertyEnumerator
                0x00000000000063dc                TEE_AllocatePropertyEnumerator
                0x0000000000006424                TEE_FreePropertyEnumerator
                0x0000000000006428                TEE_StartPropertyEnumerator
                0x0000000000006438                __GP11_TEE_GetPropertyName
                0x0000000000006560                TEE_GetPropertyName
                0x00000000000065e8                TEE_GetNextProperty
 .text          0x00000000000066c8      0x310 /home/neu/Desktop/export-ta_arm64/lib/libutee.a(tee_system_pta.o)
                0x0000000000006750                tee_map_zi
                0x0000000000006800                tee_unmap
                0x00000000000068c8                tee_invoke_supp_plugin
 .text          0x00000000000069d8      0x34c /home/neu/Desktop/export-ta_arm64/lib/libutee.a(tcb.o)
                0x00000000000069d8                __utee_tcb_init
                0x0000000000006c18                __tls_get_addr
                0x0000000000006c34                dl_iterate_phdr
 .text          0x0000000000006d24       0x58 /home/neu/Desktop/export-ta_arm64/lib/libutee.a(assert.o)
                0x0000000000006d24                _assert_log
                0x0000000000006d68                _assert_break
 .text          0x0000000000006d7c      0x258 /home/neu/Desktop/export-ta_arm64/lib/libutee.a(base64.o)
                0x0000000000006d7c                _base64_enc_len
                0x0000000000006d94                _base64_enc
                0x0000000000006eb0                _base64_dec
 .text          0x0000000000006fd4     0x4190 /home/neu/Desktop/export-ta_arm64/lib/libmbedtls.a(bignum.o)
                0x00000000000077a8                mbedtls_mpi_init
                0x00000000000077b8                mbedtls_mpi_init_mempool
                0x00000000000077e0                mbedtls_mpi_free
                0x000000000000784c                mbedtls_mpi_grow
                0x00000000000079a0                mbedtls_mpi_shrink
                0x0000000000007ac0                mbedtls_mpi_copy
                0x0000000000007b8c                mbedtls_mpi_swap
                0x0000000000007c14                mbedtls_mpi_lset
                0x0000000000007c7c                mbedtls_mpi_get_bit
                0x0000000000007ca8                mbedtls_mpi_set_bit
                0x0000000000007d34                mbedtls_mpi_lsb
                0x0000000000007d88                mbedtls_mpi_bitlen
                0x0000000000007de4                mbedtls_mpi_size
                0x0000000000007e00                mbedtls_mpi_read_binary_le
                0x0000000000007e78                mbedtls_mpi_read_binary
                0x0000000000007efc                mbedtls_mpi_write_binary_le
                0x0000000000007fb4                mbedtls_mpi_write_binary
                0x0000000000008078                mbedtls_mpi_shift_l
                0x0000000000008188                mbedtls_mpi_shift_r
                0x0000000000008248                mbedtls_mpi_cmp_abs
                0x00000000000082e4                mbedtls_mpi_cmp_mpi
                0x00000000000083b8                mbedtls_mpi_cmp_int
                0x000000000000842c                mbedtls_mpi_add_abs
                0x000000000000854c                mbedtls_mpi_sub_abs
                0x00000000000086a8                mbedtls_mpi_add_mpi
                0x0000000000008730                mbedtls_mpi_sub_mpi
                0x00000000000087bc                mbedtls_mpi_add_int
                0x0000000000008830                mbedtls_mpi_sub_int
                0x00000000000088a4                mbedtls_mpi_mul_mpi
                0x0000000000008a50                mbedtls_mpi_mul_int
                0x0000000000008af8                mbedtls_mpi_read_string
                0x0000000000008d04                mbedtls_mpi_div_mpi
                0x0000000000009238                mbedtls_mpi_div_int
                0x00000000000092ac                mbedtls_mpi_mod_mpi
                0x0000000000009360                mbedtls_mpi_mod_int
                0x00000000000093fc                mbedtls_mpi_write_string
                0x0000000000009730                mbedtls_mpi_montg_init
                0x0000000000009738                mbedtls_mpi_montmul
                0x0000000000009740                mbedtls_mpi_montred
                0x0000000000009744                mbedtls_mpi_exp_mod
                0x0000000000009e10                mbedtls_mpi_gcd
                0x0000000000009fe8                mbedtls_mpi_fill_random
                0x000000000000a2f4                mbedtls_mpi_random
                0x000000000000a4ac                mbedtls_mpi_inv_mod
                0x000000000000a904                mbedtls_mpi_is_prime_ext
                0x000000000000a9e0                mbedtls_mpi_is_prime
                0x000000000000a9f0                mbedtls_mpi_gen_prime
                0x000000000000ad3c                mbedtls_mpi_self_test
 .text          0x000000000000b164      0x7c0 /home/neu/Desktop/export-ta_arm64/lib/libmbedtls.a(constant_time.o)
                0x000000000000b184                mbedtls_ct_memcmp
                0x000000000000b1cc                mbedtls_ct_uint_mask
                0x000000000000b1dc                mbedtls_ct_mpi_uint_mask
                0x000000000000b1ec                mbedtls_ct_size_bool_eq
                0x000000000000b204                mbedtls_ct_mpi_uint_lt
                0x000000000000b220                mbedtls_ct_uint_if
                0x000000000000b250                mbedtls_ct_mpi_uint_cond_assign
                0x000000000000b28c                mbedtls_ct_base64_enc_char
                0x000000000000b33c                mbedtls_ct_base64_dec_value
                0x000000000000b3f8                mbedtls_mpi_safe_cond_assign
                0x000000000000b4b4                mbedtls_mpi_safe_cond_swap
                0x000000000000b5b0                mbedtls_mpi_lt_mpi_ct
                0x000000000000b6a8                mbedtls_ct_rsaes_pkcs1_v15_unpadding
 .text          0x000000000000b924       0x20 /home/neu/Desktop/export-ta_arm64/lib/libmbedtls.a(platform_util.o)
                0x000000000000b924                mbedtls_platform_zeroize
 .text          0x000000000000b944      0xd00 /home/neu/Desktop/export-ta_arm64/lib/libutils.a(bget_malloc.o)
                0x000000000000b97c                bget
                0x000000000000bc44                bgetz
                0x000000000000bccc                brel
                0x000000000000bf50                bgetr
                0x000000000000c020                bpool
                0x000000000000c0f0                raw_memalign
                0x000000000000c144                raw_malloc
                0x000000000000c154                raw_free
                0x000000000000c164                raw_calloc
                0x000000000000c1b4                raw_realloc
                0x000000000000c29c                malloc
                0x000000000000c2b4                calloc
                0x000000000000c2d0                realloc
                0x000000000000c2e8                memalign
                0x000000000000c304                aligned_alloc
                0x000000000000c31c                free
                0x000000000000c32c                free_wipe
                0x000000000000c33c                raw_malloc_get_ctx_size
                0x000000000000c344                raw_malloc_init_ctx
                0x000000000000c370                raw_malloc_add_pool
                0x000000000000c438                raw_malloc_buffer_overlaps_heap
                0x000000000000c4b8                raw_malloc_buffer_is_within_alloced
                0x000000000000c608                malloc_add_pool
                0x000000000000c61c                malloc_buffer_is_within_alloced
                0x000000000000c630                malloc_buffer_overlaps_heap
 .text          0x000000000000c644      0x128 /home/neu/Desktop/export-ta_arm64/lib/libutils.a(snprintf.o)
                0x000000000000c644                snprintf
                0x000000000000c714                vsnprintf
 .text          0x000000000000c76c       0x5c /home/neu/Desktop/export-ta_arm64/lib/libutils.a(memmove.o)
                0x000000000000c76c                memmove
 .text          0x000000000000c7c8       0x1c /home/neu/Desktop/export-ta_arm64/lib/libutils.a(memset.o)
                0x000000000000c7c8                memset
 .text          0x000000000000c7e4       0x24 /home/neu/Desktop/export-ta_arm64/lib/libutils.a(strcmp.o)
                0x000000000000c7e4                strcmp
 .text          0x000000000000c808       0x58 /home/neu/Desktop/export-ta_arm64/lib/libutils.a(strlcpy.o)
                0x000000000000c808                strlcpy
 .text          0x000000000000c860      0x190 /home/neu/Desktop/export-ta_arm64/lib/libutils.a(mempool.o)
                0x000000000000c860                mempool_alloc_pool
                0x000000000000c928                mempool_alloc
                0x000000000000c98c                mempool_calloc
                0x000000000000c9dc                mempool_free
 .text          0x000000000000c9f0       0x70 /home/neu/Desktop/export-ta_arm64/lib/libutils.a(consttime_memcmp.o)
                0x000000000000c9f0                consttime_memcmp
 .text          0x000000000000ca60        0x0 /home/neu/Desktop/export-ta_arm64/lib/libutee.a(utee_syscalls_a64.o)
 .text          0x000000000000ca60        0x0 /home/neu/Desktop/export-ta_arm64/lib/libutee.a(abort.o)
 *(SORT_BY_ALIGNMENT(.stub))
 *(SORT_BY_ALIGNMENT(.glue_7))
 *(SORT_BY_ALIGNMENT(.glue_7t))
 *(SORT_BY_ALIGNMENT(.gnu.linkonce.t.*))
 *(SORT_BY_ALIGNMENT(.vfp11_veneer))
                0x000000000000ca60                __text_end = .

.note.gnu.property
 *(SORT_BY_ALIGNMENT(.note.gnu.property))

.plt            0x000000000000ca60        0x0
 *(SORT_BY_ALIGNMENT(.plt))
 .plt           0x000000000000ca60        0x0 ./hello_world_ta.o

.eh_frame_hdr
 *(SORT_BY_ALIGNMENT(.eh_frame_hdr))
 *(SORT_BY_ALIGNMENT(.eh_frame_entry) SORT_BY_ALIGNMENT(.eh_frame_entry.*))

.eh_frame       0x000000000000ca60     0x2924
 *(SORT_BY_ALIGNMENT(.eh_frame))
 .eh_frame      0x000000000000ca60       0xb8 ./hello_world_ta.o
 .eh_frame      0x000000000000cb18       0x58 ./user_ta_header.o
                                         0x68 (size before relaxing)
 .eh_frame      0x000000000000cb70       0xb8 /home/neu/Desktop/export-ta_arm64/lib/libutils.a(trace.o)
                                         0xc8 (size before relaxing)
 .eh_frame      0x000000000000cc28       0x18 /home/neu/Desktop/export-ta_arm64/lib/libutils.a(stack_check.o)
                                         0x30 (size before relaxing)
 .eh_frame      0x000000000000cc40       0x18 /home/neu/Desktop/export-ta_arm64/lib/libutils.a(memcpy.o)
                                         0x28 (size before relaxing)
 .eh_frame      0x000000000000cc58       0xf0 /home/neu/Desktop/export-ta_arm64/lib/libutils.a(snprintk.o)
                                        0x100 (size before relaxing)
 .eh_frame      0x000000000000cd48       0x18 /home/neu/Desktop/export-ta_arm64/lib/libutils.a(memchr.o)
                                         0x28 (size before relaxing)
 .eh_frame      0x000000000000cd60       0x18 /home/neu/Desktop/export-ta_arm64/lib/libutils.a(strlen.o)
                                         0x28 (size before relaxing)
 .eh_frame      0x000000000000cd78       0xa8 /home/neu/Desktop/export-ta_arm64/lib/libutee.a(trace_ext.o)
                                         0xc0 (size before relaxing)
 .eh_frame      0x000000000000ce20      0x150 /home/neu/Desktop/export-ta_arm64/lib/libutee.a(user_ta_entry.o)
                                        0x168 (size before relaxing)
 .eh_frame      0x000000000000cf70       0x98 /home/neu/Desktop/export-ta_arm64/lib/libutee.a(user_ta_entry_compat.o)
                                         0xa8 (size before relaxing)
 .eh_frame      0x000000000000d008       0x18 /home/neu/Desktop/export-ta_arm64/lib/libutee.a(abort.o)
                                         0x30 (size before relaxing)
 .eh_frame      0x000000000000d020      0x588 /home/neu/Desktop/export-ta_arm64/lib/libutee.a(tee_api.o)
                                        0x5a0 (size before relaxing)
 .eh_frame      0x000000000000d5a8      0x7d0 /home/neu/Desktop/export-ta_arm64/lib/libutee.a(tee_api_arith_mpi.o)
                                        0x7e0 (size before relaxing)
 .eh_frame      0x000000000000dd78      0x180 /home/neu/Desktop/export-ta_arm64/lib/libutee.a(tee_api_panic.o)
                                        0x198 (size before relaxing)
 .eh_frame      0x000000000000def8      0x2f8 /home/neu/Desktop/export-ta_arm64/lib/libutee.a(tee_api_property.o)
                                        0x308 (size before relaxing)
 .eh_frame      0x000000000000e1f0       0xc0 /home/neu/Desktop/export-ta_arm64/lib/libutee.a(tee_system_pta.o)
                                         0xd0 (size before relaxing)
 .eh_frame      0x000000000000e2b0       0x90 /home/neu/Desktop/export-ta_arm64/lib/libutee.a(tcb.o)
                                         0xa8 (size before relaxing)
 .eh_frame      0x000000000000e340       0x38 /home/neu/Desktop/export-ta_arm64/lib/libutee.a(assert.o)
                                         0x50 (size before relaxing)
 .eh_frame      0x000000000000e378       0x58 /home/neu/Desktop/export-ta_arm64/lib/libutee.a(base64.o)
                                         0x70 (size before relaxing)
 .eh_frame      0x000000000000e3d0      0x988 /home/neu/Desktop/export-ta_arm64/lib/libmbedtls.a(bignum.o)
                                        0x9a0 (size before relaxing)
 .eh_frame      0x000000000000ed58      0x1e0 /home/neu/Desktop/export-ta_arm64/lib/libmbedtls.a(constant_time.o)
                                        0x1f8 (size before relaxing)
 .eh_frame      0x000000000000ef38       0x18 /home/neu/Desktop/export-ta_arm64/lib/libmbedtls.a(platform_util.o)
                                         0x28 (size before relaxing)
 .eh_frame      0x000000000000ef50      0x2d8 /home/neu/Desktop/export-ta_arm64/lib/libutils.a(bget_malloc.o)
                                        0x2e8 (size before relaxing)
 .eh_frame      0x000000000000f228       0x58 /home/neu/Desktop/export-ta_arm64/lib/libutils.a(snprintf.o)
                                         0x68 (size before relaxing)
 .eh_frame      0x000000000000f280       0x18 /home/neu/Desktop/export-ta_arm64/lib/libutils.a(memmove.o)
                                         0x28 (size before relaxing)
 .eh_frame      0x000000000000f298       0x18 /home/neu/Desktop/export-ta_arm64/lib/libutils.a(memset.o)
                                         0x28 (size before relaxing)
 .eh_frame      0x000000000000f2b0       0x18 /home/neu/Desktop/export-ta_arm64/lib/libutils.a(strcmp.o)
                                         0x28 (size before relaxing)
 .eh_frame      0x000000000000f2c8       0x18 /home/neu/Desktop/export-ta_arm64/lib/libutils.a(strlcpy.o)
                                         0x28 (size before relaxing)
 .eh_frame      0x000000000000f2e0       0x88 /home/neu/Desktop/export-ta_arm64/lib/libutils.a(mempool.o)
                                         0xa0 (size before relaxing)
 .eh_frame      0x000000000000f368       0x1c /home/neu/Desktop/export-ta_arm64/lib/libutils.a(consttime_memcmp.o)
                                         0x30 (size before relaxing)
 *(SORT_BY_ALIGNMENT(.eh_frame.*))

.gcc_except_table
 *(SORT_BY_ALIGNMENT(.gcc_except_table) SORT_BY_ALIGNMENT(.gcc_except_table.*))

.rodata         0x000000000000f388     0x133e
 *(SORT_BY_ALIGNMENT(.gnu.linkonce.r.*))
 *(SORT_BY_ALIGNMENT(.rodata) SORT_BY_ALIGNMENT(.rodata.*))
 .rodata.user_ta_header.c
                0x000000000000f388       0x33 ./user_ta_header.o
                0x000000000000f388                ta_num_props
                0x000000000000f3a8                __ta_no_share_heap_size
                0x000000000000f3b0                ta_heap_size
                0x000000000000f3b8                trace_ext_prefix
 *fill*         0x000000000000f3bb        0x5 
 .rodata.lib/libutee/tee_api.c
                0x000000000000f3c0       0x20 /home/neu/Desktop/export-ta_arm64/lib/libutee.a(tee_api.o)
 .rodata.lib/libutils/ext/snprintk.c
                0x000000000000f3e0       0xac /home/neu/Desktop/export-ta_arm64/lib/libutils.a(snprintk.o)
 .rodata.lib/libutee/tee_api_property.c
                0x000000000000f48c       0x20 /home/neu/Desktop/export-ta_arm64/lib/libutee.a(tee_api_property.o)
 .rodata.lib/libutee/tee_system_pta.c
                0x000000000000f4ac       0x31 /home/neu/Desktop/export-ta_arm64/lib/libutee.a(tee_system_pta.o)
 *fill*         0x000000000000f4dd        0x3 
 .rodata.lib/libutee/base64.c
                0x000000000000f4e0       0x45 /home/neu/Desktop/export-ta_arm64/lib/libutee.a(base64.o)
 *fill*         0x000000000000f525        0x3 
 .rodata.lib/libmbedtls/mbedtls/library/bignum.c
                0x000000000000f528      0x2c4 /home/neu/Desktop/export-ta_arm64/lib/libmbedtls.a(bignum.o)
 .rodata.str1.1.hello_world_ta.c
                0x000000000000f7ec       0x6a ./hello_world_ta.o
 .rodata.hello_world_ta.c
                0x000000000000f856       0x77 ./hello_world_ta.o
 .rodata.str1.1.user_ta_header.c
                0x000000000000f8cd      0x15f ./user_ta_header.o
 .rodata.str1.1.lib/libutils/ext/trace.c
                0x000000000000fa2c       0x1a /home/neu/Desktop/export-ta_arm64/lib/libutils.a(trace.o)
                                         0x1b (size before relaxing)
 .rodata.lib/libutils/ext/trace.c
                0x000000000000fa46        0x5 /home/neu/Desktop/export-ta_arm64/lib/libutils.a(trace.o)
 .rodata.str1.1.lib/libutils/isoc/stack_check.c
                0x000000000000fa4b       0x18 /home/neu/Desktop/export-ta_arm64/lib/libutils.a(stack_check.o)
 .rodata.str1.1.lib/libutils/ext/snprintk.c
                0x000000000000fa63       0x38 /home/neu/Desktop/export-ta_arm64/lib/libutils.a(snprintk.o)
 .rodata.str1.1.lib/libutee/trace_ext.c
                0x000000000000fa9b       0x38 /home/neu/Desktop/export-ta_arm64/lib/libutee.a(trace_ext.o)
                                          0x2 (size before relaxing)
 .rodata.str1.1.lib/libutee/user_ta_entry.c
                0x000000000000fa9b       0x4f /home/neu/Desktop/export-ta_arm64/lib/libutee.a(user_ta_entry.o)
 .rodata.lib/libutee/user_ta_entry.c
                0x000000000000faea       0x16 /home/neu/Desktop/export-ta_arm64/lib/libutee.a(user_ta_entry.o)
 .rodata.str1.1.lib/libutee/abort.c
                0x000000000000fb00        0x7 /home/neu/Desktop/export-ta_arm64/lib/libutee.a(abort.o)
 .rodata.str1.1.lib/libutee/tee_api.c
                0x000000000000fb07       0x11 /home/neu/Desktop/export-ta_arm64/lib/libutee.a(tee_api.o)
 .rodata.str1.1.lib/libutee/tee_api_arith_mpi.c
                0x000000000000fb18       0xc9 /home/neu/Desktop/export-ta_arm64/lib/libutee.a(tee_api_arith_mpi.o)
 .rodata.lib/libutee/tee_api_arith_mpi.c
                0x000000000000fbe1      0x14e /home/neu/Desktop/export-ta_arm64/lib/libutee.a(tee_api_arith_mpi.o)
 .rodata.str1.1.lib/libutee/tee_api_property.c
                0x000000000000fd2f       0x80 /home/neu/Desktop/export-ta_arm64/lib/libutee.a(tee_api_property.o)
                                         0x88 (size before relaxing)
 .rodata.str1.1.lib/libutee/tee_system_pta.c
                0x000000000000fdaf       0x55 /home/neu/Desktop/export-ta_arm64/lib/libutee.a(tee_system_pta.o)
 .rodata.str1.1.lib/libutee/tcb.c
                0x000000000000fe04       0x8d /home/neu/Desktop/export-ta_arm64/lib/libutee.a(tcb.o)
 .rodata.lib/libutee/tcb.c
                0x000000000000fe91       0x20 /home/neu/Desktop/export-ta_arm64/lib/libutee.a(tcb.o)
 .rodata.str1.1.lib/libutee/assert.c
                0x000000000000feb1       0x27 /home/neu/Desktop/export-ta_arm64/lib/libutee.a(assert.o)
 .rodata.str1.1.lib/libmbedtls/mbedtls/library/bignum.c
                0x000000000000fed8      0x456 /home/neu/Desktop/export-ta_arm64/lib/libmbedtls.a(bignum.o)
                                        0x45d (size before relaxing)
 .rodata.str1.1.lib/libutils/isoc/bget_malloc.c
                0x000000000001032e      0x292 /home/neu/Desktop/export-ta_arm64/lib/libutils.a(bget_malloc.o)
                                        0x29b (size before relaxing)
 .rodata.lib/libutils/isoc/bget_malloc.c
                0x00000000000105c0       0x51 /home/neu/Desktop/export-ta_arm64/lib/libutils.a(bget_malloc.o)
 .rodata.str1.1.lib/libutils/ext/mempool.c
                0x0000000000010611       0x89 /home/neu/Desktop/export-ta_arm64/lib/libutils.a(mempool.o)
 .rodata.lib/libutils/ext/mempool.c
                0x000000000001069a       0x2c /home/neu/Desktop/export-ta_arm64/lib/libutils.a(mempool.o)

.gnu.version_d  0x00000000000106c8        0x0
 .gnu.version_d
                0x00000000000106c8        0x0 ./hello_world_ta.o

.gnu.version    0x00000000000106c6        0x0
 .gnu.version   0x00000000000106c6        0x0 ./hello_world_ta.o

.gnu.version_r  0x00000000000106c8        0x0
 .gnu.version_r
                0x00000000000106c8        0x0 ./hello_world_ta.o

.gnu.hash       0x00000000000106c8       0x30
 .gnu.hash      0x00000000000106c8       0x30 ./hello_world_ta.o

.ARM.extab
 *(SORT_BY_ALIGNMENT(.ARM.extab*) SORT_BY_ALIGNMENT(.gnu.linkonce.armextab.*))
                [!provide]                        PROVIDE (__exidx_start = .)

.ARM.exidx
 *(SORT_BY_ALIGNMENT(.ARM.exidx*) SORT_BY_ALIGNMENT(.gnu.linkonce.armexidx.*))
                [!provide]                        PROVIDE (__exidx_end = .)

.ctors
 *(SORT_BY_ALIGNMENT(.ctors))

.dtors
 *(SORT_BY_ALIGNMENT(.dtors))

.dynsym         0x00000000000106f8       0x90
 *(SORT_BY_ALIGNMENT(.dynsym))
 .dynsym        0x00000000000106f8       0x90 ./hello_world_ta.o

.dynstr         0x0000000000010788       0x2e
 *(SORT_BY_ALIGNMENT(.dynstr))
 .dynstr        0x0000000000010788       0x2e ./hello_world_ta.o

.hash           0x00000000000107b8       0x2c
 *(SORT_BY_ALIGNMENT(.hash))
 .hash          0x00000000000107b8       0x2c ./hello_world_ta.o

.rela.dyn       0x00000000000107e8      0x348
 .rela.data.rel.ro
                0x00000000000107e8        0x0 ./hello_world_ta.o
 .rela.ifunc    0x00000000000107e8        0x0 ./hello_world_ta.o
 .rela.data.rel.ro.local
                0x00000000000107e8      0x2d0 ./hello_world_ta.o
 .rela.data.rel.local
                0x0000000000010ab8       0x60 ./hello_world_ta.o
 .rela.data.rel
                0x0000000000010b18       0x18 ./hello_world_ta.o
                0x0000000000011000                . = ALIGN (0x1000)

.dynamic        0x0000000000011000      0x110
 *(SORT_BY_ALIGNMENT(.dynamic))
 .dynamic       0x0000000000011000      0x110 ./hello_world_ta.o
                0x0000000000011000                _DYNAMIC

.tdata
 *(SORT_BY_ALIGNMENT(.tdata) SORT_BY_ALIGNMENT(.tdata.*) SORT_BY_ALIGNMENT(.gnu.linkonce.td.*))

.tbss
 *(SORT_BY_ALIGNMENT(.tbss) SORT_BY_ALIGNMENT(.tbss.*) SORT_BY_ALIGNMENT(.gnu.linkonce.tb.*))
 *(SORT_BY_ALIGNMENT(.tcommon))

.got            0x0000000000011110       0xd0
 *(SORT_BY_ALIGNMENT(.got.plt))
 .got.plt       0x0000000000011110       0x18 ./hello_world_ta.o
 *(SORT_BY_ALIGNMENT(.got))
 .got           0x0000000000011128       0xb8 ./hello_world_ta.o
                0x0000000000011128                _GLOBAL_OFFSET_TABLE_

.rel.text
 *(SORT_BY_ALIGNMENT(.rel.text))
 *(SORT_BY_ALIGNMENT(.rel.gnu.linkonce.t*))

.rela.text
 *(SORT_BY_ALIGNMENT(.rela.text))
 *(SORT_BY_ALIGNMENT(.rela.gnu.linkonce.t*))

.rel.data
 *(SORT_BY_ALIGNMENT(.rel.data))
 *(SORT_BY_ALIGNMENT(.rel.gnu.linkonce.d*))

.rela.data
 *(SORT_BY_ALIGNMENT(.rela.data))
 *(SORT_BY_ALIGNMENT(.rela.gnu.linkonce.d*))

.rel.tdata
 *(SORT_BY_ALIGNMENT(.rel.tdata) SORT_BY_ALIGNMENT(.rel.tdata.*) SORT_BY_ALIGNMENT(.rel.gnu.linkonce.td.*))

.rela.tdata
 *(SORT_BY_ALIGNMENT(.rela.tdata) SORT_BY_ALIGNMENT(.rela.tdata.*) SORT_BY_ALIGNMENT(.rela.gnu.linkonce.td.*))

.rel.tbss
 *(SORT_BY_ALIGNMENT(.rel.tbss) SORT_BY_ALIGNMENT(.rel.tbss.*) SORT_BY_ALIGNMENT(.rel.gnu.linkonce.tb.*))

.rela.tbss
 *(SORT_BY_ALIGNMENT(.rela.tbss) SORT_BY_ALIGNMENT(.rela.tbss.*) SORT_BY_ALIGNMENT(.rela.gnu.linkonce.tb.*))

.rel.rodata
 *(SORT_BY_ALIGNMENT(.rel.rodata))
 *(SORT_BY_ALIGNMENT(.rel.gnu.linkonce.r*))

.rela.rodata
 *(SORT_BY_ALIGNMENT(.rela.rodata))
 *(SORT_BY_ALIGNMENT(.rela.gnu.linkonce.r*))

.rel.dyn
 *(SORT_BY_ALIGNMENT(.rel.dyn))

.rel.got
 *(SORT_BY_ALIGNMENT(.rel.got))

.rela.got       0x00000000000111e0      0x210
 *(SORT_BY_ALIGNMENT(.rela.got))
 .rela.got      0x00000000000111e0      0x210 ./hello_world_ta.o

.rel.ctors
 *(SORT_BY_ALIGNMENT(.rel.ctors))

.rela.ctors
 *(SORT_BY_ALIGNMENT(.rela.ctors))

.rel.dtors
 *(SORT_BY_ALIGNMENT(.rel.dtors))

.rela.dtors
 *(SORT_BY_ALIGNMENT(.rela.dtors))

.rel.init
 *(SORT_BY_ALIGNMENT(.rel.init))

.rela.init
 *(SORT_BY_ALIGNMENT(.rela.init))

.rel.fini
 *(SORT_BY_ALIGNMENT(.rel.fini))

.rela.fini
 *(SORT_BY_ALIGNMENT(.rela.fini))

.rel.bss
 *(SORT_BY_ALIGNMENT(.rel.bss))

.rela.bss       0x00000000000113f0        0x0
 *(SORT_BY_ALIGNMENT(.rela.bss))
 .rela.bss      0x00000000000113f0        0x0 ./hello_world_ta.o

.rel.plt
 *(SORT_BY_ALIGNMENT(.rel.plt))

.rela.plt       0x00000000000113f0        0x0
 *(SORT_BY_ALIGNMENT(.rela.plt))
 .rela.plt      0x00000000000113f0        0x0 ./hello_world_ta.o

.data           0x00000000000113f0      0x1cc
 *(SORT_BY_ALIGNMENT(.data) SORT_BY_ALIGNMENT(.data.*) SORT_BY_ALIGNMENT(.gnu.linkonce.d.*))
 .data.rel.ro.local
                0x00000000000113f0      0x108 ./user_ta_header.o
                0x00000000000113f0                ta_props
 .data          0x00000000000114f8        0x8 /home/neu/Desktop/export-ta_arm64/lib/libutils.a(stack_check.o)
                0x00000000000114f8                __stack_chk_guard
 .data.rel.local
                0x0000000000011500       0x20 /home/neu/Desktop/export-ta_arm64/lib/libutee.a(user_ta_entry.o)
 .data.rel.ro.local
                0x0000000000011520       0x60 /home/neu/Desktop/export-ta_arm64/lib/libutee.a(tee_api_property.o)
                0x0000000000011520                tee_props
 .data.rel      0x0000000000011580        0x8 /home/neu/Desktop/export-ta_arm64/lib/libmbedtls.a(platform_util.o)
 .data.rel.local
                0x0000000000011588       0x30 /home/neu/Desktop/export-ta_arm64/lib/libutils.a(bget_malloc.o)
 .data          0x00000000000115b8        0x4 ./user_ta_header.o
                0x00000000000115b8                trace_level
 .data          0x00000000000115bc        0x0 ./hello_world_ta.o
 .data.rel.ro   0x00000000000115bc        0x0 ./hello_world_ta.o
 .data          0x00000000000115bc        0x0 /home/neu/Desktop/export-ta_arm64/lib/libutils.a(trace.o)
 .data          0x00000000000115bc        0x0 /home/neu/Desktop/export-ta_arm64/lib/libutils.a(memcpy.o)
 .data          0x00000000000115bc        0x0 /home/neu/Desktop/export-ta_arm64/lib/libutils.a(snprintk.o)
 .data          0x00000000000115bc        0x0 /home/neu/Desktop/export-ta_arm64/lib/libutils.a(memchr.o)
 .data          0x00000000000115bc        0x0 /home/neu/Desktop/export-ta_arm64/lib/libutils.a(strlen.o)
 .data          0x00000000000115bc        0x0 /home/neu/Desktop/export-ta_arm64/lib/libutee.a(trace_ext.o)
 .data          0x00000000000115bc        0x0 /home/neu/Desktop/export-ta_arm64/lib/libutee.a(user_ta_entry.o)
 .data          0x00000000000115bc        0x0 /home/neu/Desktop/export-ta_arm64/lib/libutee.a(user_ta_entry_compat.o)
 .data          0x00000000000115bc        0x0 /home/neu/Desktop/export-ta_arm64/lib/libutee.a(utee_syscalls_a64.o)
 .data          0x00000000000115bc        0x0 /home/neu/Desktop/export-ta_arm64/lib/libutee.a(abort.o)
 .data          0x00000000000115bc        0x0 /home/neu/Desktop/export-ta_arm64/lib/libutee.a(tee_api.o)
 .data          0x00000000000115bc        0x0 /home/neu/Desktop/export-ta_arm64/lib/libutee.a(tee_api_arith_mpi.o)
 .data          0x00000000000115bc        0x0 /home/neu/Desktop/export-ta_arm64/lib/libutee.a(tee_api_panic.o)
 .data          0x00000000000115bc        0x0 /home/neu/Desktop/export-ta_arm64/lib/libutee.a(tee_api_property.o)
 .data          0x00000000000115bc        0x0 /home/neu/Desktop/export-ta_arm64/lib/libutee.a(tee_system_pta.o)
 .data          0x00000000000115bc        0x0 /home/neu/Desktop/export-ta_arm64/lib/libutee.a(tcb.o)
 .data          0x00000000000115bc        0x0 /home/neu/Desktop/export-ta_arm64/lib/libutee.a(assert.o)
 .data          0x00000000000115bc        0x0 /home/neu/Desktop/export-ta_arm64/lib/libutee.a(base64.o)
 .data          0x00000000000115bc        0x0 /home/neu/Desktop/export-ta_arm64/lib/libmbedtls.a(bignum.o)
 .data          0x00000000000115bc        0x0 /home/neu/Desktop/export-ta_arm64/lib/libmbedtls.a(constant_time.o)
 .data          0x00000000000115bc        0x0 /home/neu/Desktop/export-ta_arm64/lib/libmbedtls.a(platform_util.o)
 .data          0x00000000000115bc        0x0 /home/neu/Desktop/export-ta_arm64/lib/libutils.a(bget_malloc.o)
 .data          0x00000000000115bc        0x0 /home/neu/Desktop/export-ta_arm64/lib/libutils.a(snprintf.o)
 .data          0x00000000000115bc        0x0 /home/neu/Desktop/export-ta_arm64/lib/libutils.a(memmove.o)
 .data          0x00000000000115bc        0x0 /home/neu/Desktop/export-ta_arm64/lib/libutils.a(memset.o)
 .data          0x00000000000115bc        0x0 /home/neu/Desktop/export-ta_arm64/lib/libutils.a(strcmp.o)
 .data          0x00000000000115bc        0x0 /home/neu/Desktop/export-ta_arm64/lib/libutils.a(strlcpy.o)
 .data          0x00000000000115bc        0x0 /home/neu/Desktop/export-ta_arm64/lib/libutils.a(mempool.o)
 .data          0x00000000000115bc        0x0 /home/neu/Desktop/export-ta_arm64/lib/libutils.a(consttime_memcmp.o)

.bss            0x00000000000115c0     0xc0a0
 *(SORT_BY_ALIGNMENT(.bss) SORT_BY_ALIGNMENT(.bss.*) SORT_BY_ALIGNMENT(.gnu.linkonce.b.*) SORT_BY_ALIGNMENT(COMMON))
 .bss           0x00000000000115c0        0x9 /home/neu/Desktop/export-ta_arm64/lib/libutee.a(user_ta_entry.o)
 *fill*         0x00000000000115c9        0x7 
 COMMON         0x00000000000115d0       0x60 /home/neu/Desktop/export-ta_arm64/lib/libutee.a(user_ta_entry.o)
                0x00000000000115d0                ta_param_types
                0x00000000000115d8                __ta_no_share_malloc_ctx
                0x00000000000115e0                ta_params
                0x0000000000011620                __elf_phdr_info
 .bss           0x0000000000011630       0x10 /home/neu/Desktop/export-ta_arm64/lib/libutee.a(tee_api.o)
 .bss           0x0000000000011640     0x4000 /home/neu/Desktop/export-ta_arm64/lib/libutee.a(tee_api_arith_mpi.o)
 .bss           0x0000000000015640        0x8 /home/neu/Desktop/export-ta_arm64/lib/libutee.a(tee_system_pta.o)
 .bss           0x0000000000015648       0x10 /home/neu/Desktop/export-ta_arm64/lib/libutee.a(tcb.o)
 COMMON         0x0000000000015658        0x8 /home/neu/Desktop/export-ta_arm64/lib/libmbedtls.a(bignum.o)
                0x0000000000015658                mbedtls_mpi_mempool
 .bss           0x0000000000015660        0x0 ./hello_world_ta.o
 .bss           0x0000000000015660        0x0 ./user_ta_header.o
 COMMON         0x0000000000015660     0x8000 ./user_ta_header.o
                0x0000000000015660                ta_heap
                0x000000000001d660                __ta_no_share_heap
 .bss           0x000000000001d660        0x0 /home/neu/Desktop/export-ta_arm64/lib/libutils.a(trace.o)
 .bss           0x000000000001d660        0x0 /home/neu/Desktop/export-ta_arm64/lib/libutils.a(stack_check.o)
 .bss           0x000000000001d660        0x0 /home/neu/Desktop/export-ta_arm64/lib/libutils.a(memcpy.o)
 .bss           0x000000000001d660        0x0 /home/neu/Desktop/export-ta_arm64/lib/libutils.a(snprintk.o)
 .bss           0x000000000001d660        0x0 /home/neu/Desktop/export-ta_arm64/lib/libutils.a(memchr.o)
 .bss           0x000000000001d660        0x0 /home/neu/Desktop/export-ta_arm64/lib/libutils.a(strlen.o)
 .bss           0x000000000001d660        0x0 /home/neu/Desktop/export-ta_arm64/lib/libutee.a(trace_ext.o)
 .bss           0x000000000001d660        0x0 /home/neu/Desktop/export-ta_arm64/lib/libutee.a(user_ta_entry_compat.o)
 .bss           0x000000000001d660        0x0 /home/neu/Desktop/export-ta_arm64/lib/libutee.a(utee_syscalls_a64.o)
 .bss           0x000000000001d660        0x0 /home/neu/Desktop/export-ta_arm64/lib/libutee.a(abort.o)
 .bss           0x000000000001d660        0x0 /home/neu/Desktop/export-ta_arm64/lib/libutee.a(tee_api_panic.o)
 .bss           0x000000000001d660        0x0 /home/neu/Desktop/export-ta_arm64/lib/libutee.a(tee_api_property.o)
 .bss           0x000000000001d660        0x0 /home/neu/Desktop/export-ta_arm64/lib/libutee.a(assert.o)
 .bss           0x000000000001d660        0x0 /home/neu/Desktop/export-ta_arm64/lib/libutee.a(base64.o)
 .bss           0x000000000001d660        0x0 /home/neu/Desktop/export-ta_arm64/lib/libmbedtls.a(bignum.o)
 .bss           0x000000000001d660        0x0 /home/neu/Desktop/export-ta_arm64/lib/libmbedtls.a(constant_time.o)
 .bss           0x000000000001d660        0x0 /home/neu/Desktop/export-ta_arm64/lib/libmbedtls.a(platform_util.o)
 .bss           0x000000000001d660        0x0 /home/neu/Desktop/export-ta_arm64/lib/libutils.a(bget_malloc.o)
 .bss           0x000000000001d660        0x0 /home/neu/Desktop/export-ta_arm64/lib/libutils.a(snprintf.o)
 .bss           0x000000000001d660        0x0 /home/neu/Desktop/export-ta_arm64/lib/libutils.a(memmove.o)
 .bss           0x000000000001d660        0x0 /home/neu/Desktop/export-ta_arm64/lib/libutils.a(memset.o)
 .bss           0x000000000001d660        0x0 /home/neu/Desktop/export-ta_arm64/lib/libutils.a(strcmp.o)
 .bss           0x000000000001d660        0x0 /home/neu/Desktop/export-ta_arm64/lib/libutils.a(strlcpy.o)
 .bss           0x000000000001d660        0x0 /home/neu/Desktop/export-ta_arm64/lib/libutils.a(mempool.o)
 .bss           0x000000000001d660        0x0 /home/neu/Desktop/export-ta_arm64/lib/libutils.a(consttime_memcmp.o)
                0x000000000001d660                . = ALIGN (0x8)
                0x000000000001d660                __ftrace_buf_start = .
                0x000000000001d660                . = (. + DEFINED (_mcount)?0x800:0x0)
                0x000000000001d660                __ftrace_buf_end = .

.dynbss         0x000000000001d660        0x0
 .dynbss        0x000000000001d660        0x0 ./hello_world_ta.o

/DISCARD/
 *(SORT_BY_ALIGNMENT(.interp))
LOAD ./hello_world_ta.o
LOAD ./user_ta_header.o
START GROUP
LOAD /home/neu/Desktop/export-ta_arm64/lib/libutils.a
LOAD /home/neu/Desktop/export-ta_arm64/lib/libutee.a
LOAD /home/neu/Desktop/export-ta_arm64/lib/libmbedtls.a
LOAD /home/neu/Desktop/export-ta_arm64/lib/libdl.a
END GROUP
LOAD /usr/lib/gcc/aarch64-linux-gnu/9/libgcc.a
LOAD /home/neu/Desktop/export-ta_arm64/lib/libutils.a
OUTPUT(8aaaf200-2450-11e4-abe2-0002a5d5c51b.elf elf64-littleaarch64)
LOAD linker stubs

.debug_info     0x0000000000000000    0x1a3cc
 .debug_info    0x0000000000000000      0x6e5 ./hello_world_ta.o
 .debug_info    0x00000000000006e5      0x78d ./user_ta_header.o
 .debug_info    0x0000000000000e72      0x6f0 /home/neu/Desktop/export-ta_arm64/lib/libutils.a(trace.o)
 .debug_info    0x0000000000001562      0x14c /home/neu/Desktop/export-ta_arm64/lib/libutils.a(stack_check.o)
 .debug_info    0x00000000000016ae      0x13c /home/neu/Desktop/export-ta_arm64/lib/libutils.a(memcpy.o)
 .debug_info    0x00000000000017ea      0x97c /home/neu/Desktop/export-ta_arm64/lib/libutils.a(snprintk.o)
 .debug_info    0x0000000000002166      0x106 /home/neu/Desktop/export-ta_arm64/lib/libutils.a(memchr.o)
 .debug_info    0x000000000000226c       0xbe /home/neu/Desktop/export-ta_arm64/lib/libutils.a(strlen.o)
 .debug_info    0x000000000000232a      0x3f6 /home/neu/Desktop/export-ta_arm64/lib/libutee.a(trace_ext.o)
 .debug_info    0x0000000000002720     0x1825 /home/neu/Desktop/export-ta_arm64/lib/libutee.a(user_ta_entry.o)
 .debug_info    0x0000000000003f45      0x58c /home/neu/Desktop/export-ta_arm64/lib/libutee.a(user_ta_entry_compat.o)
 .debug_info    0x00000000000044d1       0x22 /home/neu/Desktop/export-ta_arm64/lib/libutee.a(utee_syscalls_a64.o)
 .debug_info    0x00000000000044f3      0x146 /home/neu/Desktop/export-ta_arm64/lib/libutee.a(abort.o)
 .debug_info    0x0000000000004639     0x27f8 /home/neu/Desktop/export-ta_arm64/lib/libutee.a(tee_api.o)
 .debug_info    0x0000000000006e31     0x516a /home/neu/Desktop/export-ta_arm64/lib/libutee.a(tee_api_arith_mpi.o)
 .debug_info    0x000000000000bf9b      0xb05 /home/neu/Desktop/export-ta_arm64/lib/libutee.a(tee_api_panic.o)
 .debug_info    0x000000000000caa0     0x1a1c /home/neu/Desktop/export-ta_arm64/lib/libutee.a(tee_api_property.o)
 .debug_info    0x000000000000e4bc      0x814 /home/neu/Desktop/export-ta_arm64/lib/libutee.a(tee_system_pta.o)
 .debug_info    0x000000000000ecd0      0x9f4 /home/neu/Desktop/export-ta_arm64/lib/libutee.a(tcb.o)
 .debug_info    0x000000000000f6c4      0x1f6 /home/neu/Desktop/export-ta_arm64/lib/libutee.a(assert.o)
 .debug_info    0x000000000000f8ba      0x358 /home/neu/Desktop/export-ta_arm64/lib/libutee.a(base64.o)
 .debug_info    0x000000000000fc12     0x601f /home/neu/Desktop/export-ta_arm64/lib/libmbedtls.a(bignum.o)
 .debug_info    0x0000000000015c31     0x106a /home/neu/Desktop/export-ta_arm64/lib/libmbedtls.a(constant_time.o)
 .debug_info    0x0000000000016c9b      0x15b /home/neu/Desktop/export-ta_arm64/lib/libmbedtls.a(platform_util.o)
 .debug_info    0x0000000000016df6     0x274f /home/neu/Desktop/export-ta_arm64/lib/libutils.a(bget_malloc.o)
 .debug_info    0x0000000000019545      0x2b5 /home/neu/Desktop/export-ta_arm64/lib/libutils.a(snprintf.o)
 .debug_info    0x00000000000197fa      0x103 /home/neu/Desktop/export-ta_arm64/lib/libutils.a(memmove.o)
 .debug_info    0x00000000000198fd       0xd6 /home/neu/Desktop/export-ta_arm64/lib/libutils.a(memset.o)
 .debug_info    0x00000000000199d3       0xb7 /home/neu/Desktop/export-ta_arm64/lib/libutils.a(strcmp.o)
 .debug_info    0x0000000000019a8a      0x12b /home/neu/Desktop/export-ta_arm64/lib/libutils.a(strlcpy.o)
 .debug_info    0x0000000000019bb5      0x6dc /home/neu/Desktop/export-ta_arm64/lib/libutils.a(mempool.o)
 .debug_info    0x000000000001a291      0x13b /home/neu/Desktop/export-ta_arm64/lib/libutils.a(consttime_memcmp.o)

.debug_abbrev   0x0000000000000000     0x4287
 .debug_abbrev  0x0000000000000000      0x20d ./hello_world_ta.o
 .debug_abbrev  0x000000000000020d      0x224 ./user_ta_header.o
 .debug_abbrev  0x0000000000000431      0x282 /home/neu/Desktop/export-ta_arm64/lib/libutils.a(trace.o)
 .debug_abbrev  0x00000000000006b3       0xc5 /home/neu/Desktop/export-ta_arm64/lib/libutils.a(stack_check.o)
 .debug_abbrev  0x0000000000000778       0xb8 /home/neu/Desktop/export-ta_arm64/lib/libutils.a(memcpy.o)
 .debug_abbrev  0x0000000000000830      0x2db /home/neu/Desktop/export-ta_arm64/lib/libutils.a(snprintk.o)
 .debug_abbrev  0x0000000000000b0b       0xb2 /home/neu/Desktop/export-ta_arm64/lib/libutils.a(memchr.o)
 .debug_abbrev  0x0000000000000bbd       0x87 /home/neu/Desktop/export-ta_arm64/lib/libutils.a(strlen.o)
 .debug_abbrev  0x0000000000000c44      0x1b5 /home/neu/Desktop/export-ta_arm64/lib/libutee.a(trace_ext.o)
 .debug_abbrev  0x0000000000000df9      0x51d /home/neu/Desktop/export-ta_arm64/lib/libutee.a(user_ta_entry.o)
 .debug_abbrev  0x0000000000001316      0x1c4 /home/neu/Desktop/export-ta_arm64/lib/libutee.a(user_ta_entry_compat.o)
 .debug_abbrev  0x00000000000014da       0x12 /home/neu/Desktop/export-ta_arm64/lib/libutee.a(utee_syscalls_a64.o)
 .debug_abbrev  0x00000000000014ec       0xdd /home/neu/Desktop/export-ta_arm64/lib/libutee.a(abort.o)
 .debug_abbrev  0x00000000000015c9      0x4e6 /home/neu/Desktop/export-ta_arm64/lib/libutee.a(tee_api.o)
 .debug_abbrev  0x0000000000001aaf      0x4f2 /home/neu/Desktop/export-ta_arm64/lib/libutee.a(tee_api_arith_mpi.o)
 .debug_abbrev  0x0000000000001fa1      0x1f9 /home/neu/Desktop/export-ta_arm64/lib/libutee.a(tee_api_panic.o)
 .debug_abbrev  0x000000000000219a      0x328 /home/neu/Desktop/export-ta_arm64/lib/libutee.a(tee_api_property.o)
 .debug_abbrev  0x00000000000024c2      0x284 /home/neu/Desktop/export-ta_arm64/lib/libutee.a(tee_system_pta.o)
 .debug_abbrev  0x0000000000002746      0x2d5 /home/neu/Desktop/export-ta_arm64/lib/libutee.a(tcb.o)
 .debug_abbrev  0x0000000000002a1b       0xef /home/neu/Desktop/export-ta_arm64/lib/libutee.a(assert.o)
 .debug_abbrev  0x0000000000002b0a      0x1a3 /home/neu/Desktop/export-ta_arm64/lib/libutee.a(base64.o)
 .debug_abbrev  0x0000000000002cad      0x5ab /home/neu/Desktop/export-ta_arm64/lib/libmbedtls.a(bignum.o)
 .debug_abbrev  0x0000000000003258      0x38f /home/neu/Desktop/export-ta_arm64/lib/libmbedtls.a(constant_time.o)
 .debug_abbrev  0x00000000000035e7       0xdf /home/neu/Desktop/export-ta_arm64/lib/libmbedtls.a(platform_util.o)
 .debug_abbrev  0x00000000000036c6      0x4c1 /home/neu/Desktop/export-ta_arm64/lib/libutils.a(bget_malloc.o)
 .debug_abbrev  0x0000000000003b87      0x16c /home/neu/Desktop/export-ta_arm64/lib/libutils.a(snprintf.o)
 .debug_abbrev  0x0000000000003cf3       0xa4 /home/neu/Desktop/export-ta_arm64/lib/libutils.a(memmove.o)
 .debug_abbrev  0x0000000000003d97       0xa3 /home/neu/Desktop/export-ta_arm64/lib/libutils.a(memset.o)
 .debug_abbrev  0x0000000000003e3a       0x6f /home/neu/Desktop/export-ta_arm64/lib/libutils.a(strcmp.o)
 .debug_abbrev  0x0000000000003ea9       0xa3 /home/neu/Desktop/export-ta_arm64/lib/libutils.a(strlcpy.o)
 .debug_abbrev  0x0000000000003f4c      0x27b /home/neu/Desktop/export-ta_arm64/lib/libutils.a(mempool.o)
 .debug_abbrev  0x00000000000041c7       0xc0 /home/neu/Desktop/export-ta_arm64/lib/libutils.a(consttime_memcmp.o)

.debug_loc      0x0000000000000000    0x24815
 .debug_loc     0x0000000000000000      0x4e5 ./hello_world_ta.o
 .debug_loc     0x00000000000004e5      0x2dd ./user_ta_header.o
 .debug_loc     0x00000000000007c2      0x71a /home/neu/Desktop/export-ta_arm64/lib/libutils.a(trace.o)
 .debug_loc     0x0000000000000edc      0x679 /home/neu/Desktop/export-ta_arm64/lib/libutils.a(memcpy.o)
 .debug_loc     0x0000000000001555     0x2ba0 /home/neu/Desktop/export-ta_arm64/lib/libutils.a(snprintk.o)
 .debug_loc     0x00000000000040f5      0x130 /home/neu/Desktop/export-ta_arm64/lib/libutils.a(memchr.o)
 .debug_loc     0x0000000000004225       0x8c /home/neu/Desktop/export-ta_arm64/lib/libutils.a(strlen.o)
 .debug_loc     0x00000000000042b1      0x1c4 /home/neu/Desktop/export-ta_arm64/lib/libutee.a(trace_ext.o)
 .debug_loc     0x0000000000004475     0x1007 /home/neu/Desktop/export-ta_arm64/lib/libutee.a(user_ta_entry.o)
 .debug_loc     0x000000000000547c      0x4ec /home/neu/Desktop/export-ta_arm64/lib/libutee.a(user_ta_entry_compat.o)
 .debug_loc     0x0000000000005968     0x2fb7 /home/neu/Desktop/export-ta_arm64/lib/libutee.a(tee_api.o)
 .debug_loc     0x000000000000891f     0x54b4 /home/neu/Desktop/export-ta_arm64/lib/libutee.a(tee_api_arith_mpi.o)
 .debug_loc     0x000000000000ddd3      0xec2 /home/neu/Desktop/export-ta_arm64/lib/libutee.a(tee_api_panic.o)
 .debug_loc     0x000000000000ec95     0x1c6d /home/neu/Desktop/export-ta_arm64/lib/libutee.a(tee_api_property.o)
 .debug_loc     0x0000000000010902      0x75c /home/neu/Desktop/export-ta_arm64/lib/libutee.a(tee_system_pta.o)
 .debug_loc     0x000000000001105e      0x72e /home/neu/Desktop/export-ta_arm64/lib/libutee.a(tcb.o)
 .debug_loc     0x000000000001178c      0x149 /home/neu/Desktop/export-ta_arm64/lib/libutee.a(assert.o)
 .debug_loc     0x00000000000118d5      0x78d /home/neu/Desktop/export-ta_arm64/lib/libutee.a(base64.o)
 .debug_loc     0x0000000000012062     0xab8e /home/neu/Desktop/export-ta_arm64/lib/libmbedtls.a(bignum.o)
 .debug_loc     0x000000000001cbf0     0x206d /home/neu/Desktop/export-ta_arm64/lib/libmbedtls.a(constant_time.o)
 .debug_loc     0x000000000001ec5d       0xb9 /home/neu/Desktop/export-ta_arm64/lib/libmbedtls.a(platform_util.o)
 .debug_loc     0x000000000001ed16     0x477f /home/neu/Desktop/export-ta_arm64/lib/libutils.a(bget_malloc.o)
 .debug_loc     0x0000000000023495      0x226 /home/neu/Desktop/export-ta_arm64/lib/libutils.a(snprintf.o)
 .debug_loc     0x00000000000236bb      0x377 /home/neu/Desktop/export-ta_arm64/lib/libutils.a(memmove.o)
 .debug_loc     0x0000000000023a32       0xe9 /home/neu/Desktop/export-ta_arm64/lib/libutils.a(memset.o)
 .debug_loc     0x0000000000023b1b       0xb6 /home/neu/Desktop/export-ta_arm64/lib/libutils.a(strcmp.o)
 .debug_loc     0x0000000000023bd1      0x30f /home/neu/Desktop/export-ta_arm64/lib/libutils.a(strlcpy.o)
 .debug_loc     0x0000000000023ee0      0x712 /home/neu/Desktop/export-ta_arm64/lib/libutils.a(mempool.o)
 .debug_loc     0x00000000000245f2      0x223 /home/neu/Desktop/export-ta_arm64/lib/libutils.a(consttime_memcmp.o)

.debug_aranges  0x0000000000000000      0x980
 .debug_aranges
                0x0000000000000000       0x30 ./hello_world_ta.o
 .debug_aranges
                0x0000000000000030       0x30 ./user_ta_header.o
 .debug_aranges
                0x0000000000000060       0x30 /home/neu/Desktop/export-ta_arm64/lib/libutils.a(trace.o)
 .debug_aranges
                0x0000000000000090       0x30 /home/neu/Desktop/export-ta_arm64/lib/libutils.a(stack_check.o)
 .debug_aranges
                0x00000000000000c0       0x30 /home/neu/Desktop/export-ta_arm64/lib/libutils.a(memcpy.o)
 .debug_aranges
                0x00000000000000f0       0x30 /home/neu/Desktop/export-ta_arm64/lib/libutils.a(snprintk.o)
 .debug_aranges
                0x0000000000000120       0x30 /home/neu/Desktop/export-ta_arm64/lib/libutils.a(memchr.o)
 .debug_aranges
                0x0000000000000150       0x30 /home/neu/Desktop/export-ta_arm64/lib/libutils.a(strlen.o)
 .debug_aranges
                0x0000000000000180       0x30 /home/neu/Desktop/export-ta_arm64/lib/libutee.a(trace_ext.o)
 .debug_aranges
                0x00000000000001b0       0x30 /home/neu/Desktop/export-ta_arm64/lib/libutee.a(user_ta_entry.o)
 .debug_aranges
                0x00000000000001e0       0x30 /home/neu/Desktop/export-ta_arm64/lib/libutee.a(user_ta_entry_compat.o)
 .debug_aranges
                0x0000000000000210      0x3b0 /home/neu/Desktop/export-ta_arm64/lib/libutee.a(utee_syscalls_a64.o)
 .debug_aranges
                0x00000000000005c0       0x30 /home/neu/Desktop/export-ta_arm64/lib/libutee.a(abort.o)
 .debug_aranges
                0x00000000000005f0       0x30 /home/neu/Desktop/export-ta_arm64/lib/libutee.a(tee_api.o)
 .debug_aranges
                0x0000000000000620       0x30 /home/neu/Desktop/export-ta_arm64/lib/libutee.a(tee_api_arith_mpi.o)
 .debug_aranges
                0x0000000000000650       0x30 /home/neu/Desktop/export-ta_arm64/lib/libutee.a(tee_api_panic.o)
 .debug_aranges
                0x0000000000000680       0x30 /home/neu/Desktop/export-ta_arm64/lib/libutee.a(tee_api_property.o)
 .debug_aranges
                0x00000000000006b0       0x30 /home/neu/Desktop/export-ta_arm64/lib/libutee.a(tee_system_pta.o)
 .debug_aranges
                0x00000000000006e0       0x30 /home/neu/Desktop/export-ta_arm64/lib/libutee.a(tcb.o)
 .debug_aranges
                0x0000000000000710       0x30 /home/neu/Desktop/export-ta_arm64/lib/libutee.a(assert.o)
 .debug_aranges
                0x0000000000000740       0x30 /home/neu/Desktop/export-ta_arm64/lib/libutee.a(base64.o)
 .debug_aranges
                0x0000000000000770       0x30 /home/neu/Desktop/export-ta_arm64/lib/libmbedtls.a(bignum.o)
 .debug_aranges
                0x00000000000007a0       0x30 /home/neu/Desktop/export-ta_arm64/lib/libmbedtls.a(constant_time.o)
 .debug_aranges
                0x00000000000007d0       0x30 /home/neu/Desktop/export-ta_arm64/lib/libmbedtls.a(platform_util.o)
 .debug_aranges
                0x0000000000000800       0x30 /home/neu/Desktop/export-ta_arm64/lib/libutils.a(bget_malloc.o)
 .debug_aranges
                0x0000000000000830       0x30 /home/neu/Desktop/export-ta_arm64/lib/libutils.a(snprintf.o)
 .debug_aranges
                0x0000000000000860       0x30 /home/neu/Desktop/export-ta_arm64/lib/libutils.a(memmove.o)
 .debug_aranges
                0x0000000000000890       0x30 /home/neu/Desktop/export-ta_arm64/lib/libutils.a(memset.o)
 .debug_aranges
                0x00000000000008c0       0x30 /home/neu/Desktop/export-ta_arm64/lib/libutils.a(strcmp.o)
 .debug_aranges
                0x00000000000008f0       0x30 /home/neu/Desktop/export-ta_arm64/lib/libutils.a(strlcpy.o)
 .debug_aranges
                0x0000000000000920       0x30 /home/neu/Desktop/export-ta_arm64/lib/libutils.a(mempool.o)
 .debug_aranges
                0x0000000000000950       0x30 /home/neu/Desktop/export-ta_arm64/lib/libutils.a(consttime_memcmp.o)

.debug_ranges   0x0000000000000000     0x1d60
 .debug_ranges  0x0000000000000000       0x30 ./hello_world_ta.o
 .debug_ranges  0x0000000000000030       0x20 ./user_ta_header.o
 .debug_ranges  0x0000000000000050       0x70 /home/neu/Desktop/export-ta_arm64/lib/libutils.a(trace.o)
 .debug_ranges  0x00000000000000c0       0x30 /home/neu/Desktop/export-ta_arm64/lib/libutils.a(snprintk.o)
 .debug_ranges  0x00000000000000f0      0x1b0 /home/neu/Desktop/export-ta_arm64/lib/libutee.a(user_ta_entry.o)
 .debug_ranges  0x00000000000002a0      0x3b0 /home/neu/Desktop/export-ta_arm64/lib/libutee.a(utee_syscalls_a64.o)
 .debug_ranges  0x0000000000000650       0x20 /home/neu/Desktop/export-ta_arm64/lib/libutee.a(abort.o)
 .debug_ranges  0x0000000000000670      0x200 /home/neu/Desktop/export-ta_arm64/lib/libutee.a(tee_api.o)
 .debug_ranges  0x0000000000000870      0x5d0 /home/neu/Desktop/export-ta_arm64/lib/libutee.a(tee_api_arith_mpi.o)
 .debug_ranges  0x0000000000000e40      0x130 /home/neu/Desktop/export-ta_arm64/lib/libutee.a(tee_api_panic.o)
 .debug_ranges  0x0000000000000f70       0x70 /home/neu/Desktop/export-ta_arm64/lib/libutee.a(tee_api_property.o)
 .debug_ranges  0x0000000000000fe0       0x30 /home/neu/Desktop/export-ta_arm64/lib/libutee.a(tee_system_pta.o)
 .debug_ranges  0x0000000000001010       0xb0 /home/neu/Desktop/export-ta_arm64/lib/libutee.a(base64.o)
 .debug_ranges  0x00000000000010c0      0x410 /home/neu/Desktop/export-ta_arm64/lib/libmbedtls.a(bignum.o)
 .debug_ranges  0x00000000000014d0      0x220 /home/neu/Desktop/export-ta_arm64/lib/libmbedtls.a(constant_time.o)
 .debug_ranges  0x00000000000016f0      0x5e0 /home/neu/Desktop/export-ta_arm64/lib/libutils.a(bget_malloc.o)
 .debug_ranges  0x0000000000001cd0       0x90 /home/neu/Desktop/export-ta_arm64/lib/libutils.a(mempool.o)

.debug_macro    0x0000000000000000    0x19052
 .debug_macro   0x0000000000000000       0xd9 ./hello_world_ta.o
 .debug_macro   0x00000000000000d9      0x9b2 ./hello_world_ta.o
 .debug_macro   0x0000000000000a8b      0x112 ./hello_world_ta.o
 .debug_macro   0x0000000000000b9d      0x174 ./hello_world_ta.o
 .debug_macro   0x0000000000000d11      0xceb ./hello_world_ta.o
 .debug_macro   0x00000000000019fc       0x7c ./hello_world_ta.o
 .debug_macro   0x0000000000001a78      0x1a0 ./hello_world_ta.o
 .debug_macro   0x0000000000001c18       0xc4 ./hello_world_ta.o
 .debug_macro   0x0000000000001cdc       0x22 ./hello_world_ta.o
 .debug_macro   0x0000000000001cfe       0x35 ./hello_world_ta.o
 .debug_macro   0x0000000000001d33       0x58 ./hello_world_ta.o
 .debug_macro   0x0000000000001d8b       0x34 ./hello_world_ta.o
 .debug_macro   0x0000000000001dbf       0x79 ./hello_world_ta.o
 .debug_macro   0x0000000000001e38      0x184 ./hello_world_ta.o
 .debug_macro   0x0000000000001fbc       0xfd ./hello_world_ta.o
 .debug_macro   0x00000000000020b9       0x1c ./hello_world_ta.o
 .debug_macro   0x00000000000020d5      0x194 ./user_ta_header.o
 .debug_macro   0x0000000000002269      0x9b2 ./user_ta_header.o
 .debug_macro   0x0000000000002c1b       0x2e ./user_ta_header.o
 .debug_macro   0x0000000000002c49       0x2e ./user_ta_header.o
 .debug_macro   0x0000000000002c77       0x33 ./user_ta_header.o
 .debug_macro   0x0000000000002caa       0xf0 ./user_ta_header.o
 .debug_macro   0x0000000000002d9a       0x88 ./user_ta_header.o
 .debug_macro   0x0000000000002e22       0x2e ./user_ta_header.o
 .debug_macro   0x0000000000002e50       0xd6 /home/neu/Desktop/export-ta_arm64/lib/libutils.a(trace.o)
 .debug_macro   0x0000000000002f26      0x95e /home/neu/Desktop/export-ta_arm64/lib/libutils.a(trace.o)
 .debug_macro   0x0000000000003884      0x5ad /home/neu/Desktop/export-ta_arm64/lib/libutils.a(trace.o)
 .debug_macro   0x0000000000003e31       0x16 /home/neu/Desktop/export-ta_arm64/lib/libutils.a(trace.o)
 .debug_macro   0x0000000000003e47       0x79 /home/neu/Desktop/export-ta_arm64/lib/libutils.a(trace.o)
 .debug_macro   0x0000000000003ec0       0xea /home/neu/Desktop/export-ta_arm64/lib/libutils.a(trace.o)
 .debug_macro   0x0000000000003faa       0xb5 /home/neu/Desktop/export-ta_arm64/lib/libutils.a(stack_check.o)
 .debug_macro   0x000000000000405f      0x95e /home/neu/Desktop/export-ta_arm64/lib/libutils.a(stack_check.o)
 .debug_macro   0x00000000000049bd      0xcf1 /home/neu/Desktop/export-ta_arm64/lib/libutils.a(stack_check.o)
 .debug_macro   0x00000000000056ae       0x57 /home/neu/Desktop/export-ta_arm64/lib/libutils.a(memcpy.o)
 .debug_macro   0x0000000000005705      0x958 /home/neu/Desktop/export-ta_arm64/lib/libutils.a(memcpy.o)
 .debug_macro   0x000000000000605d       0x7c /home/neu/Desktop/export-ta_arm64/lib/libutils.a(memcpy.o)
 .debug_macro   0x00000000000060d9      0x13d /home/neu/Desktop/export-ta_arm64/lib/libutils.a(snprintk.o)
 .debug_macro   0x0000000000006216      0x95e /home/neu/Desktop/export-ta_arm64/lib/libutils.a(snprintk.o)
 .debug_macro   0x0000000000006b74       0x66 /home/neu/Desktop/export-ta_arm64/lib/libutils.a(memchr.o)
 .debug_macro   0x0000000000006bda      0x95e /home/neu/Desktop/export-ta_arm64/lib/libutils.a(memchr.o)
 .debug_macro   0x0000000000007538       0x5a /home/neu/Desktop/export-ta_arm64/lib/libutils.a(strlen.o)
 .debug_macro   0x0000000000007592      0x95e /home/neu/Desktop/export-ta_arm64/lib/libutils.a(strlen.o)
 .debug_macro   0x0000000000007ef0       0xf1 /home/neu/Desktop/export-ta_arm64/lib/libutee.a(trace_ext.o)
 .debug_macro   0x0000000000007fe1      0x95e /home/neu/Desktop/export-ta_arm64/lib/libutee.a(trace_ext.o)
 .debug_macro   0x000000000000893f      0x20b /home/neu/Desktop/export-ta_arm64/lib/libutee.a(user_ta_entry.o)
 .debug_macro   0x0000000000008b4a      0x95e /home/neu/Desktop/export-ta_arm64/lib/libutee.a(user_ta_entry.o)
 .debug_macro   0x00000000000094a8     0x1609 /home/neu/Desktop/export-ta_arm64/lib/libutee.a(user_ta_entry.o)
 .debug_macro   0x000000000000aab1       0x5f /home/neu/Desktop/export-ta_arm64/lib/libutee.a(user_ta_entry.o)
 .debug_macro   0x000000000000ab10       0x16 /home/neu/Desktop/export-ta_arm64/lib/libutee.a(user_ta_entry.o)
 .debug_macro   0x000000000000ab26       0x1c /home/neu/Desktop/export-ta_arm64/lib/libutee.a(user_ta_entry.o)
 .debug_macro   0x000000000000ab42      0x2e9 /home/neu/Desktop/export-ta_arm64/lib/libutee.a(user_ta_entry.o)
 .debug_macro   0x000000000000ae2b       0x34 /home/neu/Desktop/export-ta_arm64/lib/libutee.a(user_ta_entry.o)
 .debug_macro   0x000000000000ae5f       0x8e /home/neu/Desktop/export-ta_arm64/lib/libutee.a(user_ta_entry.o)
 .debug_macro   0x000000000000aeed       0xb3 /home/neu/Desktop/export-ta_arm64/lib/libutee.a(user_ta_entry_compat.o)
 .debug_macro   0x000000000000afa0      0x95e /home/neu/Desktop/export-ta_arm64/lib/libutee.a(user_ta_entry_compat.o)
 .debug_macro   0x000000000000b8fe      0x139 /home/neu/Desktop/export-ta_arm64/lib/libutee.a(abort.o)
 .debug_macro   0x000000000000ba37      0x95e /home/neu/Desktop/export-ta_arm64/lib/libutee.a(abort.o)
 .debug_macro   0x000000000000c395      0x1a5 /home/neu/Desktop/export-ta_arm64/lib/libutee.a(tee_api.o)
 .debug_macro   0x000000000000c53a      0x95e /home/neu/Desktop/export-ta_arm64/lib/libutee.a(tee_api.o)
 .debug_macro   0x000000000000ce98      0x1cb /home/neu/Desktop/export-ta_arm64/lib/libutee.a(tee_api_arith_mpi.o)
 .debug_macro   0x000000000000d063      0x95e /home/neu/Desktop/export-ta_arm64/lib/libutee.a(tee_api_arith_mpi.o)
 .debug_macro   0x000000000000d9c1      0x142 /home/neu/Desktop/export-ta_arm64/lib/libutee.a(tee_api_arith_mpi.o)
 .debug_macro   0x000000000000db03       0x12 /home/neu/Desktop/export-ta_arm64/lib/libutee.a(tee_api_arith_mpi.o)
 .debug_macro   0x000000000000db15       0x79 /home/neu/Desktop/export-ta_arm64/lib/libutee.a(tee_api_arith_mpi.o)
 .debug_macro   0x000000000000db8e      0x21c /home/neu/Desktop/export-ta_arm64/lib/libutee.a(tee_api_arith_mpi.o)
 .debug_macro   0x000000000000ddaa      0x124 /home/neu/Desktop/export-ta_arm64/lib/libutee.a(tee_api_panic.o)
 .debug_macro   0x000000000000dece      0x95e /home/neu/Desktop/export-ta_arm64/lib/libutee.a(tee_api_panic.o)
 .debug_macro   0x000000000000e82c      0x1f3 /home/neu/Desktop/export-ta_arm64/lib/libutee.a(tee_api_property.o)
 .debug_macro   0x000000000000ea1f      0x95e /home/neu/Desktop/export-ta_arm64/lib/libutee.a(tee_api_property.o)
 .debug_macro   0x000000000000f37d       0x3a /home/neu/Desktop/export-ta_arm64/lib/libutee.a(tee_api_property.o)
 .debug_macro   0x000000000000f3b7      0x13a /home/neu/Desktop/export-ta_arm64/lib/libutee.a(tee_system_pta.o)
 .debug_macro   0x000000000000f4f1      0x95e /home/neu/Desktop/export-ta_arm64/lib/libutee.a(tee_system_pta.o)
 .debug_macro   0x000000000000fe4f       0x89 /home/neu/Desktop/export-ta_arm64/lib/libutee.a(tee_system_pta.o)
 .debug_macro   0x000000000000fed8      0x189 /home/neu/Desktop/export-ta_arm64/lib/libutee.a(tcb.o)
 .debug_macro   0x0000000000010061      0x95e /home/neu/Desktop/export-ta_arm64/lib/libutee.a(tcb.o)
 .debug_macro   0x00000000000109bf       0x10 /home/neu/Desktop/export-ta_arm64/lib/libutee.a(tcb.o)
 .debug_macro   0x00000000000109cf      0x105 /home/neu/Desktop/export-ta_arm64/lib/libutee.a(assert.o)
 .debug_macro   0x0000000000010ad4      0x95e /home/neu/Desktop/export-ta_arm64/lib/libutee.a(assert.o)
 .debug_macro   0x0000000000011432       0x48 /home/neu/Desktop/export-ta_arm64/lib/libutee.a(base64.o)
 .debug_macro   0x000000000001147a      0x95e /home/neu/Desktop/export-ta_arm64/lib/libutee.a(base64.o)
 .debug_macro   0x0000000000011dd8      0x1d4 /home/neu/Desktop/export-ta_arm64/lib/libmbedtls.a(bignum.o)
 .debug_macro   0x0000000000011fac      0x95e /home/neu/Desktop/export-ta_arm64/lib/libmbedtls.a(bignum.o)
 .debug_macro   0x000000000001290a       0x8b /home/neu/Desktop/export-ta_arm64/lib/libmbedtls.a(bignum.o)
 .debug_macro   0x0000000000012995       0x2b /home/neu/Desktop/export-ta_arm64/lib/libmbedtls.a(bignum.o)
 .debug_macro   0x00000000000129c0       0x41 /home/neu/Desktop/export-ta_arm64/lib/libmbedtls.a(bignum.o)
 .debug_macro   0x0000000000012a01       0x17 /home/neu/Desktop/export-ta_arm64/lib/libmbedtls.a(bignum.o)
 .debug_macro   0x0000000000012a18       0x10 /home/neu/Desktop/export-ta_arm64/lib/libmbedtls.a(bignum.o)
 .debug_macro   0x0000000000012a28      0x113 /home/neu/Desktop/export-ta_arm64/lib/libmbedtls.a(constant_time.o)
 .debug_macro   0x0000000000012b3b      0x95e /home/neu/Desktop/export-ta_arm64/lib/libmbedtls.a(constant_time.o)
 .debug_macro   0x0000000000013499       0x3c /home/neu/Desktop/export-ta_arm64/lib/libmbedtls.a(constant_time.o)
 .debug_macro   0x00000000000134d5       0x70 /home/neu/Desktop/export-ta_arm64/lib/libmbedtls.a(constant_time.o)
 .debug_macro   0x0000000000013545      0x14d /home/neu/Desktop/export-ta_arm64/lib/libmbedtls.a(platform_util.o)
 .debug_macro   0x0000000000013692      0x95e /home/neu/Desktop/export-ta_arm64/lib/libmbedtls.a(platform_util.o)
 .debug_macro   0x0000000000013ff0       0x10 /home/neu/Desktop/export-ta_arm64/lib/libmbedtls.a(platform_util.o)
 .debug_macro   0x0000000000014000       0x7f /home/neu/Desktop/export-ta_arm64/lib/libmbedtls.a(platform_util.o)
 .debug_macro   0x000000000001407f       0x16 /home/neu/Desktop/export-ta_arm64/lib/libmbedtls.a(platform_util.o)
 .debug_macro   0x0000000000014095      0x174 /home/neu/Desktop/export-ta_arm64/lib/libutils.a(bget_malloc.o)
 .debug_macro   0x0000000000014209      0x95e /home/neu/Desktop/export-ta_arm64/lib/libutils.a(bget_malloc.o)
 .debug_macro   0x0000000000014b67       0x10 /home/neu/Desktop/export-ta_arm64/lib/libutils.a(bget_malloc.o)
 .debug_macro   0x0000000000014b77       0x3c /home/neu/Desktop/export-ta_arm64/lib/libutils.a(bget_malloc.o)
 .debug_macro   0x0000000000014bb3       0x4d /home/neu/Desktop/export-ta_arm64/lib/libutils.a(snprintf.o)
 .debug_macro   0x0000000000014c00      0x95e /home/neu/Desktop/export-ta_arm64/lib/libutils.a(snprintf.o)
 .debug_macro   0x000000000001555e       0x64 /home/neu/Desktop/export-ta_arm64/lib/libutils.a(memmove.o)
 .debug_macro   0x00000000000155c2      0x95e /home/neu/Desktop/export-ta_arm64/lib/libutils.a(memmove.o)
 .debug_macro   0x0000000000015f20       0x51 /home/neu/Desktop/export-ta_arm64/lib/libutils.a(memset.o)
 .debug_macro   0x0000000000015f71      0x95e /home/neu/Desktop/export-ta_arm64/lib/libutils.a(memset.o)
 .debug_macro   0x00000000000168cf       0x54 /home/neu/Desktop/export-ta_arm64/lib/libutils.a(strcmp.o)
 .debug_macro   0x0000000000016923      0x95e /home/neu/Desktop/export-ta_arm64/lib/libutils.a(strcmp.o)
 .debug_macro   0x0000000000017281       0x8b /home/neu/Desktop/export-ta_arm64/lib/libutils.a(strlcpy.o)
 .debug_macro   0x000000000001730c      0x95e /home/neu/Desktop/export-ta_arm64/lib/libutils.a(strlcpy.o)
 .debug_macro   0x0000000000017c6a       0xed /home/neu/Desktop/export-ta_arm64/lib/libutils.a(mempool.o)
 .debug_macro   0x0000000000017d57      0x95e /home/neu/Desktop/export-ta_arm64/lib/libutils.a(mempool.o)
 .debug_macro   0x00000000000186b5       0x3f /home/neu/Desktop/export-ta_arm64/lib/libutils.a(consttime_memcmp.o)
 .debug_macro   0x00000000000186f4      0x95e /home/neu/Desktop/export-ta_arm64/lib/libutils.a(consttime_memcmp.o)

.debug_line     0x0000000000000000     0xeff1
 .debug_line    0x0000000000000000      0x2c0 ./hello_world_ta.o
 .debug_line    0x00000000000002c0      0x2e9 ./user_ta_header.o
 .debug_line    0x00000000000005a9      0x3f8 /home/neu/Desktop/export-ta_arm64/lib/libutils.a(trace.o)
 .debug_line    0x00000000000009a1      0x23b /home/neu/Desktop/export-ta_arm64/lib/libutils.a(stack_check.o)
 .debug_line    0x0000000000000bdc      0x23b /home/neu/Desktop/export-ta_arm64/lib/libutils.a(memcpy.o)
 .debug_line    0x0000000000000e17      0x960 /home/neu/Desktop/export-ta_arm64/lib/libutils.a(snprintk.o)
 .debug_line    0x0000000000001777      0x1aa /home/neu/Desktop/export-ta_arm64/lib/libutils.a(memchr.o)
 .debug_line    0x0000000000001921      0x19b /home/neu/Desktop/export-ta_arm64/lib/libutils.a(strlen.o)
 .debug_line    0x0000000000001abc      0x336 /home/neu/Desktop/export-ta_arm64/lib/libutee.a(trace_ext.o)
 .debug_line    0x0000000000001df2      0xa6e /home/neu/Desktop/export-ta_arm64/lib/libutee.a(user_ta_entry.o)
 .debug_line    0x0000000000002860      0x365 /home/neu/Desktop/export-ta_arm64/lib/libutee.a(user_ta_entry_compat.o)
 .debug_line    0x0000000000002bc5      0x53c /home/neu/Desktop/export-ta_arm64/lib/libutee.a(utee_syscalls_a64.o)
 .debug_line    0x0000000000003101      0x2ad /home/neu/Desktop/export-ta_arm64/lib/libutee.a(abort.o)
 .debug_line    0x00000000000033ae      0xfd2 /home/neu/Desktop/export-ta_arm64/lib/libutee.a(tee_api.o)
 .debug_line    0x0000000000004380     0x1c0e /home/neu/Desktop/export-ta_arm64/lib/libutee.a(tee_api_arith_mpi.o)
 .debug_line    0x0000000000005f8e      0x4a1 /home/neu/Desktop/export-ta_arm64/lib/libutee.a(tee_api_panic.o)
 .debug_line    0x000000000000642f      0xc0f /home/neu/Desktop/export-ta_arm64/lib/libutee.a(tee_api_property.o)
 .debug_line    0x000000000000703e      0x49f /home/neu/Desktop/export-ta_arm64/lib/libutee.a(tee_system_pta.o)
 .debug_line    0x00000000000074dd      0x5a6 /home/neu/Desktop/export-ta_arm64/lib/libutee.a(tcb.o)
 .debug_line    0x0000000000007a83      0x2c9 /home/neu/Desktop/export-ta_arm64/lib/libutee.a(assert.o)
 .debug_line    0x0000000000007d4c      0x432 /home/neu/Desktop/export-ta_arm64/lib/libutee.a(base64.o)
 .debug_line    0x000000000000817e     0x4214 /home/neu/Desktop/export-ta_arm64/lib/libmbedtls.a(bignum.o)
 .debug_line    0x000000000000c392      0xc50 /home/neu/Desktop/export-ta_arm64/lib/libmbedtls.a(constant_time.o)
 .debug_line    0x000000000000cfe2      0x2de /home/neu/Desktop/export-ta_arm64/lib/libmbedtls.a(platform_util.o)
 .debug_line    0x000000000000d2c0      0xe8d /home/neu/Desktop/export-ta_arm64/lib/libutils.a(bget_malloc.o)
 .debug_line    0x000000000000e14d      0x1cf /home/neu/Desktop/export-ta_arm64/lib/libutils.a(snprintf.o)
 .debug_line    0x000000000000e31c      0x1d0 /home/neu/Desktop/export-ta_arm64/lib/libutils.a(memmove.o)
 .debug_line    0x000000000000e4ec      0x18c /home/neu/Desktop/export-ta_arm64/lib/libutils.a(memset.o)
 .debug_line    0x000000000000e678      0x1a0 /home/neu/Desktop/export-ta_arm64/lib/libutils.a(strcmp.o)
 .debug_line    0x000000000000e818      0x238 /home/neu/Desktop/export-ta_arm64/lib/libutils.a(strlcpy.o)
 .debug_line    0x000000000000ea50      0x35c /home/neu/Desktop/export-ta_arm64/lib/libutils.a(mempool.o)
 .debug_line    0x000000000000edac      0x245 /home/neu/Desktop/export-ta_arm64/lib/libutils.a(consttime_memcmp.o)

.debug_str      0x0000000000000000    0x1b4c0
 .debug_str     0x0000000000000000     0xa299 ./hello_world_ta.o
                                       0xa474 (size before relaxing)
 .debug_str     0x000000000000a299     0x14ff ./user_ta_header.o
                                       0xb904 (size before relaxing)
 .debug_str     0x000000000000b798     0x17d9 /home/neu/Desktop/export-ta_arm64/lib/libutils.a(trace.o)
                                       0x6797 (size before relaxing)
 .debug_str     0x000000000000cf71       0x9e /home/neu/Desktop/export-ta_arm64/lib/libutils.a(stack_check.o)
                                       0xa30e (size before relaxing)
 .debug_str     0x000000000000d00f      0x375 /home/neu/Desktop/export-ta_arm64/lib/libutils.a(memcpy.o)
                                       0x4798 (size before relaxing)
 .debug_str     0x000000000000d384      0x5bf /home/neu/Desktop/export-ta_arm64/lib/libutils.a(snprintk.o)
                                       0x5c3e (size before relaxing)
 .debug_str     0x000000000000d943      0x13e /home/neu/Desktop/export-ta_arm64/lib/libutils.a(memchr.o)
                                       0x497f (size before relaxing)
 .debug_str     0x000000000000da81       0x7a /home/neu/Desktop/export-ta_arm64/lib/libutils.a(strlen.o)
                                       0x491c (size before relaxing)
 .debug_str     0x000000000000dafb       0x60 /home/neu/Desktop/export-ta_arm64/lib/libutee.a(trace_ext.o)
                                       0xad61 (size before relaxing)
 .debug_str     0x000000000000db5b     0x79dc /home/neu/Desktop/export-ta_arm64/lib/libutee.a(user_ta_entry.o)
                                      0x1369d (size before relaxing)
 .debug_str     0x0000000000015537       0x7c /home/neu/Desktop/export-ta_arm64/lib/libutee.a(user_ta_entry_compat.o)
                                       0xa39c (size before relaxing)
 .debug_str     0x00000000000155b3       0x37 /home/neu/Desktop/export-ta_arm64/lib/libutee.a(utee_syscalls_a64.o)
                                         0x76 (size before relaxing)
 .debug_str     0x00000000000155ea       0x43 /home/neu/Desktop/export-ta_arm64/lib/libutee.a(abort.o)
                                       0xa52d (size before relaxing)
 .debug_str     0x000000000001562d      0x5a8 /home/neu/Desktop/export-ta_arm64/lib/libutee.a(tee_api.o)
                                       0xc2be (size before relaxing)
 .debug_str     0x0000000000015bd5     0x1d69 /home/neu/Desktop/export-ta_arm64/lib/libutee.a(tee_api_arith_mpi.o)
                                       0xd505 (size before relaxing)
 .debug_str     0x000000000001793e      0x233 /home/neu/Desktop/export-ta_arm64/lib/libutee.a(tee_api_panic.o)
                                       0xb090 (size before relaxing)
 .debug_str     0x0000000000017b71      0x499 /home/neu/Desktop/export-ta_arm64/lib/libutee.a(tee_api_property.o)
                                       0xc236 (size before relaxing)
 .debug_str     0x000000000001800a      0x359 /home/neu/Desktop/export-ta_arm64/lib/libutee.a(tee_system_pta.o)
                                       0xb868 (size before relaxing)
 .debug_str     0x0000000000018363      0x28e /home/neu/Desktop/export-ta_arm64/lib/libutee.a(tcb.o)
                                      0x12b04 (size before relaxing)
 .debug_str     0x00000000000185f1       0x3b /home/neu/Desktop/export-ta_arm64/lib/libutee.a(assert.o)
                                       0xaa8a (size before relaxing)
 .debug_str     0x000000000001862c       0x5a /home/neu/Desktop/export-ta_arm64/lib/libutee.a(base64.o)
                                       0x4caa (size before relaxing)
 .debug_str     0x0000000000018686     0x1ac4 /home/neu/Desktop/export-ta_arm64/lib/libmbedtls.a(bignum.o)
                                       0x89a7 (size before relaxing)
 .debug_str     0x000000000001a14a      0x63e /home/neu/Desktop/export-ta_arm64/lib/libmbedtls.a(constant_time.o)
                                       0x6ca4 (size before relaxing)
 .debug_str     0x000000000001a788      0x3f7 /home/neu/Desktop/export-ta_arm64/lib/libmbedtls.a(platform_util.o)
                                       0x72f7 (size before relaxing)
 .debug_str     0x000000000001ab7f      0x624 /home/neu/Desktop/export-ta_arm64/lib/libutils.a(bget_malloc.o)
                                       0x7205 (size before relaxing)
 .debug_str     0x000000000001b1a3       0x46 /home/neu/Desktop/export-ta_arm64/lib/libutils.a(snprintf.o)
                                       0x46e9 (size before relaxing)
 .debug_str     0x000000000001b1e9      0x10e /home/neu/Desktop/export-ta_arm64/lib/libutils.a(memmove.o)
                                       0x497e (size before relaxing)
 .debug_str     0x000000000001b2f7       0x50 /home/neu/Desktop/export-ta_arm64/lib/libutils.a(memset.o)
                                       0x4732 (size before relaxing)
 .debug_str     0x000000000001b347       0x50 /home/neu/Desktop/export-ta_arm64/lib/libutils.a(strcmp.o)
                                       0x491c (size before relaxing)
 .debug_str     0x000000000001b397       0x42 /home/neu/Desktop/export-ta_arm64/lib/libutils.a(strlcpy.o)
                                       0x4fc0 (size before relaxing)